Godot Engine v4.6.3.stable.official.7d41c59c4 - https://godotengine.org

godot-game: playable arena ready
ERROR: Space with binding 69 moves once
   at: push_error (core/variant/variant_utility.cpp:1024)
   GDScript backtrace (most recent call first):
       [0] check (res://tests/quick_dash_binding_test.gd:15)
       [1] accepted_dash (res://tests/quick_dash_binding_test.gd:32)
       [2] run (res://tests/quick_dash_binding_test.gd:53)
ERROR: Space with binding 69 pays once
   at: push_error (core/variant/variant_utility.cpp:1024)
   GDScript backtrace (most recent call first):
       [0] check (res://tests/quick_dash_binding_test.gd:15)
       [1] accepted_dash (res://tests/quick_dash_binding_test.gd:33)
       [2] run (res://tests/quick_dash_binding_test.gd:53)
ERROR: Space with binding 69 uses group/gem cooldown
   at: push_error (core/variant/variant_utility.cpp:1024)
   GDScript backtrace (most recent call first):
       [0] check (res://tests/quick_dash_binding_test.gd:15)
       [1] accepted_dash (res://tests/quick_dash_binding_test.gd:34)
       [2] run (res://tests/quick_dash_binding_test.gd:53)
ERROR: Bound key cannot bypass Space cooldown
   at: push_error (core/variant/variant_utility.cpp:1024)
   GDScript backtrace (most recent call first):
       [0] check (res://tests/quick_dash_binding_test.gd:15)
       [1] unchanged_key (res://tests/quick_dash_binding_test.gd:38)
       [2] run (res://tests/quick_dash_binding_test.gd:54)
ERROR: Space with binding 54 moves once
   at: push_error (core/variant/variant_utility.cpp:1024)
   GDScript backtrace (most recent call first):
       [0] check (res://tests/quick_dash_binding_test.gd:15)
       [1] accepted_dash (res://tests/quick_dash_binding_test.gd:32)
       [2] run (res://tests/quick_dash_binding_test.gd:53)
ERROR: Space with binding 54 pays once
   at: push_error (core/variant/variant_utility.cpp:1024)
   GDScript backtrace (most recent call first):
       [0] check (res://tests/quick_dash_binding_test.gd:15)
       [1] accepted_dash (res://tests/quick_dash_binding_test.gd:33)
       [2] run (res://tests/quick_dash_binding_test.gd:53)
ERROR: Space with binding 54 uses group/gem cooldown
   at: push_error (core/variant/variant_utility.cpp:1024)
   GDScript backtrace (most recent call first):
       [0] check (res://tests/quick_dash_binding_test.gd:15)
       [1] accepted_dash (res://tests/quick_dash_binding_test.gd:34)
       [2] run (res://tests/quick_dash_binding_test.gd:53)
ERROR: Bound key cannot bypass Space cooldown
   at: push_error (core/variant/variant_utility.cpp:1024)
   GDScript backtrace (most recent call first):
       [0] check (res://tests/quick_dash_binding_test.gd:15)
       [1] unchanged_key (res://tests/quick_dash_binding_test.gd:38)
       [2] run (res://tests/quick_dash_binding_test.gd:54)
ERROR: Space with binding 4194332 moves once
   at: push_error (core/variant/variant_utility.cpp:1024)
   GDScript backtrace (most recent call first):
       [0] check (res://tests/quick_dash_binding_test.gd:15)
       [1] accepted_dash (res://tests/quick_dash_binding_test.gd:32)
       [2] run (res://tests/quick_dash_binding_test.gd:53)
ERROR: Space with binding 4194332 pays once
   at: push_error (core/variant/variant_utility.cpp:1024)
   GDScript backtrace (most recent call first):
       [0] check (res://tests/quick_dash_binding_test.gd:15)
       [1] accepted_dash (res://tests/quick_dash_binding_test.gd:33)
       [2] run (res://tests/quick_dash_binding_test.gd:53)
ERROR: Space with binding 4194332 uses group/gem cooldown
   at: push_error (core/variant/variant_utility.cpp:1024)
   GDScript backtrace (most recent call first):
       [0] check (res://tests/quick_dash_binding_test.gd:15)
       [1] accepted_dash (res://tests/quick_dash_binding_test.gd:34)
       [2] run (res://tests/quick_dash_binding_test.gd:53)
ERROR: Bound key cannot bypass Space cooldown
   at: push_error (core/variant/variant_utility.cpp:1024)
   GDScript backtrace (most recent call first):
       [0] check (res://tests/quick_dash_binding_test.gd:15)
       [1] unchanged_key (res://tests/quick_dash_binding_test.gd:38)
       [2] run (res://tests/quick_dash_binding_test.gd:54)
ERROR: Unbound active dash moves once
   at: push_error (core/variant/variant_utility.cpp:1024)
   GDScript backtrace (most recent call first):
       [0] check (res://tests/quick_dash_binding_test.gd:15)
       [1] accepted_dash (res://tests/quick_dash_binding_test.gd:32)
       [2] run (res://tests/quick_dash_binding_test.gd:59)
ERROR: Unbound active dash pays once
   at: push_error (core/variant/variant_utility.cpp:1024)
   GDScript backtrace (most recent call first):
       [0] check (res://tests/quick_dash_binding_test.gd:15)
       [1] accepted_dash (res://tests/quick_dash_binding_test.gd:33)
       [2] run (res://tests/quick_dash_binding_test.gd:59)
ERROR: Unbound active dash uses group/gem cooldown
   at: push_error (core/variant/variant_utility.cpp:1024)
   GDScript backtrace (most recent call first):
       [0] check (res://tests/quick_dash_binding_test.gd:15)
       [1] accepted_dash (res://tests/quick_dash_binding_test.gd:34)
       [2] run (res://tests/quick_dash_binding_test.gd:59)
QUICK_DASH_BINDING checks=66 failures=15
