Godot Engine v4.6.3.stable.official.7d41c59c4 - https://godotengine.org

ERROR: Unable to open file: res://.godot/imported/parchment.png-3e8b1fb03ec27a0a66bca783c6e2911f.ctex.
   at: _load_data (scene/resources/compressed_texture.cpp:42)
ERROR: Failed loading resource: res://.godot/imported/parchment.png-3e8b1fb03ec27a0a66bca783c6e2911f.ctex.
   at: _load (core/io/resource_loader.cpp:343)
ERROR: Failed loading resource: res://assets/ui/grimoire/parchment.png.
   at: _load (core/io/resource_loader.cpp:343)
ERROR: Unable to open file: res://.godot/imported/leather.png-8a285063adf6fff539be4152121975de.ctex.
   at: _load_data (scene/resources/compressed_texture.cpp:42)
ERROR: Failed loading resource: res://.godot/imported/leather.png-8a285063adf6fff539be4152121975de.ctex.
   at: _load (core/io/resource_loader.cpp:343)
ERROR: Failed loading resource: res://assets/ui/grimoire/leather.png.
   at: _load (core/io/resource_loader.cpp:343)
SCRIPT ERROR: Parse Error: Could not preload resource file "res://assets/ui/grimoire/parchment.png".
          at: GDScript::reload (res://scripts/visuals/material_frame.gd:11)
SCRIPT ERROR: Parse Error: Could not preload resource file "res://assets/ui/grimoire/leather.png".
          at: GDScript::reload (res://scripts/visuals/material_frame.gd:12)
SCRIPT ERROR: Compile Error: Failed to compile depended scripts.
          at: GDScript::reload (res://scripts/visuals/visual_theme.gd:0)
SCRIPT ERROR: Compile Error: Failed to compile depended scripts.
          at: GDScript::reload (res://scripts/ui/canonical_character_panel.gd:0)
SCRIPT ERROR: Compile Error: Failed to compile depended scripts.
          at: GDScript::reload (res://tests/leech_preview_text_test.gd:0)
ERROR: Failed to load script "res://tests/leech_preview_text_test.gd" with error "Compilation failed".
   at: load (modules/gdscript/gdscript.cpp:2907)
Leech preview: 11 checks, 0 failures
