Font coverage: 920 Han / 1040 printable characters in 137 runtime files + pinned crafting strings; 1040 mapped; 874 baseline characters retained
missing: '习' U+4E60
  scripts/game_hud.gd:1659
  scripts/main.gd:1598
  scripts/main.gd:1617
  scripts/main.gd:1621
  scripts/ui/town_service_panel.gd:99
missing: '但' U+4F46
  scripts/main.gd:1786
missing: '张' U+5F20
  scripts/world/normal_journey_state.gd:99
missing: '征' U+5F81
  scripts/ui/town_service_panel.gd:98
missing: '碑' U+7891
  scripts/main.gd:1327
  scripts/main.gd:1328
missing: '练' U+7EC3
  scripts/game_hud.gd:1659
  scripts/main.gd:1598
  scripts/main.gd:1617
  scripts/main.gd:1621
  scripts/ui/town_service_panel.gd:99
Same-source unsupported symbols (existing fallback): ⌁ U+2301 ◈ U+25C8
FAIL
