Fontconfig error: No writable cache directories
Fontconfig error: No writable cache directories
Fontconfig error: No writable cache directories
Fontconfig error: No writable cache directories
Fontconfig error: No writable cache directories
Fontconfig error: No writable cache directories
Fontconfig error: No writable cache directories
Fontconfig error: No writable cache directories
Fontconfig error: No writable cache directories
Fontconfig error: No writable cache directories
Fontconfig error: No writable cache directories
Fontconfig error: No writable cache directories
Fontconfig error: No writable cache directories
Fontconfig error: No writable cache directories
Fontconfig error: No writable cache directories
Fontconfig error: No writable cache directories
Fontconfig error: No writable cache directories
Fontconfig error: No writable cache directories
Fontconfig error: No writable cache directories
Fontconfig error: No writable cache directories
Fontconfig error: No writable cache directories
Fontconfig error: No writable cache directories
Fontconfig error: No writable cache directories
Fontconfig error: No writable cache directories
Fontconfig error: No writable cache directories
Fontconfig error: No writable cache directories
Fontconfig error: No writable cache directories
Fontconfig error: No writable cache directories
Fontconfig error: No writable cache directories
Godot Engine v4.6.3.stable.official.7d41c59c4 - https://godotengine.org

Fontconfig error: No writable cache directories
Fontconfig error: No writable cache directories
Fontconfig error: No writable cache directories
Fontconfig error: No writable cache directories
Fontconfig error: No writable cache directories
Fontconfig error: No writable cache directories
Fontconfig error: No writable cache directories
Fontconfig error: No writable cache directories
Fontconfig error: No writable cache directories
Fontconfig error: No writable cache directories
Fontconfig error: No writable cache directories
Fontconfig error: No writable cache directories
Fontconfig error: No writable cache directories
Fontconfig error: No writable cache directories
Fontconfig error: No writable cache directories
Fontconfig error: No writable cache directories
Fontconfig error: No writable cache directories
Fontconfig error: No writable cache directories
Fontconfig error: No writable cache directories
Fontconfig error: No writable cache directories
Fontconfig error: No writable cache directories
Fontconfig error: No writable cache directories
Fontconfig error: No writable cache directories
Fontconfig error: No writable cache directories
Fontconfig error: No writable cache directories
Fontconfig error: No writable cache directories
Fontconfig error: No writable cache directories
Fontconfig error: No writable cache directories
Fontconfig error: No writable cache directories
godot-game: playable arena ready
ERROR: All three real old-garden camps admit 24 ordinary roots
   at: push_error (core/variant/variant_utility.cpp:1024)
   GDScript backtrace (most recent call first):
       [0] check (res://tests/normal_gem_trade_gameplay_test.gd:22)
       [1] complete_map (res://tests/normal_gem_trade_gameplay_test.gd:69)
       [2] run (res://tests/tornado_swift_test.gd:66)
ERROR: Original camp deaths unlock real boss gate
   at: push_error (core/variant/variant_utility.cpp:1024)
   GDScript backtrace (most recent call first):
       [0] check (res://tests/normal_gem_trade_gameplay_test.gd:22)
       [1] complete_map (res://tests/normal_gem_trade_gameplay_test.gd:72)
       [2] run (res://tests/tornado_swift_test.gd:66)
ERROR: Real boss is admitted through its gate
   at: push_error (core/variant/variant_utility.cpp:1024)
   GDScript backtrace (most recent call first):
       [0] check (res://tests/normal_gem_trade_gameplay_test.gd:22)
       [1] complete_map (res://tests/normal_gem_trade_gameplay_test.gd:75)
       [2] run (res://tests/tornado_swift_test.gd:66)
ERROR: Boss descendants prevent premature reward
   at: push_error (core/variant/variant_utility.cpp:1024)
   GDScript backtrace (most recent call first):
       [0] check (res://tests/normal_gem_trade_gameplay_test.gd:22)
       [1] complete_map (res://tests/normal_gem_trade_gameplay_test.gd:77)
       [2] run (res://tests/tornado_swift_test.gd:66)
SCRIPT ERROR: Invalid assignment of property or key 'aim_point' with value of type 'Vector2' on a base object of type 'Node2D (main.gd)'.
          at: run (res://tests/tornado_swift_test.gd:89)
          GDScript backtrace (most recent call first):
              [0] run (res://tests/tornado_swift_test.gd:89)
