Godot Engine v4.6.3.stable.official.7d41c59c4 - https://godotengine.org

godot-game: playable arena ready
ERROR: Failed real UI allocation preserves build, capacities, revision, UID/currency data and disk
   at: push_error (core/variant/variant_utility.cpp:1024)
   GDScript backtrace (most recent call first):
       [0] check (res://tests/passive_action_preview_test.gd:71)
       [1] failed_commit_unchanged (res://tests/passive_action_preview_test.gd:300)
       [2] ui_checks (res://tests/passive_resource_preview_test.gd:56)
       [3] click (res://tests/passive_resource_preview_test.gd:40)
       [4] settle (res://tests/passive_resource_preview_test.gd:34)
ERROR: Successful UI allocation changes selection preview to refund
   at: push_error (core/variant/variant_utility.cpp:1024)
   GDScript backtrace (most recent call first):
       [0] check (res://tests/passive_action_preview_test.gd:71)
       [1] ui_checks (res://tests/passive_resource_preview_test.gd:59)
       [2] click (res://tests/passive_resource_preview_test.gd:40)
       [3] settle (res://tests/passive_resource_preview_test.gd:34)
ERROR: UI real saved capacity equals preview max_health
   at: push_error (core/variant/variant_utility.cpp:1024)
   GDScript backtrace (most recent call first):
       [0] check (res://tests/passive_action_preview_test.gd:71)
       [1] ui_checks (res://tests/passive_resource_preview_test.gd:60)
       [2] click (res://tests/passive_resource_preview_test.gd:40)
       [3] settle (res://tests/passive_resource_preview_test.gd:34)
PASSIVE_RESOURCE_PREVIEW {"checks":236,"failed_labels":["Failed real UI allocation preserves build, capacities, revision, UID/currency data and disk","Successful UI allocation changes selection preview to refund","UI real saved capacity equals preview max_health"],"failures":3}
