Godot Engine v4.6.3.stable.official.7d41c59c4 - https://godotengine.org

godot-game: playable arena ready
SCRIPT ERROR: Invalid call. Nonexistent function 'checkpoint' in base 'RefCounted (MonsterRuntime)'.
          at: signature (/workspace/scratch/a51485f153de/v088-readonly-render-probe/probe.gd:9)
          GDScript backtrace (most recent call first):
              [0] signature (/workspace/scratch/a51485f153de/v088-readonly-render-probe/probe.gd:9)
              [1] sample (/workspace/scratch/a51485f153de/v088-readonly-render-probe/probe.gd:28)
              [2] draw_one (/workspace/scratch/a51485f153de/v088-readonly-render-probe/probe.gd:23)
SCRIPT ERROR: Invalid call. Nonexistent function 'checkpoint' in base 'RefCounted (MonsterRuntime)'.
          at: signature (/workspace/scratch/a51485f153de/v088-readonly-render-probe/probe.gd:9)
          GDScript backtrace (most recent call first):
              [0] signature (/workspace/scratch/a51485f153de/v088-readonly-render-probe/probe.gd:9)
              [1] sample (/workspace/scratch/a51485f153de/v088-readonly-render-probe/probe.gd:52)
              [2] draw_one (/workspace/scratch/a51485f153de/v088-readonly-render-probe/probe.gd:23)
SCRIPT ERROR: Invalid call. Nonexistent function 'checkpoint' in base 'RefCounted (MonsterRuntime)'.
          at: signature (/workspace/scratch/a51485f153de/v088-readonly-render-probe/probe.gd:9)
          GDScript backtrace (most recent call first):
              [0] signature (/workspace/scratch/a51485f153de/v088-readonly-render-probe/probe.gd:9)
              [1] sample (/workspace/scratch/a51485f153de/v088-readonly-render-probe/probe.gd:28)
              [2] draw_one (/workspace/scratch/a51485f153de/v088-readonly-render-probe/probe.gd:23)
SCRIPT ERROR: Invalid call. Nonexistent function 'checkpoint' in base 'RefCounted (MonsterRuntime)'.
          at: signature (/workspace/scratch/a51485f153de/v088-readonly-render-probe/probe.gd:9)
          GDScript backtrace (most recent call first):
              [0] signature (/workspace/scratch/a51485f153de/v088-readonly-render-probe/probe.gd:9)
              [1] sample (/workspace/scratch/a51485f153de/v088-readonly-render-probe/probe.gd:52)
              [2] draw_one (/workspace/scratch/a51485f153de/v088-readonly-render-probe/probe.gd:23)
SCRIPT ERROR: Invalid call. Nonexistent function 'checkpoint' in base 'RefCounted (MonsterRuntime)'.
          at: signature (/workspace/scratch/a51485f153de/v088-readonly-render-probe/probe.gd:9)
          GDScript backtrace (most recent call first):
              [0] signature (/workspace/scratch/a51485f153de/v088-readonly-render-probe/probe.gd:9)
              [1] sample (/workspace/scratch/a51485f153de/v088-readonly-render-probe/probe.gd:28)
              [2] draw_one (/workspace/scratch/a51485f153de/v088-readonly-render-probe/probe.gd:23)
SCRIPT ERROR: Invalid call. Nonexistent function 'checkpoint' in base 'RefCounted (MonsterRuntime)'.
          at: signature (/workspace/scratch/a51485f153de/v088-readonly-render-probe/probe.gd:9)
          GDScript backtrace (most recent call first):
              [0] signature (/workspace/scratch/a51485f153de/v088-readonly-render-probe/probe.gd:9)
              [1] sample (/workspace/scratch/a51485f153de/v088-readonly-render-probe/probe.gd:52)
              [2] draw_one (/workspace/scratch/a51485f153de/v088-readonly-render-probe/probe.gd:23)
RENDER_PROBE_DONE 81
