Godot Engine v4.6.3.stable.official.7d41c59c4 - https://godotengine.org

ERROR: FAIL: Added-lightning and guaranteed-critical fixture valid: cleave (附加伤害作用域、类型或点数无效)
   at: push_error (core/variant/variant_utility.cpp:1024)
   GDScript backtrace (most recent call first):
       [0] check (res://tests/shock_support_compiler_test.gd:38)
       [1] _test_admission (res://tests/shock_support_compiler_test.gd:71)
       [2] _initialize (res://tests/shock_support_compiler_test.gd:26)
ERROR: FAIL: Lightning and critical never add automatic Shock: cleave
   at: push_error (core/variant/variant_utility.cpp:1024)
   GDScript backtrace (most recent call first):
       [0] check (res://tests/shock_support_compiler_test.gd:38)
       [1] _test_admission (res://tests/shock_support_compiler_test.gd:72)
       [2] _initialize (res://tests/shock_support_compiler_test.gd:26)
ERROR: FAIL: Added-lightning and guaranteed-critical fixture valid: shade_bolt (附加伤害作用域、类型或点数无效)
   at: push_error (core/variant/variant_utility.cpp:1024)
   GDScript backtrace (most recent call first):
       [0] check (res://tests/shock_support_compiler_test.gd:38)
       [1] _test_admission (res://tests/shock_support_compiler_test.gd:71)
       [2] _initialize (res://tests/shock_support_compiler_test.gd:26)
ERROR: FAIL: Lightning and critical never add automatic Shock: shade_bolt
   at: push_error (core/variant/variant_utility.cpp:1024)
   GDScript backtrace (most recent call first):
       [0] check (res://tests/shock_support_compiler_test.gd:38)
       [1] _test_admission (res://tests/shock_support_compiler_test.gd:72)
       [2] _initialize (res://tests/shock_support_compiler_test.gd:26)
ERROR: FAIL: Added-lightning and guaranteed-critical fixture valid: tornado (附加伤害作用域、类型或点数无效)
   at: push_error (core/variant/variant_utility.cpp:1024)
   GDScript backtrace (most recent call first):
       [0] check (res://tests/shock_support_compiler_test.gd:38)
       [1] _test_admission (res://tests/shock_support_compiler_test.gd:71)
       [2] _initialize (res://tests/shock_support_compiler_test.gd:26)
ERROR: FAIL: Lightning and critical never add automatic Shock: tornado
   at: push_error (core/variant/variant_utility.cpp:1024)
   GDScript backtrace (most recent call first):
       [0] check (res://tests/shock_support_compiler_test.gd:38)
       [1] _test_admission (res://tests/shock_support_compiler_test.gd:72)
       [2] _initialize (res://tests/shock_support_compiler_test.gd:26)
ERROR: FAIL: Added-lightning and guaranteed-critical fixture valid: bolt (附加伤害作用域、类型或点数无效)
   at: push_error (core/variant/variant_utility.cpp:1024)
   GDScript backtrace (most recent call first):
       [0] check (res://tests/shock_support_compiler_test.gd:38)
       [1] _test_admission (res://tests/shock_support_compiler_test.gd:71)
       [2] _initialize (res://tests/shock_support_compiler_test.gd:26)
ERROR: FAIL: Lightning and critical never add automatic Shock: bolt
   at: push_error (core/variant/variant_utility.cpp:1024)
   GDScript backtrace (most recent call first):
       [0] check (res://tests/shock_support_compiler_test.gd:38)
       [1] _test_admission (res://tests/shock_support_compiler_test.gd:72)
       [2] _initialize (res://tests/shock_support_compiler_test.gd:26)
ERROR: FAIL: Equipment-added lightning cannot expand admission: bolt
   at: push_error (core/variant/variant_utility.cpp:1024)
   GDScript backtrace (most recent call first):
       [0] check (res://tests/shock_support_compiler_test.gd:38)
       [1] _test_admission (res://tests/shock_support_compiler_test.gd:74)
       [2] _initialize (res://tests/shock_support_compiler_test.gd:26)
ERROR: FAIL: Added-lightning and guaranteed-critical fixture valid: frost (附加伤害作用域、类型或点数无效)
   at: push_error (core/variant/variant_utility.cpp:1024)
   GDScript backtrace (most recent call first):
       [0] check (res://tests/shock_support_compiler_test.gd:38)
       [1] _test_admission (res://tests/shock_support_compiler_test.gd:71)
       [2] _initialize (res://tests/shock_support_compiler_test.gd:26)
ERROR: FAIL: Lightning and critical never add automatic Shock: frost
   at: push_error (core/variant/variant_utility.cpp:1024)
   GDScript backtrace (most recent call first):
       [0] check (res://tests/shock_support_compiler_test.gd:38)
       [1] _test_admission (res://tests/shock_support_compiler_test.gd:72)
       [2] _initialize (res://tests/shock_support_compiler_test.gd:26)
ERROR: FAIL: Added-lightning and guaranteed-critical fixture valid: nova (附加伤害作用域、类型或点数无效)
   at: push_error (core/variant/variant_utility.cpp:1024)
   GDScript backtrace (most recent call first):
       [0] check (res://tests/shock_support_compiler_test.gd:38)
       [1] _test_admission (res://tests/shock_support_compiler_test.gd:71)
       [2] _initialize (res://tests/shock_support_compiler_test.gd:26)
ERROR: FAIL: Lightning and critical never add automatic Shock: nova
   at: push_error (core/variant/variant_utility.cpp:1024)
   GDScript backtrace (most recent call first):
       [0] check (res://tests/shock_support_compiler_test.gd:38)
       [1] _test_admission (res://tests/shock_support_compiler_test.gd:72)
       [2] _initialize (res://tests/shock_support_compiler_test.gd:26)
ERROR: FAIL: Equipment-added lightning cannot expand admission: nova
   at: push_error (core/variant/variant_utility.cpp:1024)
   GDScript backtrace (most recent call first):
       [0] check (res://tests/shock_support_compiler_test.gd:38)
       [1] _test_admission (res://tests/shock_support_compiler_test.gd:74)
       [2] _initialize (res://tests/shock_support_compiler_test.gd:26)
ERROR: FAIL: Added-lightning and guaranteed-critical fixture valid: dash (附加伤害作用域、类型或点数无效)
   at: push_error (core/variant/variant_utility.cpp:1024)
   GDScript backtrace (most recent call first):
       [0] check (res://tests/shock_support_compiler_test.gd:38)
       [1] _test_admission (res://tests/shock_support_compiler_test.gd:71)
       [2] _initialize (res://tests/shock_support_compiler_test.gd:26)
ERROR: FAIL: Lightning and critical never add automatic Shock: dash
   at: push_error (core/variant/variant_utility.cpp:1024)
   GDScript backtrace (most recent call first):
       [0] check (res://tests/shock_support_compiler_test.gd:38)
       [1] _test_admission (res://tests/shock_support_compiler_test.gd:72)
       [2] _initialize (res://tests/shock_support_compiler_test.gd:26)
ERROR: FAIL: Added-lightning and guaranteed-critical fixture valid: ward (附加伤害作用域、类型或点数无效)
   at: push_error (core/variant/variant_utility.cpp:1024)
   GDScript backtrace (most recent call first):
       [0] check (res://tests/shock_support_compiler_test.gd:38)
       [1] _test_admission (res://tests/shock_support_compiler_test.gd:71)
       [2] _initialize (res://tests/shock_support_compiler_test.gd:26)
ERROR: FAIL: Lightning and critical never add automatic Shock: ward
   at: push_error (core/variant/variant_utility.cpp:1024)
   GDScript backtrace (most recent call first):
       [0] check (res://tests/shock_support_compiler_test.gd:38)
       [1] _test_admission (res://tests/shock_support_compiler_test.gd:72)
       [2] _initialize (res://tests/shock_support_compiler_test.gd:26)
ERROR: FAIL: Added-lightning and guaranteed-critical fixture valid: meteor (附加伤害作用域、类型或点数无效)
   at: push_error (core/variant/variant_utility.cpp:1024)
   GDScript backtrace (most recent call first):
       [0] check (res://tests/shock_support_compiler_test.gd:38)
       [1] _test_admission (res://tests/shock_support_compiler_test.gd:71)
       [2] _initialize (res://tests/shock_support_compiler_test.gd:26)
ERROR: FAIL: Lightning and critical never add automatic Shock: meteor
   at: push_error (core/variant/variant_utility.cpp:1024)
   GDScript backtrace (most recent call first):
       [0] check (res://tests/shock_support_compiler_test.gd:38)
       [1] _test_admission (res://tests/shock_support_compiler_test.gd:72)
       [2] _initialize (res://tests/shock_support_compiler_test.gd:26)
ERROR: FAIL: Added-lightning and guaranteed-critical fixture valid: chain (附加伤害作用域、类型或点数无效)
   at: push_error (core/variant/variant_utility.cpp:1024)
   GDScript backtrace (most recent call first):
       [0] check (res://tests/shock_support_compiler_test.gd:38)
       [1] _test_admission (res://tests/shock_support_compiler_test.gd:71)
       [2] _initialize (res://tests/shock_support_compiler_test.gd:26)
ERROR: FAIL: Lightning and critical never add automatic Shock: chain
   at: push_error (core/variant/variant_utility.cpp:1024)
   GDScript backtrace (most recent call first):
       [0] check (res://tests/shock_support_compiler_test.gd:38)
       [1] _test_admission (res://tests/shock_support_compiler_test.gd:72)
       [2] _initialize (res://tests/shock_support_compiler_test.gd:26)
ERROR: FAIL: Equipment-added lightning cannot expand admission: chain
   at: push_error (core/variant/variant_utility.cpp:1024)
   GDScript backtrace (most recent call first):
       [0] check (res://tests/shock_support_compiler_test.gd:38)
       [1] _test_admission (res://tests/shock_support_compiler_test.gd:74)
       [2] _initialize (res://tests/shock_support_compiler_test.gd:26)
Shock support/compiler/catalog: 556 checks, 23 failures; 18 compatible existing pairs
