Godot Engine v4.6.3.stable.official.7d41c59c4 - https://godotengine.org

godot-game: playable arena ready
SCRIPT ERROR: Assertion failed.
          at: fresh (res://tools/diagnostics/projectile_trace_copy_profile.gd:27)
          GDScript backtrace (most recent call first):
              [0] fresh (res://tools/diagnostics/projectile_trace_copy_profile.gd:27)
              [1] run (res://tools/diagnostics/projectile_trace_copy_profile.gd:48)
SCRIPT ERROR: Invalid access to property or key 'enemies' on a base object of type 'Nil'.
          at: observe (res://tools/diagnostics/exploration_density_profile.gd:29)
          GDScript backtrace (most recent call first):
              [0] observe (res://tools/diagnostics/exploration_density_profile.gd:29)
              [1] run (res://tools/diagnostics/projectile_trace_copy_profile.gd:49)
ERROR: Same historical initial state
   at: push_error (core/variant/variant_utility.cpp:1024)
   GDScript backtrace (most recent call first):
       [0] checked (res://tools/diagnostics/projectile_trace_copy_profile.gd:6)
       [1] run (res://tools/diagnostics/projectile_trace_copy_profile.gd:49)
SCRIPT ERROR: Invalid access to property or key 'projectiles' on a base object of type 'Nil'.
          at: run (res://tools/diagnostics/projectile_trace_copy_profile.gd:58)
          GDScript backtrace (most recent call first):
              [0] run (res://tools/diagnostics/projectile_trace_copy_profile.gd:58)
