{
  "baseline_commit": "c5690b9",
  "preserved_raw_top_level_count": 84,
  "old_card_count": 3807,
  "current_card_count": 3809,
  "unchanged_card_count": 3796,
  "changed_card_count": 11,
  "changed_cards": [
    "rules-elemental_conversion",
    "rules-ember_proliferation",
    "rules-equipment",
    "rules-exploration_maps",
    "rules-frost_lock",
    "rules-physical_fire_conversion",
    "rules-source_monster_damage_life",
    "rules-source_monster_movement",
    "rules-source_monster_shield_recharge",
    "rules-source_tree",
    "skills-cleave"
  ],
  "new_cards": [
    "rules-encircling_cleave",
    "supports-encircling_cleave"
  ],
  "schema_number_only_cards": [
    "rules-elemental_conversion",
    "rules-equipment",
    "rules-exploration_maps",
    "rules-frost_lock",
    "rules-physical_fire_conversion",
    "rules-source_monster_damage_life",
    "rules-source_monster_movement",
    "rules-source_monster_shield_recharge",
    "rules-source_tree"
  ],
  "current_support_count_only_card": "rules-ember_proliferation",
  "all_monsters_chaos_jewels_four_routes_byte_identical": true,
  "all_local_links_and_chinese_search_pass": true,
  "unique_anchor_count": 3854,
  "numeric_values_verified": 24,
  "protected_file_count": 254,
  "protected_png_count": 246,
  "protected_font_count": 1,
  "new_icon_sha256": "029dd3e73ca913cd91505f2d986f946d2b73b250caa63450b2f23d94bfe4dc51",
  "new_icon_dimensions": [
    1254,
    1254
  ],
  "new_icon_rgba": true,
  "input_count": 140,
  "input_fingerprints_match": true,
  "actual_main_checks": 121,
  "actual_main_failures": 0,
  "actual_main_target_receipts": 9,
  "deterministic_current_and_backward_builder": true,
  "scope": "Focused data, provenance, search, links and byte preservation. One bounded export only; no Main, old exporter, source coverage, maps, combat matrices, art generation or screenshots."
}
