Godot Engine v4.6.3.stable.official.7d41c59c4 - https://godotengine.org

ERROR: zero rate rejected
   at: push_error (core/variant/variant_utility.cpp:1024)
   GDScript backtrace (most recent call first):
       [0] _check (res://tests/leech_runtime_test.gd:110)
       [1] _run (res://tests/leech_runtime_test.gd:69)
ERROR: failed admission leaves both resources exact
   at: push_error (core/variant/variant_utility.cpp:1024)
   GDScript backtrace (most recent call first):
       [0] _check (res://tests/leech_runtime_test.gd:110)
       [1] _run (res://tests/leech_runtime_test.gd:70)
ERROR: invalid cap doesn't clear full resource
   at: push_error (core/variant/variant_utility.cpp:1024)
   GDScript backtrace (most recent call first):
       [0] _check (res://tests/leech_runtime_test.gd:110)
       [1] _run (res://tests/leech_runtime_test.gd:73)
ERROR: invalid cap doesn't clear full resource
   at: push_error (core/variant/variant_utility.cpp:1024)
   GDScript backtrace (most recent call first):
       [0] _check (res://tests/leech_runtime_test.gd:110)
       [1] _run (res://tests/leech_runtime_test.gd:73)
ERROR: invalid cap doesn't clear full resource
   at: push_error (core/variant/variant_utility.cpp:1024)
   GDScript backtrace (most recent call first):
       [0] _check (res://tests/leech_runtime_test.gd:110)
       [1] _run (res://tests/leech_runtime_test.gd:73)
ERROR: invalid cap doesn't clear full resource
   at: push_error (core/variant/variant_utility.cpp:1024)
   GDScript backtrace (most recent call first):
       [0] _check (res://tests/leech_runtime_test.gd:110)
       [1] _run (res://tests/leech_runtime_test.gd:73)
ERROR: invalid resource state is atomic
   at: push_error (core/variant/variant_utility.cpp:1024)
   GDScript backtrace (most recent call first):
       [0] _check (res://tests/leech_runtime_test.gd:110)
       [1] _run (res://tests/leech_runtime_test.gd:76)
Leech runtime: 59 checks, 7 failures
