Godot Engine v4.6.3.stable.official.7d41c59c4 - https://godotengine.org

ERROR: LOS/native ray hits original contour 2
   at: push_error (core/variant/variant_utility.cpp:1024)
   GDScript backtrace (most recent call first):
       [0] check (res://tests/modular_study_geometry_test.gd:17)
       [1] run (res://tests/modular_study_geometry_test.gd:103)
ERROR: Circle receipt has an outward native normal
   at: push_error (core/variant/variant_utility.cpp:1024)
   GDScript backtrace (most recent call first):
       [0] check (res://tests/modular_study_geometry_test.gd:17)
       [1] run (res://tests/modular_study_geometry_test.gd:108)
ERROR: Long Main-style movement cannot tunnel through contour 2
   at: push_error (core/variant/variant_utility.cpp:1024)
   GDScript backtrace (most recent call first):
       [0] check (res://tests/modular_study_geometry_test.gd:17)
       [1] run (res://tests/modular_study_geometry_test.gd:110)
ERROR: Circle receipt has an outward native normal
   at: push_error (core/variant/variant_utility.cpp:1024)
   GDScript backtrace (most recent call first):
       [0] check (res://tests/modular_study_geometry_test.gd:17)
       [1] run (res://tests/modular_study_geometry_test.gd:108)
ERROR: Long Main-style movement cannot tunnel through contour 2
   at: push_error (core/variant/variant_utility.cpp:1024)
   GDScript backtrace (most recent call first):
       [0] check (res://tests/modular_study_geometry_test.gd:17)
       [1] run (res://tests/modular_study_geometry_test.gd:110)
ERROR: Circle receipt has an outward native normal
   at: push_error (core/variant/variant_utility.cpp:1024)
   GDScript backtrace (most recent call first):
       [0] check (res://tests/modular_study_geometry_test.gd:17)
       [1] run (res://tests/modular_study_geometry_test.gd:108)
ERROR: Long Main-style movement cannot tunnel through contour 2
   at: push_error (core/variant/variant_utility.cpp:1024)
   GDScript backtrace (most recent call first):
       [0] check (res://tests/modular_study_geometry_test.gd:17)
       [1] run (res://tests/modular_study_geometry_test.gd:110)
ERROR: Circle receipt has an outward native normal
   at: push_error (core/variant/variant_utility.cpp:1024)
   GDScript backtrace (most recent call first):
       [0] check (res://tests/modular_study_geometry_test.gd:17)
       [1] run (res://tests/modular_study_geometry_test.gd:108)
ERROR: Long Main-style movement cannot tunnel through contour 2
   at: push_error (core/variant/variant_utility.cpp:1024)
   GDScript backtrace (most recent call first):
       [0] check (res://tests/modular_study_geometry_test.gd:17)
       [1] run (res://tests/modular_study_geometry_test.gd:110)
ERROR: Circle receipt has an outward native normal
   at: push_error (core/variant/variant_utility.cpp:1024)
   GDScript backtrace (most recent call first):
       [0] check (res://tests/modular_study_geometry_test.gd:17)
       [1] run (res://tests/modular_study_geometry_test.gd:108)
ERROR: Long Main-style movement cannot tunnel through contour 2
   at: push_error (core/variant/variant_utility.cpp:1024)
   GDScript backtrace (most recent call first):
       [0] check (res://tests/modular_study_geometry_test.gd:17)
       [1] run (res://tests/modular_study_geometry_test.gd:110)
ERROR: Circle receipt has an outward native normal
   at: push_error (core/variant/variant_utility.cpp:1024)
   GDScript backtrace (most recent call first):
       [0] check (res://tests/modular_study_geometry_test.gd:17)
       [1] run (res://tests/modular_study_geometry_test.gd:108)
ERROR: Long Main-style movement cannot tunnel through contour 2
   at: push_error (core/variant/variant_utility.cpp:1024)
   GDScript backtrace (most recent call first):
       [0] check (res://tests/modular_study_geometry_test.gd:17)
       [1] run (res://tests/modular_study_geometry_test.gd:110)
ERROR: Circle receipt has an outward native normal
   at: push_error (core/variant/variant_utility.cpp:1024)
   GDScript backtrace (most recent call first):
       [0] check (res://tests/modular_study_geometry_test.gd:17)
       [1] run (res://tests/modular_study_geometry_test.gd:108)
ERROR: Long Main-style movement cannot tunnel through contour 2
   at: push_error (core/variant/variant_utility.cpp:1024)
   GDScript backtrace (most recent call first):
       [0] check (res://tests/modular_study_geometry_test.gd:17)
       [1] run (res://tests/modular_study_geometry_test.gd:110)
SCRIPT ERROR: Attempt to call function '_release_native' in base 'null instance' on a null instance.
          at: _notification (res://scripts/studies/modular_study_geometry.gd:385)
          GDScript backtrace (most recent call first):
              [0] _notification (res://scripts/studies/modular_study_geometry.gd:385)
              [1] run (res://tests/modular_study_geometry_test.gd:189)
Modular study geometry: 210 checks, 15 failures
