Godot Engine v4.6.3.stable.official.7d41c59c4 - https://godotengine.org

ERROR: short_wall sprite generates mipmaps
   at: push_error (core/variant/variant_utility.cpp:1024)
   GDScript backtrace (most recent call first):
       [0] expect (res://tests/modular_prop_adapter_test.gd:19)
       [1] _verify_layer (res://tests/modular_prop_adapter_test.gd:59)
       [2] _verify_scene (res://tests/modular_prop_adapter_test.gd:80)
       [3] run (res://tests/modular_prop_adapter_test.gd:159)
ERROR: short_wall shadow generates mipmaps
   at: push_error (core/variant/variant_utility.cpp:1024)
   GDScript backtrace (most recent call first):
       [0] expect (res://tests/modular_prop_adapter_test.gd:19)
       [1] _verify_layer (res://tests/modular_prop_adapter_test.gd:59)
       [2] _verify_scene (res://tests/modular_prop_adapter_test.gd:83)
       [3] run (res://tests/modular_prop_adapter_test.gd:159)
ERROR: walkable_arch sprite generates mipmaps
   at: push_error (core/variant/variant_utility.cpp:1024)
   GDScript backtrace (most recent call first):
       [0] expect (res://tests/modular_prop_adapter_test.gd:19)
       [1] _verify_layer (res://tests/modular_prop_adapter_test.gd:59)
       [2] _verify_scene (res://tests/modular_prop_adapter_test.gd:80)
       [3] run (res://tests/modular_prop_adapter_test.gd:159)
ERROR: walkable_arch shadow generates mipmaps
   at: push_error (core/variant/variant_utility.cpp:1024)
   GDScript backtrace (most recent call first):
       [0] expect (res://tests/modular_prop_adapter_test.gd:19)
       [1] _verify_layer (res://tests/modular_prop_adapter_test.gd:59)
       [2] _verify_scene (res://tests/modular_prop_adapter_test.gd:83)
       [3] run (res://tests/modular_prop_adapter_test.gd:159)
ERROR: walkable_arch ground_detail generates mipmaps
   at: push_error (core/variant/variant_utility.cpp:1024)
   GDScript backtrace (most recent call first):
       [0] expect (res://tests/modular_prop_adapter_test.gd:19)
       [1] _verify_layer (res://tests/modular_prop_adapter_test.gd:59)
       [2] _verify_scene (res://tests/modular_prop_adapter_test.gd:87)
       [3] run (res://tests/modular_prop_adapter_test.gd:159)
ERROR: moss_rock sprite generates mipmaps
   at: push_error (core/variant/variant_utility.cpp:1024)
   GDScript backtrace (most recent call first):
       [0] expect (res://tests/modular_prop_adapter_test.gd:19)
       [1] _verify_layer (res://tests/modular_prop_adapter_test.gd:59)
       [2] _verify_scene (res://tests/modular_prop_adapter_test.gd:80)
       [3] run (res://tests/modular_prop_adapter_test.gd:159)
ERROR: moss_rock shadow generates mipmaps
   at: push_error (core/variant/variant_utility.cpp:1024)
   GDScript backtrace (most recent call first):
       [0] expect (res://tests/modular_prop_adapter_test.gd:19)
       [1] _verify_layer (res://tests/modular_prop_adapter_test.gd:59)
       [2] _verify_scene (res://tests/modular_prop_adapter_test.gd:83)
       [3] run (res://tests/modular_prop_adapter_test.gd:159)
ERROR: short_wall sprite generates mipmaps
   at: push_error (core/variant/variant_utility.cpp:1024)
   GDScript backtrace (most recent call first):
       [0] expect (res://tests/modular_prop_adapter_test.gd:19)
       [1] _verify_layer (res://tests/modular_prop_adapter_test.gd:59)
       [2] _verify_scene (res://tests/modular_prop_adapter_test.gd:80)
       [3] run (res://tests/modular_prop_adapter_test.gd:165)
ERROR: short_wall shadow generates mipmaps
   at: push_error (core/variant/variant_utility.cpp:1024)
   GDScript backtrace (most recent call first):
       [0] expect (res://tests/modular_prop_adapter_test.gd:19)
       [1] _verify_layer (res://tests/modular_prop_adapter_test.gd:59)
       [2] _verify_scene (res://tests/modular_prop_adapter_test.gd:83)
       [3] run (res://tests/modular_prop_adapter_test.gd:165)
ERROR: walkable_arch sprite generates mipmaps
   at: push_error (core/variant/variant_utility.cpp:1024)
   GDScript backtrace (most recent call first):
       [0] expect (res://tests/modular_prop_adapter_test.gd:19)
       [1] _verify_layer (res://tests/modular_prop_adapter_test.gd:59)
       [2] _verify_scene (res://tests/modular_prop_adapter_test.gd:80)
       [3] run (res://tests/modular_prop_adapter_test.gd:165)
ERROR: walkable_arch shadow generates mipmaps
   at: push_error (core/variant/variant_utility.cpp:1024)
   GDScript backtrace (most recent call first):
       [0] expect (res://tests/modular_prop_adapter_test.gd:19)
       [1] _verify_layer (res://tests/modular_prop_adapter_test.gd:59)
       [2] _verify_scene (res://tests/modular_prop_adapter_test.gd:83)
       [3] run (res://tests/modular_prop_adapter_test.gd:165)
ERROR: walkable_arch ground_detail generates mipmaps
   at: push_error (core/variant/variant_utility.cpp:1024)
   GDScript backtrace (most recent call first):
       [0] expect (res://tests/modular_prop_adapter_test.gd:19)
       [1] _verify_layer (res://tests/modular_prop_adapter_test.gd:59)
       [2] _verify_scene (res://tests/modular_prop_adapter_test.gd:87)
       [3] run (res://tests/modular_prop_adapter_test.gd:165)
ERROR: moss_rock sprite generates mipmaps
   at: push_error (core/variant/variant_utility.cpp:1024)
   GDScript backtrace (most recent call first):
       [0] expect (res://tests/modular_prop_adapter_test.gd:19)
       [1] _verify_layer (res://tests/modular_prop_adapter_test.gd:59)
       [2] _verify_scene (res://tests/modular_prop_adapter_test.gd:80)
       [3] run (res://tests/modular_prop_adapter_test.gd:165)
ERROR: moss_rock shadow generates mipmaps
   at: push_error (core/variant/variant_utility.cpp:1024)
   GDScript backtrace (most recent call first):
       [0] expect (res://tests/modular_prop_adapter_test.gd:19)
       [1] _verify_layer (res://tests/modular_prop_adapter_test.gd:59)
       [2] _verify_scene (res://tests/modular_prop_adapter_test.gd:83)
       [3] run (res://tests/modular_prop_adapter_test.gd:165)
ERROR: Parse JSON failed. Error at line 0: Expected '}'
   at: parse_string (core/io/json.cpp:624)
   GDScript backtrace (most recent call first):
       [0] _load_study_assets (res://scripts/visuals/dimensional_prop_manager.gd:190)
       [1] configure_modules (res://scripts/visuals/dimensional_prop_manager.gd:93)
       [2] _expect_rejected (res://tests/modular_prop_adapter_test.gd:96)
       [3] run (res://tests/modular_prop_adapter_test.gd:193)
Modular prop adapter: 384 checks, 14 failures
