PASS runtime_manifest_copied_byte_for_byte
PASS arena_sans.otf_source_bytes_preserved
PASS hero_direction_study.png_source_bytes_preserved
PASS 00_ground_png_contract
PASS 00_ground_visibility_contract
PASS arch_00_png_contract
PASS arch_00_visibility_contract
PASS arch_01_png_contract
PASS arch_01_visibility_contract
PASS arch_02_png_contract
PASS arch_02_visibility_contract
PASS arch_03_png_contract
PASS arch_03_visibility_contract
PASS arch_04_png_contract
PASS arch_04_visibility_contract
PASS arch_05_png_contract
PASS arch_05_visibility_contract
PASS arch_06_png_contract
PASS arch_06_visibility_contract
PASS arch_07_png_contract
PASS arch_07_visibility_contract
PASS rock_01_png_contract
PASS rock_01_visibility_contract
PASS rock_02_png_contract
PASS rock_02_visibility_contract
PASS rock_03_png_contract
PASS rock_03_visibility_contract
PASS rock_04_png_contract
PASS rock_04_visibility_contract
PASS rock_05_png_contract
PASS rock_05_visibility_contract
PASS rock_06_png_contract
PASS rock_06_visibility_contract
PASS rock_07_png_contract
PASS rock_07_visibility_contract
PASS rock_08_png_contract
PASS rock_08_visibility_contract
PASS rock_09_png_contract
PASS rock_09_visibility_contract
PASS rock_10_png_contract
PASS rock_10_visibility_contract
PASS rock_11_png_contract
PASS rock_11_visibility_contract
PASS rock_12_png_contract
PASS rock_12_visibility_contract
PASS 01_grass_detail_png_contract
PASS 01_grass_detail_visibility_contract
PASS tree_00_png_contract
PASS tree_00_visibility_contract
PASS tree_01_png_contract
PASS tree_01_visibility_contract
PASS foliage_east_front_png_contract
PASS foliage_east_front_visibility_contract
PASS foliage_east_mid_png_contract
PASS foliage_east_mid_visibility_contract
PASS foliage_east_wall_png_contract
PASS foliage_east_wall_visibility_contract
PASS foliage_west_front_png_contract
PASS foliage_west_front_visibility_contract
PASS foliage_west_mid_png_contract
PASS foliage_west_mid_visibility_contract
PASS foliage_west_wall_png_contract
PASS foliage_west_wall_visibility_contract
PASS exactly_two_hidden_layers
PASS original_atlas_dimensions
PASS E_whole_figure_and_ground_baseline
PASS SE_whole_figure_and_ground_baseline
PASS S_whole_figure_and_ground_baseline
PASS SW_whole_figure_and_ground_baseline
PASS W_whole_figure_and_ground_baseline
PASS NW_whole_figure_and_ground_baseline
PASS N_whole_figure_and_ground_baseline
PASS NE_whole_figure_and_ground_baseline
PASS height_consistency_under_4px
RESULT: 74 checks, 0 failures
