ERROR: Precise basic consumes no private/global RNG or save
   at: push_error (core/variant/variant_utility.cpp:1024)
   GDScript backtrace (most recent call first):
       [0] check (res://tests/precise_technique_gameplay_test.gd:31)
       [1] actual_basic_cleave_and_spells (res://tests/precise_technique_gameplay_test.gd:227)
       [2] section (res://tests/precise_technique_gameplay_test.gd:40)
       [3] run (res://tests/precise_technique_gameplay_test.gd:456)
ERROR: Precise basic consumes no private/global RNG or save
   at: push_error (core/variant/variant_utility.cpp:1024)
   GDScript backtrace (most recent call first):
       [0] check (res://tests/precise_technique_gameplay_test.gd:31)
       [1] actual_basic_cleave_and_spells (res://tests/precise_technique_gameplay_test.gd:227)
       [2] section (res://tests/precise_technique_gameplay_test.gd:40)
       [3] run (res://tests/precise_technique_gameplay_test.gd:456)
ERROR: Actual bolt settles one live target
   at: push_error (core/variant/variant_utility.cpp:1024)
   GDScript backtrace (most recent call first):
       [0] check (res://tests/precise_technique_gameplay_test.gd:31)
       [1] actual_basic_cleave_and_spells (res://tests/precise_technique_gameplay_test.gd:236)
       [2] section (res://tests/precise_technique_gameplay_test.gd:40)
       [3] run (res://tests/precise_technique_gameplay_test.gd:456)
ERROR: Section returned normally: actual_basic_cleave_and_spells
   at: push_error (core/variant/variant_utility.cpp:1024)
   GDScript backtrace (most recent call first):
       [0] check (res://tests/precise_technique_gameplay_test.gd:31)
       [1] section (res://tests/precise_technique_gameplay_test.gd:41)
       [2] run (res://tests/precise_technique_gameplay_test.gd:456)
