Godot Engine v4.6.3.stable.official.7d41c59c4 - https://godotengine.org

godot-game: playable arena ready
FAIL: Finite cast-facing preserves valid direction: bolt: (0.0, 0.0) / (0.0, -1.0)
FAIL: Actual carrier velocity retains fan: bolt0: (780.0, 0.0) / (-124.2682, -770.0373)
FAIL: Original muzzle offset: bolt0: (642.0, 1704.0) / (638.973, 1685.243)
FAIL: Actual carrier velocity retains fan: bolt1: (780.0, 0.0) / (0.0, -780.0)
FAIL: Original muzzle offset: bolt1: (642.0, 1704.0) / (642.0, 1685.0)
FAIL: Actual carrier velocity retains fan: bolt2: (780.0, 0.0) / (124.2682, -770.0373)
FAIL: Original muzzle offset: bolt2: (642.0, 1704.0) / (645.027, 1685.243)
FAIL: Finite cast-facing preserves valid direction: frost: (0.0, 0.0) / (0.0, -1.0)
FAIL: Actual carrier velocity retains fan: frost0: (520.0, 0.0) / (-143.7049, -499.7488)
FAIL: Original muzzle offset: frost0: (642.0, 1704.0) / (636.7493, 1685.74)
FAIL: Actual carrier velocity retains fan: frost1: (520.0, 0.0) / (-72.56242, -514.9124)
FAIL: Original muzzle offset: frost1: (642.0, 1704.0) / (639.3487, 1685.186)
FAIL: Actual carrier velocity retains fan: frost2: (520.0, 0.0) / (0.0, -520.0)
FAIL: Original muzzle offset: frost2: (642.0, 1704.0) / (642.0, 1685.0)
FAIL: Actual carrier velocity retains fan: frost3: (520.0, 0.0) / (72.56242, -514.9124)
FAIL: Original muzzle offset: frost3: (642.0, 1704.0) / (644.6513, 1685.186)
FAIL: Actual carrier velocity retains fan: frost4: (520.0, 0.0) / (143.7049, -499.7488)
FAIL: Original muzzle offset: frost4: (642.0, 1704.0) / (647.2507, 1685.74)
FAIL: Finite cast-facing preserves valid direction: shade_bolt: (0.0, 0.0) / (0.0, -1.0)
FAIL: Actual carrier velocity retains fan: shade_bolt0: (620.0, 0.0) / (0.0, -620.0)
FAIL: Original muzzle offset: shade_bolt0: (642.0, 1704.0) / (642.0, 1685.0)
FAIL: Finite cast-facing preserves valid direction: tornado: (0.0, 0.0) / (0.0, -1.0)
FAIL: Actual carrier velocity retains fan: tornado0: (420.0, 0.0) / (-66.91365, -414.6355)
FAIL: Original muzzle offset: tornado0: (642.0, 1704.0) / (638.973, 1685.243)
FAIL: Actual carrier velocity retains fan: tornado1: (420.0, 0.0) / (0.0, -420.0)
FAIL: Original muzzle offset: tornado1: (642.0, 1704.0) / (642.0, 1685.0)
FAIL: Actual carrier velocity retains fan: tornado2: (420.0, 0.0) / (66.91365, -414.6355)
FAIL: Original muzzle offset: tornado2: (642.0, 1704.0) / (645.027, 1685.243)
FAIL: Idle-input dash keeps original displacement with coincident target: (642.0, 1704.0) / (642.0, 1529.0)
AIM_OVERLAP phase=before checks=122 failures=29
