Godot Engine v4.6.3.stable.official.7d41c59c4 - https://godotengine.org

ERROR: Narrow planner accepts real last bag cell
   at: push_error (core/variant/variant_utility.cpp:1024)
   GDScript backtrace (most recent call first):
       [0] check (res://tests/jewel_crafting_test.gd:25)
       [1] _planner (res://tests/jewel_crafting_test.gd:96)
       [2] run (res://tests/jewel_crafting_test.gd:30)
SCRIPT ERROR: Invalid access to property or key 'candidate' on a base object of type 'Dictionary'.
          at: _planner (res://tests/jewel_crafting_test.gd:98)
          GDScript backtrace (most recent call first):
              [0] _planner (res://tests/jewel_crafting_test.gd:98)
              [1] run (res://tests/jewel_crafting_test.gd:30)
ERROR: Case completed: _planner
   at: push_error (core/variant/variant_utility.cpp:1024)
   GDScript backtrace (most recent call first):
       [0] check (res://tests/jewel_crafting_test.gd:25)
       [1] run (res://tests/jewel_crafting_test.gd:31)
ERROR: Retry applies authoritative deterministic result at same location
   at: push_error (core/variant/variant_utility.cpp:1024)
   GDScript backtrace (most recent call first):
       [0] check (res://tests/jewel_crafting_test.gd:25)
       [1] _transactions (res://tests/jewel_crafting_test.gd:142)
       [2] run (res://tests/jewel_crafting_test.gd:30)
ERROR: Exact debit consumes actual split stacks
   at: push_error (core/variant/variant_utility.cpp:1024)
   GDScript backtrace (most recent call first):
       [0] check (res://tests/jewel_crafting_test.gd:25)
       [1] _transactions (res://tests/jewel_crafting_test.gd:143)
       [2] run (res://tests/jewel_crafting_test.gd:30)
ERROR: No schema or serial bump; both revisions once
   at: push_error (core/variant/variant_utility.cpp:1024)
   GDScript backtrace (most recent call first):
       [0] check (res://tests/jewel_crafting_test.gd:25)
       [1] _transactions (res://tests/jewel_crafting_test.gd:145)
       [2] run (res://tests/jewel_crafting_test.gd:30)
ERROR: One changed signal and one save
   at: push_error (core/variant/variant_utility.cpp:1024)
   GDScript backtrace (most recent call first):
       [0] check (res://tests/jewel_crafting_test.gd:25)
       [1] _transactions (res://tests/jewel_crafting_test.gd:146)
       [2] run (res://tests/jewel_crafting_test.gd:30)
ERROR: Rolled jewel can be salvaged
   at: push_error (core/variant/variant_utility.cpp:1024)
   GDScript backtrace (most recent call first):
       [0] check (res://tests/jewel_crafting_test.gd:25)
       [1] _transactions (res://tests/jewel_crafting_test.gd:155)
       [2] run (res://tests/jewel_crafting_test.gd:30)
ERROR: Salvage removes one exact UID with fixed credit
   at: push_error (core/variant/variant_utility.cpp:1024)
   GDScript backtrace (most recent call first):
       [0] check (res://tests/jewel_crafting_test.gd:25)
       [1] _transactions (res://tests/jewel_crafting_test.gd:156)
       [2] run (res://tests/jewel_crafting_test.gd:30)
ERROR: Retry applies authoritative deterministic result at same location
   at: push_error (core/variant/variant_utility.cpp:1024)
   GDScript backtrace (most recent call first):
       [0] check (res://tests/jewel_crafting_test.gd:25)
       [1] _transactions (res://tests/jewel_crafting_test.gd:142)
       [2] run (res://tests/jewel_crafting_test.gd:30)
ERROR: Exact debit consumes actual split stacks
   at: push_error (core/variant/variant_utility.cpp:1024)
   GDScript backtrace (most recent call first):
       [0] check (res://tests/jewel_crafting_test.gd:25)
       [1] _transactions (res://tests/jewel_crafting_test.gd:143)
       [2] run (res://tests/jewel_crafting_test.gd:30)
ERROR: No schema or serial bump; both revisions once
   at: push_error (core/variant/variant_utility.cpp:1024)
   GDScript backtrace (most recent call first):
       [0] check (res://tests/jewel_crafting_test.gd:25)
       [1] _transactions (res://tests/jewel_crafting_test.gd:145)
       [2] run (res://tests/jewel_crafting_test.gd:30)
ERROR: One changed signal and one save
   at: push_error (core/variant/variant_utility.cpp:1024)
   GDScript backtrace (most recent call first):
       [0] check (res://tests/jewel_crafting_test.gd:25)
       [1] _transactions (res://tests/jewel_crafting_test.gd:146)
       [2] run (res://tests/jewel_crafting_test.gd:30)
ERROR: Rolled jewel can be salvaged
   at: push_error (core/variant/variant_utility.cpp:1024)
   GDScript backtrace (most recent call first):
       [0] check (res://tests/jewel_crafting_test.gd:25)
       [1] _transactions (res://tests/jewel_crafting_test.gd:155)
       [2] run (res://tests/jewel_crafting_test.gd:30)
ERROR: Salvage removes one exact UID with fixed credit
   at: push_error (core/variant/variant_utility.cpp:1024)
   GDScript backtrace (most recent call first):
       [0] check (res://tests/jewel_crafting_test.gd:25)
       [1] _transactions (res://tests/jewel_crafting_test.gd:156)
       [2] run (res://tests/jewel_crafting_test.gd:30)
ERROR: Retry applies authoritative deterministic result at same location
   at: push_error (core/variant/variant_utility.cpp:1024)
   GDScript backtrace (most recent call first):
       [0] check (res://tests/jewel_crafting_test.gd:25)
       [1] _transactions (res://tests/jewel_crafting_test.gd:142)
       [2] run (res://tests/jewel_crafting_test.gd:30)
ERROR: Exact debit consumes actual split stacks
   at: push_error (core/variant/variant_utility.cpp:1024)
   GDScript backtrace (most recent call first):
       [0] check (res://tests/jewel_crafting_test.gd:25)
       [1] _transactions (res://tests/jewel_crafting_test.gd:143)
       [2] run (res://tests/jewel_crafting_test.gd:30)
ERROR: No schema or serial bump; both revisions once
   at: push_error (core/variant/variant_utility.cpp:1024)
   GDScript backtrace (most recent call first):
       [0] check (res://tests/jewel_crafting_test.gd:25)
       [1] _transactions (res://tests/jewel_crafting_test.gd:145)
       [2] run (res://tests/jewel_crafting_test.gd:30)
ERROR: One changed signal and one save
   at: push_error (core/variant/variant_utility.cpp:1024)
   GDScript backtrace (most recent call first):
       [0] check (res://tests/jewel_crafting_test.gd:25)
       [1] _transactions (res://tests/jewel_crafting_test.gd:146)
       [2] run (res://tests/jewel_crafting_test.gd:30)
ERROR: Rolled jewel can be salvaged
   at: push_error (core/variant/variant_utility.cpp:1024)
   GDScript backtrace (most recent call first):
       [0] check (res://tests/jewel_crafting_test.gd:25)
       [1] _transactions (res://tests/jewel_crafting_test.gd:155)
       [2] run (res://tests/jewel_crafting_test.gd:30)
ERROR: Salvage removes one exact UID with fixed credit
   at: push_error (core/variant/variant_utility.cpp:1024)
   GDScript backtrace (most recent call first):
       [0] check (res://tests/jewel_crafting_test.gd:25)
       [1] _transactions (res://tests/jewel_crafting_test.gd:156)
       [2] run (res://tests/jewel_crafting_test.gd:30)
ERROR: Retry applies authoritative deterministic result at same location
   at: push_error (core/variant/variant_utility.cpp:1024)
   GDScript backtrace (most recent call first):
       [0] check (res://tests/jewel_crafting_test.gd:25)
       [1] _transactions (res://tests/jewel_crafting_test.gd:142)
       [2] run (res://tests/jewel_crafting_test.gd:30)
ERROR: Exact debit consumes actual split stacks
   at: push_error (core/variant/variant_utility.cpp:1024)
   GDScript backtrace (most recent call first):
       [0] check (res://tests/jewel_crafting_test.gd:25)
       [1] _transactions (res://tests/jewel_crafting_test.gd:143)
       [2] run (res://tests/jewel_crafting_test.gd:30)
ERROR: No schema or serial bump; both revisions once
   at: push_error (core/variant/variant_utility.cpp:1024)
   GDScript backtrace (most recent call first):
       [0] check (res://tests/jewel_crafting_test.gd:25)
       [1] _transactions (res://tests/jewel_crafting_test.gd:145)
       [2] run (res://tests/jewel_crafting_test.gd:30)
ERROR: One changed signal and one save
   at: push_error (core/variant/variant_utility.cpp:1024)
   GDScript backtrace (most recent call first):
       [0] check (res://tests/jewel_crafting_test.gd:25)
       [1] _transactions (res://tests/jewel_crafting_test.gd:146)
       [2] run (res://tests/jewel_crafting_test.gd:30)
ERROR: Rolled jewel can be salvaged
   at: push_error (core/variant/variant_utility.cpp:1024)
   GDScript backtrace (most recent call first):
       [0] check (res://tests/jewel_crafting_test.gd:25)
       [1] _transactions (res://tests/jewel_crafting_test.gd:155)
       [2] run (res://tests/jewel_crafting_test.gd:30)
ERROR: Salvage removes one exact UID with fixed credit
   at: push_error (core/variant/variant_utility.cpp:1024)
   GDScript backtrace (most recent call first):
       [0] check (res://tests/jewel_crafting_test.gd:25)
       [1] _transactions (res://tests/jewel_crafting_test.gd:156)
       [2] run (res://tests/jewel_crafting_test.gd:30)
ERROR: Retry applies authoritative deterministic result at same location
   at: push_error (core/variant/variant_utility.cpp:1024)
   GDScript backtrace (most recent call first):
       [0] check (res://tests/jewel_crafting_test.gd:25)
       [1] _transactions (res://tests/jewel_crafting_test.gd:142)
       [2] run (res://tests/jewel_crafting_test.gd:30)
ERROR: Exact debit consumes actual split stacks
   at: push_error (core/variant/variant_utility.cpp:1024)
   GDScript backtrace (most recent call first):
       [0] check (res://tests/jewel_crafting_test.gd:25)
       [1] _transactions (res://tests/jewel_crafting_test.gd:143)
       [2] run (res://tests/jewel_crafting_test.gd:30)
ERROR: No schema or serial bump; both revisions once
   at: push_error (core/variant/variant_utility.cpp:1024)
   GDScript backtrace (most recent call first):
       [0] check (res://tests/jewel_crafting_test.gd:25)
       [1] _transactions (res://tests/jewel_crafting_test.gd:145)
       [2] run (res://tests/jewel_crafting_test.gd:30)
ERROR: One changed signal and one save
   at: push_error (core/variant/variant_utility.cpp:1024)
   GDScript backtrace (most recent call first):
       [0] check (res://tests/jewel_crafting_test.gd:25)
       [1] _transactions (res://tests/jewel_crafting_test.gd:146)
       [2] run (res://tests/jewel_crafting_test.gd:30)
ERROR: Rolled jewel can be salvaged
   at: push_error (core/variant/variant_utility.cpp:1024)
   GDScript backtrace (most recent call first):
       [0] check (res://tests/jewel_crafting_test.gd:25)
       [1] _transactions (res://tests/jewel_crafting_test.gd:155)
       [2] run (res://tests/jewel_crafting_test.gd:30)
ERROR: Salvage removes one exact UID with fixed credit
   at: push_error (core/variant/variant_utility.cpp:1024)
   GDScript backtrace (most recent call first):
       [0] check (res://tests/jewel_crafting_test.gd:25)
       [1] _transactions (res://tests/jewel_crafting_test.gd:156)
       [2] run (res://tests/jewel_crafting_test.gd:30)
ERROR: Retry applies authoritative deterministic result at same location
   at: push_error (core/variant/variant_utility.cpp:1024)
   GDScript backtrace (most recent call first):
       [0] check (res://tests/jewel_crafting_test.gd:25)
       [1] _transactions (res://tests/jewel_crafting_test.gd:142)
       [2] run (res://tests/jewel_crafting_test.gd:30)
ERROR: Exact debit consumes actual split stacks
   at: push_error (core/variant/variant_utility.cpp:1024)
   GDScript backtrace (most recent call first):
       [0] check (res://tests/jewel_crafting_test.gd:25)
       [1] _transactions (res://tests/jewel_crafting_test.gd:143)
       [2] run (res://tests/jewel_crafting_test.gd:30)
ERROR: No schema or serial bump; both revisions once
   at: push_error (core/variant/variant_utility.cpp:1024)
   GDScript backtrace (most recent call first):
       [0] check (res://tests/jewel_crafting_test.gd:25)
       [1] _transactions (res://tests/jewel_crafting_test.gd:145)
       [2] run (res://tests/jewel_crafting_test.gd:30)
ERROR: One changed signal and one save
   at: push_error (core/variant/variant_utility.cpp:1024)
   GDScript backtrace (most recent call first):
       [0] check (res://tests/jewel_crafting_test.gd:25)
       [1] _transactions (res://tests/jewel_crafting_test.gd:146)
       [2] run (res://tests/jewel_crafting_test.gd:30)
ERROR: Rolled jewel can be salvaged
   at: push_error (core/variant/variant_utility.cpp:1024)
   GDScript backtrace (most recent call first):
       [0] check (res://tests/jewel_crafting_test.gd:25)
       [1] _transactions (res://tests/jewel_crafting_test.gd:155)
       [2] run (res://tests/jewel_crafting_test.gd:30)
ERROR: Salvage removes one exact UID with fixed credit
   at: push_error (core/variant/variant_utility.cpp:1024)
   GDScript backtrace (most recent call first):
       [0] check (res://tests/jewel_crafting_test.gd:25)
       [1] _transactions (res://tests/jewel_crafting_test.gd:156)
       [2] run (res://tests/jewel_crafting_test.gd:30)
ERROR: Recovery fixture is a legal build
   at: push_error (core/variant/variant_utility.cpp:1024)
   GDScript backtrace (most recent call first):
       [0] check (res://tests/jewel_crafting_test.gd:25)
       [1] _guards (res://tests/jewel_crafting_test.gd:167)
       [2] run (res://tests/jewel_crafting_test.gd:30)
ERROR: Persist legal recovery fixture
   at: push_error (core/variant/variant_utility.cpp:1024)
   GDScript backtrace (most recent call first):
       [0] check (res://tests/jewel_crafting_test.gd:25)
       [1] _guards (res://tests/jewel_crafting_test.gd:168)
       [2] run (res://tests/jewel_crafting_test.gd:30)
SCRIPT ERROR: Trying to assign value of type 'Array' to a variable of type 'Vector2i'.
          at: _capacity (res://tests/jewel_crafting_test.gd:219)
          GDScript backtrace (most recent call first):
              [0] _capacity (res://tests/jewel_crafting_test.gd:219)
              [1] run (res://tests/jewel_crafting_test.gd:30)
ERROR: Case completed: _capacity
   at: push_error (core/variant/variant_utility.cpp:1024)
   GDScript backtrace (most recent call first):
       [0] check (res://tests/jewel_crafting_test.gd:25)
       [1] run (res://tests/jewel_crafting_test.gd:31)
ERROR: Ordinary bag reforge with active special support
   at: push_error (core/variant/variant_utility.cpp:1024)
   GDScript backtrace (most recent call first):
       [0] check (res://tests/jewel_crafting_test.gd:25)
       [1] _sockets (res://tests/jewel_crafting_test.gd:267)
       [2] run (res://tests/jewel_crafting_test.gd:30)
Ordinary jewel crafting: 1341 checks, 42 failures
