Godot Engine v4.6.3.stable.official.7d41c59c4 - https://godotengine.org

godot-game: playable arena ready
ERROR: Raw event ordering and payload-independent trace exact
   at: push_error (core/variant/variant_utility.cpp:1024)
   GDScript backtrace (most recent call first):
       [0] check (res://tests/ember_event_clock_test.gd:9)
       [1] run (res://tests/ember_event_clock_test.gd:51)
ERROR: Raw event ordering and payload-independent trace exact
   at: push_error (core/variant/variant_utility.cpp:1024)
   GDScript backtrace (most recent call first):
       [0] check (res://tests/ember_event_clock_test.gd:9)
       [1] run (res://tests/ember_event_clock_test.gd:51)
ERROR: Raw event ordering and payload-independent trace exact
   at: push_error (core/variant/variant_utility.cpp:1024)
   GDScript backtrace (most recent call first):
       [0] check (res://tests/ember_event_clock_test.gd:9)
       [1] run (res://tests/ember_event_clock_test.gd:51)
ERROR: Raw event ordering and payload-independent trace exact
   at: push_error (core/variant/variant_utility.cpp:1024)
   GDScript backtrace (most recent call first):
       [0] check (res://tests/ember_event_clock_test.gd:9)
       [1] run (res://tests/ember_event_clock_test.gd:51)
ERROR: Every burn uses relative chain clock even at long uptime
   at: push_error (core/variant/variant_utility.cpp:1024)
   GDScript backtrace (most recent call first):
       [0] check (res://tests/ember_event_clock_test.gd:9)
       [1] run (res://tests/ember_event_clock_test.gd:53)
ERROR: Every burn uses relative chain clock even at long uptime
   at: push_error (core/variant/variant_utility.cpp:1024)
   GDScript backtrace (most recent call first):
       [0] check (res://tests/ember_event_clock_test.gd:9)
       [1] run (res://tests/ember_event_clock_test.gd:53)
ERROR: Every burn uses relative chain clock even at long uptime
   at: push_error (core/variant/variant_utility.cpp:1024)
   GDScript backtrace (most recent call first):
       [0] check (res://tests/ember_event_clock_test.gd:9)
       [1] run (res://tests/ember_event_clock_test.gd:53)
godot-game: playable arena ready
ERROR: Raw event ordering and payload-independent trace exact
   at: push_error (core/variant/variant_utility.cpp:1024)
   GDScript backtrace (most recent call first):
       [0] check (res://tests/ember_event_clock_test.gd:9)
       [1] run (res://tests/ember_event_clock_test.gd:51)
ERROR: Raw event ordering and payload-independent trace exact
   at: push_error (core/variant/variant_utility.cpp:1024)
   GDScript backtrace (most recent call first):
       [0] check (res://tests/ember_event_clock_test.gd:9)
       [1] run (res://tests/ember_event_clock_test.gd:51)
ERROR: Raw event ordering and payload-independent trace exact
   at: push_error (core/variant/variant_utility.cpp:1024)
   GDScript backtrace (most recent call first):
       [0] check (res://tests/ember_event_clock_test.gd:9)
       [1] run (res://tests/ember_event_clock_test.gd:51)
ERROR: Raw event ordering and payload-independent trace exact
   at: push_error (core/variant/variant_utility.cpp:1024)
   GDScript backtrace (most recent call first):
       [0] check (res://tests/ember_event_clock_test.gd:9)
       [1] run (res://tests/ember_event_clock_test.gd:51)
Ember event clock: 45 checks, 11 failures
