START candidate_ember {"label": "candidate_ember", "command": ["/usr/local/bin/godot", "--headless", "--path", "/workspace/scratch/a51485f153de/v095-burn-profile-audit", "--script", "res://tools/diagnostics/burn_profile_allocation_audit.gd"], "environment": {"XDG_DATA_HOME": "/tmp/godot-m1-v095-candidate_ember-3t_lcorf/data", "XDG_CACHE_HOME": "/tmp/godot-m1-v095-candidate_ember-3t_lcorf/cache", "XDG_CONFIG_HOME": "/tmp/godot-m1-v095-candidate_ember-3t_lcorf/config", "V095_INSTRUMENTED": "0", "V095_PROFILE_OUT": "/workspace/scratch/a51485f153de/v095-burn-profile-audit/docs/qa/v095-candidate/candidate_ember.json", "V095_MODE": "ember_deaths"}, "frames": {"ember_deaths": 20}, "started_at_unix": 1791358479.1816652}
Godot Engine v4.6.3.stable.official.7d41c59c4 - https://godotengine.org

godot-game: playable arena ready
V095_FRAME ember_deaths 0 811997
V095_FRAME ember_deaths 1 23165
V095_FRAME ember_deaths 2 22300
V095_FRAME ember_deaths 3 103300
V095_FRAME ember_deaths 4 201593
V095_FRAME ember_deaths 5 152233
V095_FRAME ember_deaths 6 120569
V095_FRAME ember_deaths 7 115401
V095_FRAME ember_deaths 8 63920
V095_FRAME ember_deaths 9 66114
V095_FRAME ember_deaths 10 189272
V095_FRAME ember_deaths 11 272083
V095_FRAME ember_deaths 12 160647
V095_FRAME ember_deaths 13 238844
V095_FRAME ember_deaths 14 162156
V095_FRAME ember_deaths 15 129020
V095_FRAME ember_deaths 16 327067
V095_FRAME ember_deaths 17 151118
V095_FRAME ember_deaths 18 59494
V095_FRAME ember_deaths 19 56707
DENSITY_CASE ember_deaths {"max_us":811997,"mean_us":171350.0,"n":20,"over_16_7_ms":20,"over_33_3_ms":18,"p50_us":151118,"p95_us":811997} calls={}
V095_BURN_PROFILE_AUDIT_COMPLETE
CANDIDATE_COMPARE ember_deaths {"mean_us": {"before": 179541.35, "after": 171350.0, "change_fraction": -0.045623751854377836}, "p50_us": {"before": 151529, "after": 151118, "change_fraction": -0.0027123520910188326}, "p95_us": {"before": 831212, "after": 811997, "change_fraction": -0.023116846243798173}, "max_us": {"before": 831212, "after": 811997, "change_fraction": -0.023116846243798173}}
START candidate_no_burn {"label": "candidate_no_burn", "command": ["/usr/local/bin/godot", "--headless", "--path", "/workspace/scratch/a51485f153de/v095-burn-profile-audit", "--script", "res://tools/diagnostics/burn_profile_allocation_audit.gd"], "environment": {"XDG_DATA_HOME": "/tmp/godot-m1-v095-candidate_no_burn-_g5_3kvg/data", "XDG_CACHE_HOME": "/tmp/godot-m1-v095-candidate_no_burn-_g5_3kvg/cache", "XDG_CONFIG_HOME": "/tmp/godot-m1-v095-candidate_no_burn-_g5_3kvg/config", "V095_INSTRUMENTED": "0", "V095_PROFILE_OUT": "/workspace/scratch/a51485f153de/v095-burn-profile-audit/docs/qa/v095-candidate/candidate_no_burn.json", "V095_MODE": "no_burn"}, "frames": {"no_burn": 4}, "started_at_unix": 1791358492.142655}
Godot Engine v4.6.3.stable.official.7d41c59c4 - https://godotengine.org

godot-game: playable arena ready
V095_FRAME no_burn 0 74687
V095_FRAME no_burn 1 77498
V095_FRAME no_burn 2 79371
V095_FRAME no_burn 3 89254
DENSITY_CASE no_burn {"max_us":89254,"mean_us":80202.5,"n":4,"over_16_7_ms":4,"over_33_3_ms":4,"p50_us":79371,"p95_us":89254} calls={}
V095_BURN_PROFILE_AUDIT_COMPLETE
CANDIDATE_COMPARE no_burn {"mean_us": {"before": 77687.0, "after": 80202.5, "change_fraction": 0.032379934866837434}, "p50_us": {"before": 76944, "after": 79371, "change_fraction": 0.03154242046163436}, "p95_us": {"before": 83316, "after": 89254, "change_fraction": 0.07127082433146104}, "max_us": {"before": 83316, "after": 89254, "change_fraction": 0.07127082433146104}}
