Godot Engine v4.6.3.stable.official.7d41c59c4 - https://godotengine.org

WARNING: Loaded resource as image file, this will not work on export: 'res://assets/actors/brute_atlas.png'. Instead, import the image file as an Image resource and load it normally as a resource.
     at: load_from_file (core/io/image.cpp:2766)
     GDScript backtrace (most recent call first):
         [0] _extract_and_check (res://tools/export_monster_reference_art.gd:74)
         [1] run (res://tools/export_monster_reference_art.gd:35)
WARNING: Loaded resource as image file, this will not work on export: 'res://assets/actors/brute_atlas.png'. Instead, import the image file as an Image resource and load it normally as a resource.
     at: load_from_file (core/io/image.cpp:2766)
     GDScript backtrace (most recent call first):
         [0] _extract_and_check (res://tools/export_monster_reference_art.gd:74)
         [1] run (res://tools/export_monster_reference_art.gd:35)
WARNING: Loaded resource as image file, this will not work on export: 'res://assets/actors/brute_atlas.png'. Instead, import the image file as an Image resource and load it normally as a resource.
     at: load_from_file (core/io/image.cpp:2766)
     GDScript backtrace (most recent call first):
         [0] _extract_and_check (res://tools/export_monster_reference_art.gd:74)
         [1] run (res://tools/export_monster_reference_art.gd:35)
WARNING: Loaded resource as image file, this will not work on export: 'res://assets/actors/crawler_atlas.png'. Instead, import the image file as an Image resource and load it normally as a resource.
     at: load_from_file (core/io/image.cpp:2766)
     GDScript backtrace (most recent call first):
         [0] _extract_and_check (res://tools/export_monster_reference_art.gd:74)
         [1] run (res://tools/export_monster_reference_art.gd:35)
WARNING: Loaded resource as image file, this will not work on export: 'res://assets/actors/brute_atlas.png'. Instead, import the image file as an Image resource and load it normally as a resource.
     at: load_from_file (core/io/image.cpp:2766)
     GDScript backtrace (most recent call first):
         [0] _extract_and_check (res://tools/export_monster_reference_art.gd:74)
         [1] run (res://tools/export_monster_reference_art.gd:35)
WARNING: Loaded resource as image file, this will not work on export: 'res://assets/actors/brute_atlas.png'. Instead, import the image file as an Image resource and load it normally as a resource.
     at: load_from_file (core/io/image.cpp:2766)
     GDScript backtrace (most recent call first):
         [0] _extract_and_check (res://tools/export_monster_reference_art.gd:74)
         [1] run (res://tools/export_monster_reference_art.gd:35)
WARNING: Loaded resource as image file, this will not work on export: 'res://assets/actors/skitter_atlas.png'. Instead, import the image file as an Image resource and load it normally as a resource.
     at: load_from_file (core/io/image.cpp:2766)
     GDScript backtrace (most recent call first):
         [0] _extract_and_check (res://tools/export_monster_reference_art.gd:74)
         [1] run (res://tools/export_monster_reference_art.gd:35)
WARNING: Loaded resource as image file, this will not work on export: 'res://assets/actors/rift_warden_atlas.png'. Instead, import the image file as an Image resource and load it normally as a resource.
     at: load_from_file (core/io/image.cpp:2766)
     GDScript backtrace (most recent call first):
         [0] _extract_and_check (res://tools/export_monster_reference_art.gd:74)
         [1] run (res://tools/export_monster_reference_art.gd:35)
WARNING: Loaded resource as image file, this will not work on export: 'res://assets/actors/skitter_atlas.png'. Instead, import the image file as an Image resource and load it normally as a resource.
     at: load_from_file (core/io/image.cpp:2766)
     GDScript backtrace (most recent call first):
         [0] _extract_and_check (res://tools/export_monster_reference_art.gd:74)
         [1] run (res://tools/export_monster_reference_art.gd:35)
WARNING: Loaded resource as image file, this will not work on export: 'res://assets/actors/crawler_atlas.png'. Instead, import the image file as an Image resource and load it normally as a resource.
     at: load_from_file (core/io/image.cpp:2766)
     GDScript backtrace (most recent call first):
         [0] _extract_and_check (res://tools/export_monster_reference_art.gd:74)
         [1] run (res://tools/export_monster_reference_art.gd:35)
WARNING: Loaded resource as image file, this will not work on export: 'res://assets/actors/skitter_atlas.png'. Instead, import the image file as an Image resource and load it normally as a resource.
     at: load_from_file (core/io/image.cpp:2766)
     GDScript backtrace (most recent call first):
         [0] _extract_and_check (res://tools/export_monster_reference_art.gd:74)
         [1] run (res://tools/export_monster_reference_art.gd:35)
MONSTER_REFERENCE_ART_PASS: 11 templates, 4 source families; export.json
