Godot Engine v4.6.3.stable.official.7d41c59c4 - https://godotengine.org

godot-game: playable arena ready
SCRIPT ERROR: Trying to assign value of type 'Array' to a variable of type 'Vector2i'.
          at: CanonicalGameState._gem_buy_space_reason (res://scripts/canonical_game_state.gd:842)
          GDScript backtrace (most recent call first):
              [0] _gem_buy_space_reason (res://scripts/canonical_game_state.gd:842)
              [1] normal_gem_offers (res://scripts/canonical_game_state.gd:804)
              [2] normal_gem_offers (res://scripts/main.gd:1723)
              [3] town_stock (res://scripts/main.gd:1708)
              [4] _select (res://scripts/ui/town_service_panel.gd:167)
              [5] open_service (res://scripts/ui/town_service_panel.gd:139)
              [6] run (res://tests/gem_trade_controls_test.gd:23)
SCRIPT ERROR: Trying to assign value of type 'Array' to a variable of type 'Vector2i'.
          at: CanonicalGameState._gem_buy_space_reason (res://scripts/canonical_game_state.gd:842)
          GDScript backtrace (most recent call first):
              [0] _gem_buy_space_reason (res://scripts/canonical_game_state.gd:842)
              [1] normal_gem_offers (res://scripts/canonical_game_state.gd:804)
              [2] normal_gem_offers (res://scripts/main.gd:1723)
              [3] town_stock (res://scripts/main.gd:1708)
              [4] _select (res://scripts/ui/town_service_panel.gd:167)
              [5] open_service (res://scripts/ui/town_service_panel.gd:139)
              [6] run (res://tests/gem_trade_controls_test.gd:23)
SCRIPT ERROR: Trying to assign value of type 'Array' to a variable of type 'Vector2i'.
          at: CanonicalGameState._gem_buy_space_reason (res://scripts/canonical_game_state.gd:842)
          GDScript backtrace (most recent call first):
              [0] _gem_buy_space_reason (res://scripts/canonical_game_state.gd:842)
              [1] normal_gem_offers (res://scripts/canonical_game_state.gd:804)
              [2] normal_gem_offers (res://scripts/main.gd:1723)
              [3] town_stock (res://scripts/main.gd:1708)
              [4] _select (res://scripts/ui/town_service_panel.gd:167)
              [5] _confirm_gem_purchase (res://scripts/ui/town_service_panel.gd:211)
              [6] run (res://tests/gem_trade_controls_test.gd:36)
SCRIPT ERROR: Trying to assign value of type 'Array' to a variable of type 'Vector2i'.
          at: CanonicalGameState._gem_buy_space_reason (res://scripts/canonical_game_state.gd:842)
          GDScript backtrace (most recent call first):
              [0] _gem_buy_space_reason (res://scripts/canonical_game_state.gd:842)
              [1] normal_gem_offers (res://scripts/canonical_game_state.gd:804)
              [2] normal_gem_offers (res://scripts/main.gd:1723)
              [3] town_stock (res://scripts/main.gd:1708)
              [4] _select (res://scripts/ui/town_service_panel.gd:167)
              [5] _confirm_gem_purchase (res://scripts/ui/town_service_panel.gd:211)
              [6] run (res://tests/gem_trade_controls_test.gd:36)
SCRIPT ERROR: Trying to assign value of type 'Array' to a variable of type 'Vector2i'.
          at: CanonicalGameState._gem_buy_space_reason (res://scripts/canonical_game_state.gd:842)
          GDScript backtrace (most recent call first):
              [0] _gem_buy_space_reason (res://scripts/canonical_game_state.gd:842)
              [1] normal_gem_offers (res://scripts/canonical_game_state.gd:804)
              [2] normal_gem_offers (res://scripts/main.gd:1723)
              [3] town_stock (res://scripts/main.gd:1708)
              [4] _select (res://scripts/ui/town_service_panel.gd:167)
              [5] _confirm_gem_purchase (res://scripts/ui/town_service_panel.gd:211)
              [6] run (res://tests/gem_trade_controls_test.gd:36)
SCRIPT ERROR: Trying to assign value of type 'Array' to a variable of type 'Vector2i'.
          at: CanonicalGameState._gem_buy_space_reason (res://scripts/canonical_game_state.gd:842)
          GDScript backtrace (most recent call first):
              [0] _gem_buy_space_reason (res://scripts/canonical_game_state.gd:842)
              [1] normal_gem_offers (res://scripts/canonical_game_state.gd:804)
              [2] normal_gem_offers (res://scripts/main.gd:1723)
              [3] town_stock (res://scripts/main.gd:1708)
              [4] _select (res://scripts/ui/town_service_panel.gd:167)
              [5] _confirm_gem_purchase (res://scripts/ui/town_service_panel.gd:211)
              [6] run (res://tests/gem_trade_controls_test.gd:36)
Gem trade controls: 15 checks, 0 failures
