Godot Engine v4.6.3.stable.official.7d41c59c4 - https://godotengine.org

ERROR: String formatting error: unsupported format character.
   at: validated_evaluate (core/variant/variant_op.h:829)
   GDScript backtrace (most recent call first):
       [0] case_run (res://tests/chaos_immunity_character_display_test.gd:63)
       [1] run (res://tests/chaos_immunity_character_display_test.gd:87)
godot-game: playable arena ready
ERROR: String formatting error: unsupported format character.
   at: validated_evaluate (core/variant/variant_op.h:829)
   GDScript backtrace (most recent call first):
       [0] case_run (res://tests/chaos_immunity_character_display_test.gd:63)
       [1] run (res://tests/chaos_immunity_character_display_test.gd:87)
       [2] case_run (res://tests/chaos_immunity_character_display_test.gd:83)
ERROR: Explicit lawful Witch prefix fixture, existing 25% ring=%s
   at: push_error (core/variant/variant_utility.cpp:1024)
   GDScript backtrace (most recent call first):
       [0] check (res://tests/chaos_immunity_character_display_test.gd:19)
       [1] case_run (res://tests/chaos_immunity_character_display_test.gd:63)
       [2] run (res://tests/chaos_immunity_character_display_test.gd:87)
       [3] case_run (res://tests/chaos_immunity_character_display_test.gd:83)
ERROR: Load current59 fixture without migration
   at: push_error (core/variant/variant_utility.cpp:1024)
   GDScript backtrace (most recent call first):
       [0] check (res://tests/chaos_immunity_character_display_test.gd:19)
       [1] case_run (res://tests/chaos_immunity_character_display_test.gd:65)
       [2] run (res://tests/chaos_immunity_character_display_test.gd:87)
       [3] case_run (res://tests/chaos_immunity_character_display_test.gd:83)
godot-game: playable arena ready
ERROR: Fixture supplies actual expected ordinary resistance
   at: push_error (core/variant/variant_utility.cpp:1024)
   GDScript backtrace (most recent call first):
       [0] check (res://tests/chaos_immunity_character_display_test.gd:19)
       [1] case_run (res://tests/chaos_immunity_character_display_test.gd:71)
       [2] run (res://tests/chaos_immunity_character_display_test.gd:87)
       [3] case_run (res://tests/chaos_immunity_character_display_test.gd:83)
ERROR: Actual allocation transaction
   at: push_error (core/variant/variant_utility.cpp:1024)
   GDScript backtrace (most recent call first):
       [0] check (res://tests/chaos_immunity_character_display_test.gd:19)
       [1] transition (res://tests/chaos_immunity_character_display_test.gd:51)
       [2] case_run (res://tests/chaos_immunity_character_display_test.gd:73)
       [3] open_character (res://tests/chaos_immunity_character_display_test.gd:46)
ERROR: Model change/UI signal adds only the authorized talent/revision change and one save
   at: push_error (core/variant/variant_utility.cpp:1024)
   GDScript backtrace (most recent call first):
       [0] check (res://tests/chaos_immunity_character_display_test.gd:19)
       [1] transition (res://tests/chaos_immunity_character_display_test.gd:54)
       [2] case_run (res://tests/chaos_immunity_character_display_test.gd:73)
       [3] open_character (res://tests/chaos_immunity_character_display_test.gd:46)
ERROR: true/allocated visible: final Life ceiling
   at: push_error (core/variant/variant_utility.cpp:1024)
   GDScript backtrace (most recent call first):
       [0] check (res://tests/chaos_immunity_character_display_test.gd:19)
       [1] display_check (res://tests/chaos_immunity_character_display_test.gd:29)
       [2] case_run (res://tests/chaos_immunity_character_display_test.gd:73)
       [3] open_character (res://tests/chaos_immunity_character_display_test.gd:46)
ERROR: true/allocated visible: explicit immunity and Life tradeoff
   at: push_error (core/variant/variant_utility.cpp:1024)
   GDScript backtrace (most recent call first):
       [0] check (res://tests/chaos_immunity_character_display_test.gd:19)
       [1] display_check (res://tests/chaos_immunity_character_display_test.gd:31)
       [2] case_run (res://tests/chaos_immunity_character_display_test.gd:73)
       [3] open_character (res://tests/chaos_immunity_character_display_test.gd:46)
ERROR: true/allocated visible: no ordinary mitigation explanation on immune state
   at: push_error (core/variant/variant_utility.cpp:1024)
   GDScript backtrace (most recent call first):
       [0] check (res://tests/chaos_immunity_character_display_test.gd:19)
       [1] display_check (res://tests/chaos_immunity_character_display_test.gd:33)
       [2] case_run (res://tests/chaos_immunity_character_display_test.gd:73)
       [3] open_character (res://tests/chaos_immunity_character_display_test.gd:46)
ERROR: Actual refund transaction
   at: push_error (core/variant/variant_utility.cpp:1024)
   GDScript backtrace (most recent call first):
       [0] check (res://tests/chaos_immunity_character_display_test.gd:19)
       [1] transition (res://tests/chaos_immunity_character_display_test.gd:51)
       [2] case_run (res://tests/chaos_immunity_character_display_test.gd:74)
       [3] open_character (res://tests/chaos_immunity_character_display_test.gd:46)
ERROR: Model change/UI signal adds only the authorized talent/revision change and one save
   at: push_error (core/variant/variant_utility.cpp:1024)
   GDScript backtrace (most recent call first):
       [0] check (res://tests/chaos_immunity_character_display_test.gd:19)
       [1] transition (res://tests/chaos_immunity_character_display_test.gd:54)
       [2] case_run (res://tests/chaos_immunity_character_display_test.gd:74)
       [3] open_character (res://tests/chaos_immunity_character_display_test.gd:46)
ERROR: Actual allocation transaction
   at: push_error (core/variant/variant_utility.cpp:1024)
   GDScript backtrace (most recent call first):
       [0] check (res://tests/chaos_immunity_character_display_test.gd:19)
       [1] transition (res://tests/chaos_immunity_character_display_test.gd:51)
       [2] case_run (res://tests/chaos_immunity_character_display_test.gd:77)
       [3] open_character (res://tests/chaos_immunity_character_display_test.gd:46)
ERROR: Model change/UI signal adds only the authorized talent/revision change and one save
   at: push_error (core/variant/variant_utility.cpp:1024)
   GDScript backtrace (most recent call first):
       [0] check (res://tests/chaos_immunity_character_display_test.gd:19)
       [1] transition (res://tests/chaos_immunity_character_display_test.gd:54)
       [2] case_run (res://tests/chaos_immunity_character_display_test.gd:77)
       [3] open_character (res://tests/chaos_immunity_character_display_test.gd:46)
ERROR: true/reopened allocated: final Life ceiling
   at: push_error (core/variant/variant_utility.cpp:1024)
   GDScript backtrace (most recent call first):
       [0] check (res://tests/chaos_immunity_character_display_test.gd:19)
       [1] display_check (res://tests/chaos_immunity_character_display_test.gd:29)
       [2] case_run (res://tests/chaos_immunity_character_display_test.gd:78)
       [3] open_character (res://tests/chaos_immunity_character_display_test.gd:46)
ERROR: true/reopened allocated: explicit immunity and Life tradeoff
   at: push_error (core/variant/variant_utility.cpp:1024)
   GDScript backtrace (most recent call first):
       [0] check (res://tests/chaos_immunity_character_display_test.gd:19)
       [1] display_check (res://tests/chaos_immunity_character_display_test.gd:31)
       [2] case_run (res://tests/chaos_immunity_character_display_test.gd:78)
       [3] open_character (res://tests/chaos_immunity_character_display_test.gd:46)
ERROR: true/reopened allocated: no ordinary mitigation explanation on immune state
   at: push_error (core/variant/variant_utility.cpp:1024)
   GDScript backtrace (most recent call first):
       [0] check (res://tests/chaos_immunity_character_display_test.gd:19)
       [1] display_check (res://tests/chaos_immunity_character_display_test.gd:33)
       [2] case_run (res://tests/chaos_immunity_character_display_test.gd:78)
       [3] open_character (res://tests/chaos_immunity_character_display_test.gd:46)
ERROR: Actual refund transaction
   at: push_error (core/variant/variant_utility.cpp:1024)
   GDScript backtrace (most recent call first):
       [0] check (res://tests/chaos_immunity_character_display_test.gd:19)
       [1] transition (res://tests/chaos_immunity_character_display_test.gd:51)
       [2] case_run (res://tests/chaos_immunity_character_display_test.gd:80)
       [3] open_character (res://tests/chaos_immunity_character_display_test.gd:46)
ERROR: Model change/UI signal adds only the authorized talent/revision change and one save
   at: push_error (core/variant/variant_utility.cpp:1024)
   GDScript backtrace (most recent call first):
       [0] check (res://tests/chaos_immunity_character_display_test.gd:19)
       [1] transition (res://tests/chaos_immunity_character_display_test.gd:54)
       [2] case_run (res://tests/chaos_immunity_character_display_test.gd:80)
       [3] open_character (res://tests/chaos_immunity_character_display_test.gd:46)
CI_CHARACTER_DISPLAY checks=99 failures=17
