Godot Engine v4.6.3.stable.official.7d41c59c4 - https://godotengine.org
WARNING: Could not set V-Sync mode, as changing V-Sync mode is not supported by the graphics driver.
     at: set_use_vsync (platform/linuxbsd/x11/gl_manager_x11.cpp:364)
OpenGL API 4.5 (Core Profile) Mesa 25.0.7-2+deb13u1 - Compatibility - Using Device: Mesa - llvmpipe (LLVM 19.1.7, 256 bits)

godot-game: playable arena ready
SCRIPT ERROR: Invalid access to property or key 'resistances' on a base object of type 'Dictionary'.
          at: actors_once (res://tests/chaos_aegis_main_test.gd:28)
          GDScript backtrace (most recent call first):
              [0] actors_once (res://tests/chaos_aegis_main_test.gd:28)
              [1] run (res://tests/chaos_aegis_main_test.gd:62)
              [2] click (res://tests/chaos_aegis_main_test.gd:22)
              [3] settle (res://tests/chaos_aegis_main_test.gd:9)
SCRIPT ERROR: Invalid access to property or key 'resistances' on a base object of type 'Dictionary'.
          at: actors_once (res://tests/chaos_aegis_main_test.gd:28)
          GDScript backtrace (most recent call first):
              [0] actors_once (res://tests/chaos_aegis_main_test.gd:28)
              [1] run (res://tests/chaos_aegis_main_test.gd:80)
              [2] click (res://tests/chaos_aegis_main_test.gd:22)
              [3] settle (res://tests/chaos_aegis_main_test.gd:9)
SCRIPT ERROR: Invalid access to property or key 'resistances' on a base object of type 'Dictionary'.
          at: actors_once (res://tests/chaos_aegis_main_test.gd:28)
          GDScript backtrace (most recent call first):
              [0] actors_once (res://tests/chaos_aegis_main_test.gd:28)
              [1] run (res://tests/chaos_aegis_main_test.gd:83)
              [2] click (res://tests/chaos_aegis_main_test.gd:22)
              [3] settle (res://tests/chaos_aegis_main_test.gd:9)
CHAOS_AEGIS_MAIN {"cases":[{"case":"formal_mixed_hit","components":{"chaos":80.0,"cold":100.0,"fire":100.0,"lightning":100.0,"physical":100.0},"health_after":9570.0,"shield_spent":50.0}],"checks":99,"display":"X11","failed_labels":[],"failures":0,"fixture":"Canonical physical currency40 and trusted tierI completion; not natural earning or full-clear combat"}
