{
  "baseline": "a2f6f21669c43c037668756e512e9aa32c898923",
  "note": "正式地图首领的稀有装备在背包放不下时进入待安置；按 I 腾出尺寸足够的连续空间后取回同一实例，UID 与词缀保持。原物品与序号上限不变。",
  "old_input_html_byte_identical": true,
  "old_catalog_semantics_and_value_bytes_preserved": true,
  "gameplay_doc_one_paragraph_only": true,
  "total_cards": 3816,
  "changed_cards": [
    "rules-exploration_maps"
  ],
  "unchanged_cards": 3815,
  "card_one_paragraph_only": true,
  "search_changes": [
    "rules-exploration_maps"
  ],
  "outside_card_and_verified_metadata_byte_identical": true,
  "catalog_fingerprints_verified": true,
  "internal_links": 2,
  "runtime_assets_and_execution_coverage_unchanged": true,
  "source_sha256": {
    "tools/build_reference.py": "0284b482fa8313e90384bf86c07a599ed0a1a83176a6539bd9c77005cd05587f",
    "scripts/main.gd": "d9896b109234b5e7a2fcc10c0ef7f2c46a5225cf27b5214f6fe5450f558e1ad4",
    "scripts/canonical_game_state.gd": "6125975318e883e8939a602ad73c3da3f7068e8e34aa53385695d3e015be4350",
    "docs/EXPLORATION_MAPS.zh-CN.md": "f1b2697f01779a2ba621e5e6d98b23b005f427eaa8deccddadebdd98bb6dd2bd"
  },
  "failures": 0,
  "scope": "Local documentation checks only; no gameplay/transaction rerun"
}
