Godot Engine v4.6.3.stable.official.7d41c59c4 - https://godotengine.org

ERROR: Planner rejects stale_quote
   at: push_error (core/variant/variant_utility.cpp:1024)
   GDScript backtrace (most recent call first):
       [0] _check (res://tests/targeted_crafting_transactions_test.gd:53)
       [1] _rejected (res://tests/targeted_crafting_transactions_test.gd:101)
       [2] _reject_plan (res://tests/targeted_crafting_transactions_test.gd:265)
       [3] _planner_authority (res://tests/targeted_crafting_transactions_test.gd:285)
       [4] _run (res://tests/targeted_crafting_transactions_test.gd:43)
ERROR: Planner rejects stale_quote
   at: push_error (core/variant/variant_utility.cpp:1024)
   GDScript backtrace (most recent call first):
       [0] _check (res://tests/targeted_crafting_transactions_test.gd:53)
       [1] _rejected (res://tests/targeted_crafting_transactions_test.gd:101)
       [2] _reject_plan (res://tests/targeted_crafting_transactions_test.gd:265)
       [3] _planner_authority (res://tests/targeted_crafting_transactions_test.gd:285)
       [4] _run (res://tests/targeted_crafting_transactions_test.gd:43)
ERROR: Planner rejects stale_quote
   at: push_error (core/variant/variant_utility.cpp:1024)
   GDScript backtrace (most recent call first):
       [0] _check (res://tests/targeted_crafting_transactions_test.gd:53)
       [1] _rejected (res://tests/targeted_crafting_transactions_test.gd:101)
       [2] _reject_plan (res://tests/targeted_crafting_transactions_test.gd:265)
       [3] _planner_authority (res://tests/targeted_crafting_transactions_test.gd:285)
       [4] _run (res://tests/targeted_crafting_transactions_test.gd:43)
ERROR: Planner rejects stale_quote
   at: push_error (core/variant/variant_utility.cpp:1024)
   GDScript backtrace (most recent call first):
       [0] _check (res://tests/targeted_crafting_transactions_test.gd:53)
       [1] _rejected (res://tests/targeted_crafting_transactions_test.gd:101)
       [2] _reject_plan (res://tests/targeted_crafting_transactions_test.gd:265)
       [3] _planner_authority (res://tests/targeted_crafting_transactions_test.gd:285)
       [4] _run (res://tests/targeted_crafting_transactions_test.gd:43)
Targeted crafting transactions: 931 checks, 4 failures
