Godot Engine v4.6.3.stable.official.7d41c59c4 - https://godotengine.org

SCRIPT ERROR: Assertion failed: The built-in canonical fixture must migrate to v28
          at: CanonicalGameState._init (res://scripts/save/canonical_build_store.gd:52)
          GDScript backtrace (most recent call first):
              [0] _init (res://scripts/save/canonical_build_store.gd:52)
              [1] _initialize (res://tests/burn_presentation_test.gd:50)
SCRIPT ERROR: Invalid access to property or key 'locations' on a base object of type 'Dictionary'.
          at: CanonicalGameState.pending_items (res://scripts/save/canonical_build_store.gd:82)
          GDScript backtrace (most recent call first):
              [0] pending_items (res://scripts/save/canonical_build_store.gd:82)
              [1] award_gem (res://scripts/canonical_game_state.gd:357)
              [2] _initialize (res://tests/burn_presentation_test.gd:51)
SCRIPT ERROR: Invalid access to property or key 'next_item_serial' on a base object of type 'Dictionary'.
          at: CanonicalGameState.award_gem (res://scripts/canonical_game_state.gd:357)
          GDScript backtrace (most recent call first):
              [0] award_gem (res://scripts/canonical_game_state.gd:357)
              [1] _initialize (res://tests/burn_presentation_test.gd:51)
ERROR: Real current model accepts new support identity
   at: push_error (core/variant/variant_utility.cpp:1024)
   GDScript backtrace (most recent call first):
       [0] expect (res://tests/burn_presentation_test.gd:17)
       [1] _initialize (res://tests/burn_presentation_test.gd:52)
SCRIPT ERROR: Invalid access to property or key 'items' on a base object of type 'Dictionary'.
          at: CanonicalGameState.item (res://scripts/save/canonical_build_store.gd:65)
          GDScript backtrace (most recent call first):
              [0] item (res://scripts/save/canonical_build_store.gd:65)
              [1] view (res://scripts/ui/unified_item_presentation.gd:54)
              [2] _initialize (res://tests/burn_presentation_test.gd:53)
SCRIPT ERROR: Invalid access to property or key 'items' on a base object of type 'Dictionary'.
          at: CanonicalGameState.item_definition (res://scripts/save/canonical_build_store.gd:73)
          GDScript backtrace (most recent call first):
              [0] item_definition (res://scripts/save/canonical_build_store.gd:73)
              [1] view (res://scripts/ui/unified_item_presentation.gd:55)
              [2] _initialize (res://tests/burn_presentation_test.gd:53)
SCRIPT ERROR: Invalid access to property or key 'function' on a base object of type 'Dictionary'.
          at: _initialize (res://tests/burn_presentation_test.gd:54)
          GDScript backtrace (most recent call first):
              [0] _initialize (res://tests/burn_presentation_test.gd:54)
