Godot Engine v4.6.3.stable.official.7d41c59c4 - https://godotengine.org

SCRIPT ERROR: Invalid call. Nonexistent function 'normal_journey' in base 'RefCounted (BuildState)'.
          at: _recover_normal_active (res://scripts/main.gd:2674)
          GDScript backtrace (most recent call first):
              [0] _recover_normal_active (res://scripts/main.gd:2674)
              [1] _ready (res://scripts/main.gd:197)
              [2] run (res://tests/encounter_ui_integration_test.gd:25)
SCRIPT ERROR: Invalid call. Nonexistent function 'normal_pending_rewards' in base 'RefCounted (BuildState)'.
          at: world_context (res://scripts/main.gd:2683)
          GDScript backtrace (most recent call first):
              [0] world_context (res://scripts/main.gd:2683)
              [1] refresh_world (res://scripts/ui/town_service_panel.gd:164)
              [2] setup (res://scripts/ui/town_service_panel.gd:159)
              [3] _build_world_controls (res://scripts/game_hud.gd:1739)
              [4] setup (res://scripts/game_hud.gd:150)
              [5] _ready (res://scripts/main.gd:221)
              [6] run (res://tests/encounter_ui_integration_test.gd:25)
SCRIPT ERROR: Invalid call. Nonexistent function 'normal_pending_rewards' in base 'RefCounted (BuildState)'.
          at: world_context (res://scripts/main.gd:2683)
          GDScript backtrace (most recent call first):
              [0] world_context (res://scripts/main.gd:2683)
              [1] setup (res://scripts/ui/town_service_panel.gd:160)
              [2] _build_world_controls (res://scripts/game_hud.gd:1739)
              [3] setup (res://scripts/game_hud.gd:150)
              [4] _ready (res://scripts/main.gd:221)
              [5] run (res://tests/encounter_ui_integration_test.gd:25)
SCRIPT ERROR: Invalid call. Nonexistent function 'normal_pending_rewards' in base 'RefCounted (BuildState)'.
          at: world_context (res://scripts/main.gd:2683)
          GDScript backtrace (most recent call first):
              [0] world_context (res://scripts/main.gd:2683)
              [1] _select (res://scripts/ui/town_service_panel.gd:277)
              [2] setup (res://scripts/ui/town_service_panel.gd:160)
              [3] _build_world_controls (res://scripts/game_hud.gd:1739)
              [4] setup (res://scripts/game_hud.gd:150)
              [5] _ready (res://scripts/main.gd:221)
              [6] run (res://tests/encounter_ui_integration_test.gd:25)
SCRIPT ERROR: Invalid call. Nonexistent function 'normal_journey' in base 'RefCounted (BuildState)'.
          at: map_options (res://scripts/main.gd:2911)
          GDScript backtrace (most recent call first):
              [0] map_options (res://scripts/main.gd:2911)
              [1] _build_map (res://scripts/ui/town_service_panel.gd:419)
              [2] _select (res://scripts/ui/town_service_panel.gd:282)
              [3] setup (res://scripts/ui/town_service_panel.gd:160)
              [4] _build_world_controls (res://scripts/game_hud.gd:1739)
              [5] setup (res://scripts/game_hud.gd:150)
              [6] _ready (res://scripts/main.gd:221)
              [7] run (res://tests/encounter_ui_integration_test.gd:25)
SCRIPT ERROR: Invalid call. Nonexistent function 'normal_journey' in base 'RefCounted (BuildState)'.
          at: _normal_start_reason (res://scripts/main.gd:2939)
          GDScript backtrace (most recent call first):
              [0] _normal_start_reason (res://scripts/main.gd:2939)
              [1] map_draft (res://scripts/main.gd:2950)
              [2] _build_map (res://scripts/ui/town_service_panel.gd:420)
              [3] _select (res://scripts/ui/town_service_panel.gd:282)
              [4] setup (res://scripts/ui/town_service_panel.gd:160)
              [5] _build_world_controls (res://scripts/game_hud.gd:1739)
              [6] setup (res://scripts/game_hud.gd:150)
              [7] _ready (res://scripts/main.gd:221)
              [8] run (res://tests/encounter_ui_integration_test.gd:25)
SCRIPT ERROR: Invalid access to property or key 'maps' on a base object of type 'Dictionary'.
          at: _build_map (res://scripts/ui/town_service_panel.gd:423)
          GDScript backtrace (most recent call first):
              [0] _build_map (res://scripts/ui/town_service_panel.gd:423)
              [1] _select (res://scripts/ui/town_service_panel.gd:282)
              [2] setup (res://scripts/ui/town_service_panel.gd:160)
              [3] _build_world_controls (res://scripts/game_hud.gd:1739)
              [4] setup (res://scripts/game_hud.gd:150)
              [5] _ready (res://scripts/main.gd:221)
              [6] run (res://tests/encounter_ui_integration_test.gd:25)
SCRIPT ERROR: Invalid call. Nonexistent function 'normal_pending_rewards' in base 'RefCounted (BuildState)'.
          at: world_context (res://scripts/main.gd:2683)
          GDScript backtrace (most recent call first):
              [0] world_context (res://scripts/main.gd:2683)
              [1] _refresh_world (res://scripts/game_hud.gd:1755)
              [2] setup (res://scripts/game_hud.gd:173)
              [3] _ready (res://scripts/main.gd:221)
              [4] run (res://tests/encounter_ui_integration_test.gd:25)
SCRIPT ERROR: Invalid access to property or key 'mode' on a base object of type 'Dictionary'.
          at: GameHUD._refresh_world (res://scripts/game_hud.gd:1757)
          GDScript backtrace (most recent call first):
              [0] _refresh_world (res://scripts/game_hud.gd:1757)
              [1] setup (res://scripts/game_hud.gd:173)
              [2] _ready (res://scripts/main.gd:221)
              [3] run (res://tests/encounter_ui_integration_test.gd:25)
SCRIPT ERROR: Invalid call. Nonexistent function 'normal_pending_rewards' in base 'RefCounted (BuildState)'.
          at: world_context (res://scripts/main.gd:2683)
          GDScript backtrace (most recent call first):
              [0] world_context (res://scripts/main.gd:2683)
              [1] _refresh_world (res://scripts/game_hud.gd:1755)
              [2] restart_run (res://scripts/main.gd:509)
              [3] _ready (res://scripts/main.gd:228)
              [4] run (res://tests/encounter_ui_integration_test.gd:25)
SCRIPT ERROR: Invalid access to property or key 'mode' on a base object of type 'Dictionary'.
          at: GameHUD._refresh_world (res://scripts/game_hud.gd:1757)
          GDScript backtrace (most recent call first):
              [0] _refresh_world (res://scripts/game_hud.gd:1757)
              [1] restart_run (res://scripts/main.gd:509)
              [2] _ready (res://scripts/main.gd:228)
              [3] run (res://tests/encounter_ui_integration_test.gd:25)
SCRIPT ERROR: Invalid call. Nonexistent function 'invalidate_gem_trade_quotes' in base 'RefCounted (BuildState)'.
          at: _invalidate_normal_gem_quotes (res://scripts/main.gd:2814)
          GDScript backtrace (most recent call first):
              [0] _invalidate_normal_gem_quotes (res://scripts/main.gd:2814)
              [1] restart_run (res://scripts/main.gd:509)
              [2] _ready (res://scripts/main.gd:228)
              [3] run (res://tests/encounter_ui_integration_test.gd:25)
SCRIPT ERROR: Invalid access to property or key 'ok' on a base object of type 'Dictionary'.
          at: _ready (res://scripts/main.gd:229)
          GDScript backtrace (most recent call first):
              [0] _ready (res://scripts/main.gd:229)
              [1] run (res://tests/encounter_ui_integration_test.gd:25)
ERROR: Confirm starts exactly one selected run
   at: push_error (core/variant/variant_utility.cpp:1024)
   GDScript backtrace (most recent call first):
       [0] expect (res://tests/encounter_ui_integration_test.gd:12)
       [1] run (res://tests/encounter_ui_integration_test.gd:55)
       [2] settle (res://tests/encounter_ui_integration_test.gd:14)
ERROR: Navigating away cancels the pending request
   at: push_error (core/variant/variant_utility.cpp:1024)
   GDScript backtrace (most recent call first):
       [0] expect (res://tests/encounter_ui_integration_test.gd:12)
       [1] run (res://tests/encounter_ui_integration_test.gd:65)
       [2] settle (res://tests/encounter_ui_integration_test.gd:14)
SCRIPT ERROR: Invalid call. Nonexistent function 'normal_pending_rewards' in base 'RefCounted (BuildState)'.
          at: world_context (res://scripts/main.gd:2683)
          GDScript backtrace (most recent call first):
              [0] world_context (res://scripts/main.gd:2683)
              [1] _refresh_world (res://scripts/game_hud.gd:1755)
              [2] restart_run (res://scripts/main.gd:509)
              [3] run (res://tests/encounter_ui_integration_test.gd:74)
              [4] settle (res://tests/encounter_ui_integration_test.gd:14)
SCRIPT ERROR: Invalid access to property or key 'mode' on a base object of type 'Dictionary'.
          at: GameHUD._refresh_world (res://scripts/game_hud.gd:1757)
          GDScript backtrace (most recent call first):
              [0] _refresh_world (res://scripts/game_hud.gd:1757)
              [1] restart_run (res://scripts/main.gd:509)
              [2] run (res://tests/encounter_ui_integration_test.gd:74)
              [3] settle (res://tests/encounter_ui_integration_test.gd:14)
SCRIPT ERROR: Invalid call. Nonexistent function 'invalidate_gem_trade_quotes' in base 'RefCounted (BuildState)'.
          at: _invalidate_normal_gem_quotes (res://scripts/main.gd:2814)
          GDScript backtrace (most recent call first):
              [0] _invalidate_normal_gem_quotes (res://scripts/main.gd:2814)
              [1] restart_run (res://scripts/main.gd:509)
              [2] run (res://tests/encounter_ui_integration_test.gd:74)
              [3] settle (res://tests/encounter_ui_integration_test.gd:14)
ERROR: Ordinary retry keeps active run selection
   at: push_error (core/variant/variant_utility.cpp:1024)
   GDScript backtrace (most recent call first):
       [0] expect (res://tests/encounter_ui_integration_test.gd:12)
       [1] run (res://tests/encounter_ui_integration_test.gd:75)
       [2] settle (res://tests/encounter_ui_integration_test.gd:14)
Encounter UI integration: 64 checks, 3 failures
