Blender 4.3.2
Read blend: "/workspace/scratch/a51485f153de/art-work/v108-professional-environment/sunlit-ruins-environment.blend"
Fra:1 Mem:15.66M (Peak 15.66M) | Time:00:00.00 | Mem:0.00M, Peak:0.00M | Scene, ViewLayer | Synchronizing object | neutral_shadow_receiver
Fra:1 Mem:17.84M (Peak 17.84M) | Time:00:00.00 | Mem:0.00M, Peak:0.00M | Scene, ViewLayer | Initializing
Fra:1 Mem:17.83M (Peak 17.84M) | Time:00:00.00 | Mem:0.00M, Peak:0.00M | Scene, ViewLayer | Updating Images | Loading fern_02_diff-fern_02_alpha
Fra:1 Mem:17.83M (Peak 17.84M) | Time:00:00.00 | Mem:0.00M, Peak:0.00M | Scene, ViewLayer | Updating Images | Loading fern_02_rough
Fra:1 Mem:17.83M (Peak 17.84M) | Time:00:00.00 | Mem:0.00M, Peak:0.00M | Scene, ViewLayer | Updating Images | Loading fern_02_nor_gl
Fra:1 Mem:45.46M (Peak 77.85M) | Time:00:00.07 | Mem:28.00M, Peak:28.00M | Scene, ViewLayer | Waiting for render to start
Fra:1 Mem:45.46M (Peak 77.85M) | Time:00:00.07 | Mem:28.00M, Peak:28.00M | Scene, ViewLayer | Loading render kernels (may take a few minutes the first time)
Fra:1 Mem:45.46M (Peak 77.85M) | Time:00:00.07 | Mem:28.00M, Peak:28.00M | Scene, ViewLayer | Updating Scene
Fra:1 Mem:45.46M (Peak 77.85M) | Time:00:00.07 | Mem:28.00M, Peak:28.00M | Scene, ViewLayer | Updating Shaders
Fra:1 Mem:45.54M (Peak 77.85M) | Time:00:00.07 | Mem:28.00M, Peak:28.00M | Scene, ViewLayer | Updating Procedurals
Fra:1 Mem:45.54M (Peak 77.85M) | Time:00:00.07 | Mem:28.00M, Peak:28.00M | Scene, ViewLayer | Updating Background
Fra:1 Mem:45.54M (Peak 77.85M) | Time:00:00.07 | Mem:28.00M, Peak:28.00M | Scene, ViewLayer | Updating Camera
Fra:1 Mem:45.54M (Peak 77.85M) | Time:00:00.07 | Mem:28.00M, Peak:28.00M | Scene, ViewLayer | Updating Meshes Flags
Fra:1 Mem:45.54M (Peak 77.85M) | Time:00:00.07 | Mem:28.00M, Peak:28.00M | Scene, ViewLayer | Updating Objects
Fra:1 Mem:45.54M (Peak 77.85M) | Time:00:00.07 | Mem:28.00M, Peak:28.00M | Scene, ViewLayer | Updating Objects | Copying Transformations to device
Fra:1 Mem:45.54M (Peak 77.85M) | Time:00:00.07 | Mem:28.00M, Peak:28.00M | Scene, ViewLayer | Updating Objects | Applying Static Transformations
Fra:1 Mem:45.54M (Peak 77.85M) | Time:00:00.07 | Mem:28.00M, Peak:28.00M | Scene, ViewLayer | Updating Particle Systems
Fra:1 Mem:45.54M (Peak 77.85M) | Time:00:00.07 | Mem:28.00M, Peak:28.00M | Scene, ViewLayer | Updating Particle Systems | Copying Particles to device
Fra:1 Mem:45.55M (Peak 77.85M) | Time:00:00.07 | Mem:28.00M, Peak:28.00M | Scene, ViewLayer | Updating Meshes
Fra:1 Mem:45.56M (Peak 77.85M) | Time:00:00.07 | Mem:28.00M, Peak:28.00M | Scene, ViewLayer | Updating Mesh | Computing attributes
Fra:1 Mem:45.62M (Peak 77.85M) | Time:00:00.07 | Mem:28.00M, Peak:28.00M | Scene, ViewLayer | Updating Mesh | Copying Attributes to device
Fra:1 Mem:45.62M (Peak 77.85M) | Time:00:00.07 | Mem:28.07M, Peak:28.07M | Scene, ViewLayer | Updating Geometry BVH Plane.004 1/1 | Building BVH
Fra:1 Mem:45.62M (Peak 77.85M) | Time:00:00.07 | Mem:28.09M, Peak:28.09M | Scene, ViewLayer | Updating Geometry BVH Plane.004 1/1 | Building BVH 0%
Fra:1 Mem:45.62M (Peak 77.85M) | Time:00:00.07 | Mem:28.12M, Peak:28.15M | Scene, ViewLayer | Updating Scene BVH | Building
Fra:1 Mem:45.62M (Peak 77.85M) | Time:00:00.07 | Mem:28.12M, Peak:28.15M | Scene, ViewLayer | Updating Scene BVH | Building BVH
Fra:1 Mem:45.62M (Peak 77.85M) | Time:00:00.07 | Mem:28.13M, Peak:28.15M | Scene, ViewLayer | Updating Scene BVH | Copying BVH to device
Fra:1 Mem:45.62M (Peak 77.85M) | Time:00:00.07 | Mem:28.13M, Peak:28.15M | Scene, ViewLayer | Updating Mesh | Computing normals
Fra:1 Mem:45.65M (Peak 77.85M) | Time:00:00.07 | Mem:28.13M, Peak:28.15M | Scene, ViewLayer | Updating Mesh | Copying Mesh to device
Fra:1 Mem:45.65M (Peak 77.85M) | Time:00:00.07 | Mem:28.16M, Peak:28.16M | Scene, ViewLayer | Updating Objects Flags
Fra:1 Mem:45.65M (Peak 77.85M) | Time:00:00.07 | Mem:28.16M, Peak:28.16M | Scene, ViewLayer | Updating Primitive Offsets
Fra:1 Mem:45.65M (Peak 77.85M) | Time:00:00.07 | Mem:28.16M, Peak:28.16M | Scene, ViewLayer | Updating Images
Fra:1 Mem:45.65M (Peak 77.85M) | Time:00:00.07 | Mem:28.16M, Peak:28.16M | Scene, ViewLayer | Updating Camera Volume
Fra:1 Mem:45.65M (Peak 77.85M) | Time:00:00.07 | Mem:28.16M, Peak:28.16M | Scene, ViewLayer | Updating Lookup Tables
Fra:1 Mem:45.65M (Peak 77.85M) | Time:00:00.07 | Mem:28.24M, Peak:28.24M | Scene, ViewLayer | Updating Lights
Fra:1 Mem:45.65M (Peak 77.85M) | Time:00:00.08 | Mem:28.24M, Peak:28.24M | Scene, ViewLayer | Updating Lights | Computing tree
Fra:1 Mem:45.65M (Peak 77.85M) | Time:00:00.08 | Mem:28.24M, Peak:28.24M | Scene, ViewLayer | Updating Integrator
Fra:1 Mem:45.65M (Peak 77.85M) | Time:00:00.08 | Mem:28.24M, Peak:28.24M | Scene, ViewLayer | Updating Film
Fra:1 Mem:45.66M (Peak 77.85M) | Time:00:00.08 | Mem:28.16M, Peak:28.24M | Scene, ViewLayer | Updating Lookup Tables
Fra:1 Mem:45.66M (Peak 77.85M) | Time:00:00.08 | Mem:28.25M, Peak:28.25M | Scene, ViewLayer | Updating Baking
Fra:1 Mem:45.66M (Peak 77.85M) | Time:00:00.08 | Mem:28.25M, Peak:28.25M | Scene, ViewLayer | Updating Device | Writing constant memory
Fra:1 Mem:45.66M (Peak 77.85M) | Time:00:00.08 | Mem:28.25M, Peak:28.25M | Scene, ViewLayer | Sample 0/256
Fra:1 Mem:45.72M (Peak 77.85M) | Time:00:00.08 | Remaining:00:00.65 | Mem:28.30M, Peak:28.30M | Scene, ViewLayer | Sample 1/256
Fra:1 Mem:45.72M (Peak 77.85M) | Time:00:00.11 | Remaining:00:00.08 | Mem:28.30M, Peak:28.30M | Scene, ViewLayer | Sample 80/256
Fra:1 Mem:45.72M (Peak 77.85M) | Time:00:00.12 | Remaining:00:00.06 | Mem:28.30M, Peak:28.30M | Scene, ViewLayer | Sample 96/256
Fra:1 Mem:45.72M (Peak 77.85M) | Time:00:00.12 | Remaining:00:00.05 | Mem:28.30M, Peak:28.30M | Scene, ViewLayer | Sample 112/256
Fra:1 Mem:45.72M (Peak 77.85M) | Time:00:00.13 | Remaining:00:00.04 | Mem:28.30M, Peak:28.30M | Scene, ViewLayer | Sample 128/256
Fra:1 Mem:45.72M (Peak 77.85M) | Time:00:00.13 | Remaining:00:00.04 | Mem:28.30M, Peak:28.30M | Scene, ViewLayer | Sample 144/256
Fra:1 Mem:45.72M (Peak 77.85M) | Time:00:00.13 | Remaining:00:00.03 | Mem:28.30M, Peak:28.30M | Scene, ViewLayer | Sample 160/256
Fra:1 Mem:45.72M (Peak 77.85M) | Time:00:00.14 | Remaining:00:00.02 | Mem:28.30M, Peak:28.30M | Scene, ViewLayer | Sample 176/256
Fra:1 Mem:45.72M (Peak 77.85M) | Time:00:00.14 | Remaining:00:00.02 | Mem:28.30M, Peak:28.30M | Scene, ViewLayer | Sample 192/256
Fra:1 Mem:45.72M (Peak 77.85M) | Time:00:00.14 | Remaining:00:00.01 | Mem:28.30M, Peak:28.30M | Scene, ViewLayer | Sample 208/256
Fra:1 Mem:45.72M (Peak 77.85M) | Time:00:00.14 | Remaining:00:00.00 | Mem:28.30M, Peak:28.30M | Scene, ViewLayer | Sample 224/256
Fra:1 Mem:45.72M (Peak 77.85M) | Time:00:00.15 | Remaining:00:00.00 | Mem:28.30M, Peak:28.30M | Scene, ViewLayer | Sample 240/256
Fra:1 Mem:45.74M (Peak 77.85M) | Time:00:00.15 | Mem:28.30M, Peak:28.30M | Scene, ViewLayer | Sample 256/256
Fra:1 Mem:45.74M (Peak 77.85M) | Time:00:00.15 | Mem:28.30M, Peak:28.30M | Scene, ViewLayer | Finished
Fra:1 Mem:17.37M (Peak 77.85M) | Time:00:00.15 | Compositing
Fra:1 Mem:17.37M (Peak 77.85M) | Time:00:00.15 | Compositing | Initializing execution
Fra:1 Mem:17.37M (Peak 77.85M) | Time:00:00.15 | Compositing | Operation 2-3
Fra:1 Mem:17.45M (Peak 77.85M) | Time:00:00.15 | Compositing | Operation 3-3
Fra:1 Mem:17.45M (Peak 77.85M) | Time:00:00.15 | Compositing | Operation 4-3
Saved: '/workspace/scratch/a51485f153de/art-work/v118-ground-dressing/source/raw-renders/fern_low.png'
Time: 00:00.40 (Saving: 00:00.25)

Fra:1 Mem:17.74M (Peak 17.74M) | Time:00:00.00 | Mem:0.00M, Peak:0.00M | Scene, ViewLayer | Synchronizing object | fern_low
Fra:1 Mem:17.80M (Peak 17.80M) | Time:00:00.00 | Mem:0.00M, Peak:0.00M | Scene, ViewLayer | Synchronizing object | neutral_shadow_receiver
Fra:1 Mem:17.84M (Peak 17.84M) | Time:00:00.00 | Mem:0.00M, Peak:0.00M | Scene, ViewLayer | Initializing
Fra:1 Mem:17.83M (Peak 17.84M) | Time:00:00.00 | Mem:0.00M, Peak:0.00M | Scene, ViewLayer | Updating Images | Loading fern_02_alpha_1k.png
Fra:1 Mem:17.83M (Peak 17.84M) | Time:00:00.00 | Mem:0.00M, Peak:0.00M | Scene, ViewLayer | Updating Images | Loading fern_02_rough
Fra:1 Mem:41.84M (Peak 41.84M) | Time:00:00.00 | Mem:0.00M, Peak:0.00M | Scene, ViewLayer | Updating Images | Loading fern_02_nor_gl
Fra:1 Mem:45.46M (Peak 77.85M) | Time:00:00.04 | Mem:28.00M, Peak:28.00M | Scene, ViewLayer | Waiting for render to start
Fra:1 Mem:45.46M (Peak 77.85M) | Time:00:00.04 | Mem:28.00M, Peak:28.00M | Scene, ViewLayer | Loading render kernels (may take a few minutes the first time)
Fra:1 Mem:45.46M (Peak 77.85M) | Time:00:00.04 | Mem:28.00M, Peak:28.00M | Scene, ViewLayer | Updating Scene
Fra:1 Mem:45.46M (Peak 77.85M) | Time:00:00.04 | Mem:28.00M, Peak:28.00M | Scene, ViewLayer | Updating Shaders
Fra:1 Mem:45.55M (Peak 77.85M) | Time:00:00.04 | Mem:28.00M, Peak:28.00M | Scene, ViewLayer | Updating Procedurals
Fra:1 Mem:45.55M (Peak 77.85M) | Time:00:00.04 | Mem:28.00M, Peak:28.00M | Scene, ViewLayer | Updating Background
Fra:1 Mem:45.55M (Peak 77.85M) | Time:00:00.04 | Mem:28.00M, Peak:28.00M | Scene, ViewLayer | Updating Camera
Fra:1 Mem:45.55M (Peak 77.85M) | Time:00:00.04 | Mem:28.00M, Peak:28.00M | Scene, ViewLayer | Updating Meshes Flags
Fra:1 Mem:45.55M (Peak 77.85M) | Time:00:00.04 | Mem:28.00M, Peak:28.00M | Scene, ViewLayer | Updating Objects
Fra:1 Mem:45.55M (Peak 77.85M) | Time:00:00.04 | Mem:28.00M, Peak:28.00M | Scene, ViewLayer | Updating Objects | Copying Transformations to device
Fra:1 Mem:45.55M (Peak 77.85M) | Time:00:00.04 | Mem:28.00M, Peak:28.00M | Scene, ViewLayer | Updating Objects | Applying Static Transformations
Fra:1 Mem:45.55M (Peak 77.85M) | Time:00:00.04 | Mem:28.00M, Peak:28.00M | Scene, ViewLayer | Updating Particle Systems
Fra:1 Mem:45.55M (Peak 77.85M) | Time:00:00.04 | Mem:28.00M, Peak:28.00M | Scene, ViewLayer | Updating Particle Systems | Copying Particles to device
Fra:1 Mem:45.55M (Peak 77.85M) | Time:00:00.04 | Mem:28.00M, Peak:28.00M | Scene, ViewLayer | Updating Meshes
Fra:1 Mem:45.56M (Peak 77.85M) | Time:00:00.04 | Mem:28.00M, Peak:28.00M | Scene, ViewLayer | Updating Mesh | Computing attributes
Fra:1 Mem:45.62M (Peak 77.85M) | Time:00:00.04 | Mem:28.00M, Peak:28.00M | Scene, ViewLayer | Updating Mesh | Copying Attributes to device
Fra:1 Mem:45.62M (Peak 77.85M) | Time:00:00.04 | Mem:28.07M, Peak:28.07M | Scene, ViewLayer | Updating Geometry BVH Plane.004 1/1 | Building BVH
Fra:1 Mem:45.62M (Peak 77.85M) | Time:00:00.04 | Mem:28.09M, Peak:28.09M | Scene, ViewLayer | Updating Geometry BVH Plane.004 1/1 | Building BVH 0%
Fra:1 Mem:45.62M (Peak 77.85M) | Time:00:00.04 | Mem:28.12M, Peak:28.15M | Scene, ViewLayer | Updating Scene BVH | Building
Fra:1 Mem:45.62M (Peak 77.85M) | Time:00:00.04 | Mem:28.12M, Peak:28.15M | Scene, ViewLayer | Updating Scene BVH | Building BVH
Fra:1 Mem:45.62M (Peak 77.85M) | Time:00:00.04 | Mem:28.13M, Peak:28.15M | Scene, ViewLayer | Updating Scene BVH | Copying BVH to device
Fra:1 Mem:45.62M (Peak 77.85M) | Time:00:00.04 | Mem:28.13M, Peak:28.15M | Scene, ViewLayer | Updating Mesh | Computing normals
Fra:1 Mem:45.65M (Peak 77.85M) | Time:00:00.04 | Mem:28.13M, Peak:28.15M | Scene, ViewLayer | Updating Mesh | Copying Mesh to device
Fra:1 Mem:45.65M (Peak 77.85M) | Time:00:00.04 | Mem:28.16M, Peak:28.16M | Scene, ViewLayer | Updating Objects Flags
Fra:1 Mem:45.65M (Peak 77.85M) | Time:00:00.04 | Mem:28.16M, Peak:28.16M | Scene, ViewLayer | Updating Primitive Offsets
Fra:1 Mem:45.65M (Peak 77.85M) | Time:00:00.04 | Mem:28.16M, Peak:28.16M | Scene, ViewLayer | Updating Images
Fra:1 Mem:45.65M (Peak 77.85M) | Time:00:00.04 | Mem:28.16M, Peak:28.16M | Scene, ViewLayer | Updating Camera Volume
Fra:1 Mem:45.65M (Peak 77.85M) | Time:00:00.04 | Mem:28.16M, Peak:28.16M | Scene, ViewLayer | Updating Lookup Tables
Fra:1 Mem:45.65M (Peak 77.85M) | Time:00:00.04 | Mem:28.24M, Peak:28.24M | Scene, ViewLayer | Updating Lights
Fra:1 Mem:45.66M (Peak 77.85M) | Time:00:00.04 | Mem:28.24M, Peak:28.24M | Scene, ViewLayer | Updating Lights | Computing tree
Fra:1 Mem:45.66M (Peak 77.85M) | Time:00:00.04 | Mem:28.24M, Peak:28.24M | Scene, ViewLayer | Updating Integrator
Fra:1 Mem:45.66M (Peak 77.85M) | Time:00:00.04 | Mem:28.24M, Peak:28.24M | Scene, ViewLayer | Updating Film
Fra:1 Mem:45.66M (Peak 77.85M) | Time:00:00.04 | Mem:28.16M, Peak:28.24M | Scene, ViewLayer | Updating Lookup Tables
Fra:1 Mem:45.66M (Peak 77.85M) | Time:00:00.04 | Mem:28.25M, Peak:28.25M | Scene, ViewLayer | Updating Baking
Fra:1 Mem:45.66M (Peak 77.85M) | Time:00:00.04 | Mem:28.25M, Peak:28.25M | Scene, ViewLayer | Updating Device | Writing constant memory
Fra:1 Mem:45.66M (Peak 77.85M) | Time:00:00.04 | Mem:28.25M, Peak:28.25M | Scene, ViewLayer | Sample 0/256
Fra:1 Mem:46.10M (Peak 77.85M) | Time:00:00.05 | Remaining:00:01.72 | Mem:28.69M, Peak:28.69M | Scene, ViewLayer | Sample 1/256
Fra:1 Mem:46.10M (Peak 77.85M) | Time:00:00.53 | Remaining:00:01.08 | Mem:28.69M, Peak:28.69M | Scene, ViewLayer | Sample 80/256
Fra:1 Mem:46.10M (Peak 77.85M) | Time:00:00.57 | Remaining:00:00.88 | Mem:28.69M, Peak:28.69M | Scene, ViewLayer | Sample 96/256
Fra:1 Mem:46.10M (Peak 77.85M) | Time:00:00.59 | Remaining:00:00.70 | Mem:28.69M, Peak:28.69M | Scene, ViewLayer | Sample 112/256
Fra:1 Mem:46.10M (Peak 77.85M) | Time:00:00.60 | Remaining:00:00.56 | Mem:28.69M, Peak:28.69M | Scene, ViewLayer | Sample 128/256
Fra:1 Mem:46.10M (Peak 77.85M) | Time:00:00.62 | Remaining:00:00.44 | Mem:28.69M, Peak:28.69M | Scene, ViewLayer | Sample 144/256
Fra:1 Mem:46.10M (Peak 77.85M) | Time:00:00.63 | Remaining:00:00.35 | Mem:28.69M, Peak:28.69M | Scene, ViewLayer | Sample 160/256
Fra:1 Mem:46.10M (Peak 77.85M) | Time:00:00.63 | Remaining:00:00.26 | Mem:28.69M, Peak:28.69M | Scene, ViewLayer | Sample 176/256
Fra:1 Mem:46.10M (Peak 77.85M) | Time:00:00.64 | Remaining:00:00.19 | Mem:28.69M, Peak:28.69M | Scene, ViewLayer | Sample 192/256
Fra:1 Mem:46.10M (Peak 77.85M) | Time:00:00.65 | Remaining:00:00.13 | Mem:28.69M, Peak:28.69M | Scene, ViewLayer | Sample 208/256
Fra:1 Mem:46.10M (Peak 77.85M) | Time:00:00.65 | Remaining:00:00.08 | Mem:28.69M, Peak:28.69M | Scene, ViewLayer | Sample 224/256
Fra:1 Mem:46.10M (Peak 77.85M) | Time:00:00.65 | Remaining:00:00.04 | Mem:28.69M, Peak:28.69M | Scene, ViewLayer | Sample 240/256
Fra:1 Mem:46.21M (Peak 77.85M) | Time:00:00.66 | Mem:28.69M, Peak:28.69M | Scene, ViewLayer | Sample 256/256
Fra:1 Mem:46.21M (Peak 77.85M) | Time:00:00.66 | Mem:28.69M, Peak:28.69M | Scene, ViewLayer | Finished
Fra:1 Mem:17.45M (Peak 77.85M) | Time:00:00.66 | Compositing
Fra:1 Mem:17.45M (Peak 77.85M) | Time:00:00.66 | Compositing | Initializing execution
Fra:1 Mem:17.45M (Peak 77.85M) | Time:00:00.66 | Compositing | Operation 2-11
Fra:1 Mem:17.45M (Peak 77.85M) | Time:00:00.66 | Compositing | Operation 3-11
Fra:1 Mem:17.54M (Peak 77.85M) | Time:00:00.66 | Compositing | Operation 4-11
Fra:1 Mem:17.54M (Peak 77.85M) | Time:00:00.66 | Compositing | Operation 5-11
Fra:1 Mem:17.54M (Peak 77.85M) | Time:00:00.66 | Compositing | Operation 6-11
Fra:1 Mem:17.54M (Peak 77.85M) | Time:00:00.66 | Compositing | Operation 7-11
Fra:1 Mem:17.54M (Peak 77.85M) | Time:00:00.66 | Compositing | Operation 8-11
Fra:1 Mem:17.54M (Peak 77.85M) | Time:00:00.66 | Compositing | Operation 9-11
Fra:1 Mem:17.54M (Peak 77.85M) | Time:00:00.66 | Compositing | Operation 10-11
Fra:1 Mem:17.61M (Peak 77.85M) | Time:00:00.66 | Compositing | Operation 11-11
Fra:1 Mem:17.62M (Peak 77.85M) | Time:00:00.66 | Compositing | Operation 12-11
Saved: '/workspace/scratch/a51485f153de/art-work/v118-ground-dressing/source/raw-renders/fern_low_shadow.png'
Time: 00:00.67 (Saving: 00:00.00)

Info: Deleted 72 data-block(s)
Info: No new files have been packed
Info: Saved "ground-dressing.blend"
MODULE_RENDERED fern_low
Fra:1 Mem:17.94M (Peak 17.94M) | Time:00:00.00 | Mem:0.00M, Peak:0.00M | Scene, ViewLayer | Synchronizing object | pebble_trio_a
Fra:1 Mem:17.95M (Peak 17.95M) | Time:00:00.00 | Mem:0.00M, Peak:0.00M | Scene, ViewLayer | Synchronizing object | pebble_trio_c
Fra:1 Mem:23.44M (Peak 23.44M) | Time:00:00.02 | Mem:0.00M, Peak:0.00M | Scene, ViewLayer | Initializing
Fra:1 Mem:23.42M (Peak 23.44M) | Time:00:00.02 | Mem:0.00M, Peak:0.00M | Scene, ViewLayer | Updating Images | Loading rock_moss_set_01_diff
Fra:1 Mem:23.42M (Peak 23.44M) | Time:00:00.02 | Mem:0.00M, Peak:0.00M | Scene, ViewLayer | Updating Images | Loading rock_moss_set_01_rough
Fra:1 Mem:35.01M (Peak 59.45M) | Time:00:00.04 | Mem:12.00M, Peak:12.00M | Scene, ViewLayer | Waiting for render to start
Fra:1 Mem:35.02M (Peak 59.45M) | Time:00:00.04 | Mem:12.00M, Peak:12.00M | Scene, ViewLayer | Loading render kernels (may take a few minutes the first time)
Fra:1 Mem:35.02M (Peak 59.45M) | Time:00:00.04 | Mem:12.00M, Peak:12.00M | Scene, ViewLayer | Updating Scene
Fra:1 Mem:35.02M (Peak 59.45M) | Time:00:00.04 | Mem:12.00M, Peak:12.00M | Scene, ViewLayer | Updating Shaders
Fra:1 Mem:35.10M (Peak 59.45M) | Time:00:00.04 | Mem:12.00M, Peak:12.00M | Scene, ViewLayer | Updating Procedurals
Fra:1 Mem:35.10M (Peak 59.45M) | Time:00:00.04 | Mem:12.00M, Peak:12.00M | Scene, ViewLayer | Updating Background
Fra:1 Mem:35.10M (Peak 59.45M) | Time:00:00.04 | Mem:12.00M, Peak:12.00M | Scene, ViewLayer | Updating Camera
Fra:1 Mem:35.10M (Peak 59.45M) | Time:00:00.04 | Mem:12.00M, Peak:12.00M | Scene, ViewLayer | Updating Meshes Flags
Fra:1 Mem:35.10M (Peak 59.45M) | Time:00:00.04 | Mem:12.00M, Peak:12.00M | Scene, ViewLayer | Updating Objects
Fra:1 Mem:35.10M (Peak 59.45M) | Time:00:00.04 | Mem:12.00M, Peak:12.00M | Scene, ViewLayer | Updating Objects | Copying Transformations to device
Fra:1 Mem:35.10M (Peak 59.45M) | Time:00:00.04 | Mem:12.00M, Peak:12.00M | Scene, ViewLayer | Updating Objects | Applying Static Transformations
Fra:1 Mem:35.10M (Peak 59.45M) | Time:00:00.04 | Mem:12.00M, Peak:12.00M | Scene, ViewLayer | Updating Particle Systems
Fra:1 Mem:35.10M (Peak 59.45M) | Time:00:00.04 | Mem:12.00M, Peak:12.00M | Scene, ViewLayer | Updating Particle Systems | Copying Particles to device
Fra:1 Mem:35.10M (Peak 59.45M) | Time:00:00.04 | Mem:12.00M, Peak:12.00M | Scene, ViewLayer | Updating Meshes
Fra:1 Mem:35.51M (Peak 59.45M) | Time:00:00.04 | Mem:12.00M, Peak:12.00M | Scene, ViewLayer | Updating Mesh | Computing attributes
Fra:1 Mem:37.49M (Peak 59.45M) | Time:00:00.04 | Mem:12.00M, Peak:12.00M | Scene, ViewLayer | Updating Mesh | Copying Attributes to device
Fra:1 Mem:37.49M (Peak 59.45M) | Time:00:00.04 | Mem:13.99M, Peak:13.99M | Scene, ViewLayer | Updating Scene BVH | Building
Fra:1 Mem:37.49M (Peak 59.45M) | Time:00:00.04 | Mem:13.99M, Peak:13.99M | Scene, ViewLayer | Updating Scene BVH | Building BVH
Fra:1 Mem:37.49M (Peak 59.45M) | Time:00:00.04 | Mem:14.80M, Peak:14.80M | Scene, ViewLayer | Updating Scene BVH | Building BVH 0%
Fra:1 Mem:37.49M (Peak 59.45M) | Time:00:00.05 | Mem:15.77M, Peak:16.58M | Scene, ViewLayer | Updating Scene BVH | Copying BVH to device
Fra:1 Mem:37.49M (Peak 59.45M) | Time:00:00.05 | Mem:15.77M, Peak:16.58M | Scene, ViewLayer | Updating Mesh | Computing normals
Fra:1 Mem:38.42M (Peak 59.45M) | Time:00:00.05 | Mem:15.77M, Peak:16.58M | Scene, ViewLayer | Updating Mesh | Copying Mesh to device
Fra:1 Mem:38.42M (Peak 59.45M) | Time:00:00.05 | Mem:16.70M, Peak:16.70M | Scene, ViewLayer | Updating Objects Flags
Fra:1 Mem:38.42M (Peak 59.45M) | Time:00:00.05 | Mem:16.70M, Peak:16.70M | Scene, ViewLayer | Updating Primitive Offsets
Fra:1 Mem:38.42M (Peak 59.45M) | Time:00:00.05 | Mem:16.70M, Peak:16.70M | Scene, ViewLayer | Updating Images
Fra:1 Mem:38.42M (Peak 59.45M) | Time:00:00.05 | Mem:16.70M, Peak:16.70M | Scene, ViewLayer | Updating Camera Volume
Fra:1 Mem:38.42M (Peak 59.45M) | Time:00:00.05 | Mem:16.70M, Peak:16.70M | Scene, ViewLayer | Updating Lookup Tables
Fra:1 Mem:38.42M (Peak 59.45M) | Time:00:00.05 | Mem:16.78M, Peak:16.78M | Scene, ViewLayer | Updating Lights
Fra:1 Mem:38.42M (Peak 59.45M) | Time:00:00.05 | Mem:16.78M, Peak:16.78M | Scene, ViewLayer | Updating Lights | Computing tree
Fra:1 Mem:38.42M (Peak 59.45M) | Time:00:00.05 | Mem:16.78M, Peak:16.78M | Scene, ViewLayer | Updating Integrator
Fra:1 Mem:38.42M (Peak 59.45M) | Time:00:00.05 | Mem:16.78M, Peak:16.78M | Scene, ViewLayer | Updating Film
Fra:1 Mem:38.43M (Peak 59.45M) | Time:00:00.05 | Mem:16.70M, Peak:16.78M | Scene, ViewLayer | Updating Lookup Tables
Fra:1 Mem:38.43M (Peak 59.45M) | Time:00:00.05 | Mem:16.79M, Peak:16.79M | Scene, ViewLayer | Updating Baking
Fra:1 Mem:38.43M (Peak 59.45M) | Time:00:00.05 | Mem:16.79M, Peak:16.79M | Scene, ViewLayer | Updating Device | Writing constant memory
Fra:1 Mem:38.43M (Peak 59.45M) | Time:00:00.05 | Mem:16.79M, Peak:16.79M | Scene, ViewLayer | Sample 0/256
Fra:1 Mem:38.48M (Peak 59.45M) | Time:00:00.05 | Remaining:00:00.14 | Mem:16.84M, Peak:16.84M | Scene, ViewLayer | Sample 1/256
Fra:1 Mem:38.48M (Peak 59.45M) | Time:00:00.06 | Remaining:00:00.04 | Mem:16.84M, Peak:16.84M | Scene, ViewLayer | Sample 80/256
Fra:1 Mem:38.48M (Peak 59.45M) | Time:00:00.07 | Remaining:00:00.03 | Mem:16.84M, Peak:16.84M | Scene, ViewLayer | Sample 96/256
Fra:1 Mem:38.48M (Peak 59.45M) | Time:00:00.07 | Remaining:00:00.02 | Mem:16.84M, Peak:16.84M | Scene, ViewLayer | Sample 112/256
Fra:1 Mem:38.48M (Peak 59.45M) | Time:00:00.07 | Remaining:00:00.02 | Mem:16.84M, Peak:16.84M | Scene, ViewLayer | Sample 128/256
Fra:1 Mem:38.48M (Peak 59.45M) | Time:00:00.07 | Remaining:00:00.01 | Mem:16.84M, Peak:16.84M | Scene, ViewLayer | Sample 144/256
Fra:1 Mem:38.48M (Peak 59.45M) | Time:00:00.07 | Remaining:00:00.01 | Mem:16.84M, Peak:16.84M | Scene, ViewLayer | Sample 160/256
Fra:1 Mem:38.48M (Peak 59.45M) | Time:00:00.07 | Remaining:00:00.01 | Mem:16.84M, Peak:16.84M | Scene, ViewLayer | Sample 176/256
Fra:1 Mem:38.48M (Peak 59.45M) | Time:00:00.07 | Remaining:00:00.00 | Mem:16.84M, Peak:16.84M | Scene, ViewLayer | Sample 192/256
Fra:1 Mem:38.48M (Peak 59.45M) | Time:00:00.07 | Remaining:00:00.00 | Mem:16.84M, Peak:16.84M | Scene, ViewLayer | Sample 208/256
Fra:1 Mem:38.48M (Peak 59.45M) | Time:00:00.08 | Remaining:00:00.00 | Mem:16.84M, Peak:16.84M | Scene, ViewLayer | Sample 224/256
Fra:1 Mem:38.48M (Peak 59.45M) | Time:00:00.08 | Remaining:00:00.00 | Mem:16.84M, Peak:16.84M | Scene, ViewLayer | Sample 240/256
Fra:1 Mem:38.50M (Peak 59.45M) | Time:00:00.08 | Mem:16.84M, Peak:16.84M | Scene, ViewLayer | Sample 256/256
Fra:1 Mem:38.50M (Peak 59.45M) | Time:00:00.08 | Mem:16.84M, Peak:16.84M | Scene, ViewLayer | Finished
Fra:1 Mem:19.82M (Peak 59.45M) | Time:00:00.08 | Compositing
Fra:1 Mem:19.82M (Peak 59.45M) | Time:00:00.08 | Compositing | Initializing execution
Fra:1 Mem:19.82M (Peak 59.45M) | Time:00:00.08 | Compositing | Operation 2-3
Fra:1 Mem:19.90M (Peak 59.45M) | Time:00:00.08 | Compositing | Operation 3-3
Fra:1 Mem:19.91M (Peak 59.45M) | Time:00:00.08 | Compositing | Operation 4-3
Saved: '/workspace/scratch/a51485f153de/art-work/v118-ground-dressing/source/raw-renders/pebble_trio.png'
Time: 00:00.08 (Saving: 00:00.00)

Fra:1 Mem:20.24M (Peak 20.24M) | Time:00:00.00 | Mem:0.00M, Peak:0.00M | Scene, ViewLayer | Synchronizing object | pebble_trio_a
Fra:1 Mem:20.25M (Peak 20.25M) | Time:00:00.00 | Mem:0.00M, Peak:0.00M | Scene, ViewLayer | Synchronizing object | pebble_trio_b
Fra:1 Mem:20.41M (Peak 20.41M) | Time:00:00.00 | Mem:0.00M, Peak:0.00M | Scene, ViewLayer | Synchronizing object | pebble_trio_c
Fra:1 Mem:23.44M (Peak 23.57M) | Time:00:00.01 | Mem:0.00M, Peak:0.00M | Scene, ViewLayer | Initializing
Fra:1 Mem:23.42M (Peak 23.57M) | Time:00:00.01 | Mem:0.00M, Peak:0.00M | Scene, ViewLayer | Updating Images | Loading rock_moss_set_01_diff
Fra:1 Mem:23.42M (Peak 23.57M) | Time:00:00.01 | Mem:0.00M, Peak:0.00M | Scene, ViewLayer | Updating Images | Loading rock_moss_set_01_rough
Fra:1 Mem:35.01M (Peak 51.45M) | Time:00:00.02 | Mem:12.00M, Peak:12.00M | Scene, ViewLayer | Waiting for render to start
Fra:1 Mem:35.02M (Peak 51.45M) | Time:00:00.02 | Mem:12.00M, Peak:12.00M | Scene, ViewLayer | Loading render kernels (may take a few minutes the first time)
Fra:1 Mem:35.02M (Peak 51.45M) | Time:00:00.02 | Mem:12.00M, Peak:12.00M | Scene, ViewLayer | Updating Scene
Fra:1 Mem:35.02M (Peak 51.45M) | Time:00:00.02 | Mem:12.00M, Peak:12.00M | Scene, ViewLayer | Updating Shaders
Fra:1 Mem:35.10M (Peak 51.45M) | Time:00:00.02 | Mem:12.00M, Peak:12.00M | Scene, ViewLayer | Updating Procedurals
Fra:1 Mem:35.10M (Peak 51.45M) | Time:00:00.02 | Mem:12.00M, Peak:12.00M | Scene, ViewLayer | Updating Background
Fra:1 Mem:35.10M (Peak 51.45M) | Time:00:00.02 | Mem:12.00M, Peak:12.00M | Scene, ViewLayer | Updating Camera
Fra:1 Mem:35.10M (Peak 51.45M) | Time:00:00.02 | Mem:12.00M, Peak:12.00M | Scene, ViewLayer | Updating Meshes Flags
Fra:1 Mem:35.10M (Peak 51.45M) | Time:00:00.02 | Mem:12.00M, Peak:12.00M | Scene, ViewLayer | Updating Objects
Fra:1 Mem:35.10M (Peak 51.45M) | Time:00:00.02 | Mem:12.00M, Peak:12.00M | Scene, ViewLayer | Updating Objects | Copying Transformations to device
Fra:1 Mem:35.10M (Peak 51.45M) | Time:00:00.02 | Mem:12.00M, Peak:12.00M | Scene, ViewLayer | Updating Objects | Applying Static Transformations
Fra:1 Mem:35.10M (Peak 51.45M) | Time:00:00.02 | Mem:12.00M, Peak:12.00M | Scene, ViewLayer | Updating Particle Systems
Fra:1 Mem:35.10M (Peak 51.45M) | Time:00:00.02 | Mem:12.00M, Peak:12.00M | Scene, ViewLayer | Updating Particle Systems | Copying Particles to device
Fra:1 Mem:35.10M (Peak 51.45M) | Time:00:00.02 | Mem:12.00M, Peak:12.00M | Scene, ViewLayer | Updating Meshes
Fra:1 Mem:35.51M (Peak 51.45M) | Time:00:00.02 | Mem:12.00M, Peak:12.00M | Scene, ViewLayer | Updating Mesh | Computing attributes
Fra:1 Mem:37.49M (Peak 51.45M) | Time:00:00.02 | Mem:12.00M, Peak:12.00M | Scene, ViewLayer | Updating Mesh | Copying Attributes to device
Fra:1 Mem:37.49M (Peak 51.45M) | Time:00:00.02 | Mem:13.99M, Peak:13.99M | Scene, ViewLayer | Updating Scene BVH | Building
Fra:1 Mem:37.49M (Peak 51.45M) | Time:00:00.02 | Mem:13.99M, Peak:13.99M | Scene, ViewLayer | Updating Scene BVH | Building BVH
Fra:1 Mem:37.49M (Peak 51.45M) | Time:00:00.02 | Mem:15.77M, Peak:16.58M | Scene, ViewLayer | Updating Scene BVH | Copying BVH to device
Fra:1 Mem:37.49M (Peak 51.45M) | Time:00:00.02 | Mem:15.77M, Peak:16.58M | Scene, ViewLayer | Updating Mesh | Computing normals
Fra:1 Mem:38.42M (Peak 51.45M) | Time:00:00.02 | Mem:15.77M, Peak:16.58M | Scene, ViewLayer | Updating Mesh | Copying Mesh to device
Fra:1 Mem:38.42M (Peak 51.45M) | Time:00:00.02 | Mem:16.70M, Peak:16.70M | Scene, ViewLayer | Updating Objects Flags
Fra:1 Mem:38.42M (Peak 51.45M) | Time:00:00.02 | Mem:16.70M, Peak:16.70M | Scene, ViewLayer | Updating Primitive Offsets
Fra:1 Mem:38.42M (Peak 51.45M) | Time:00:00.02 | Mem:16.70M, Peak:16.70M | Scene, ViewLayer | Updating Images
Fra:1 Mem:38.42M (Peak 51.45M) | Time:00:00.02 | Mem:16.70M, Peak:16.70M | Scene, ViewLayer | Updating Camera Volume
Fra:1 Mem:38.42M (Peak 51.45M) | Time:00:00.02 | Mem:16.70M, Peak:16.70M | Scene, ViewLayer | Updating Lookup Tables
Fra:1 Mem:38.42M (Peak 51.45M) | Time:00:00.02 | Mem:16.78M, Peak:16.78M | Scene, ViewLayer | Updating Lights
Fra:1 Mem:38.42M (Peak 51.45M) | Time:00:00.02 | Mem:16.78M, Peak:16.78M | Scene, ViewLayer | Updating Lights | Computing tree
Fra:1 Mem:38.43M (Peak 51.45M) | Time:00:00.02 | Mem:16.78M, Peak:16.78M | Scene, ViewLayer | Updating Integrator
Fra:1 Mem:38.43M (Peak 51.45M) | Time:00:00.02 | Mem:16.78M, Peak:16.78M | Scene, ViewLayer | Updating Film
Fra:1 Mem:38.43M (Peak 51.45M) | Time:00:00.02 | Mem:16.70M, Peak:16.78M | Scene, ViewLayer | Updating Lookup Tables
Fra:1 Mem:38.43M (Peak 51.45M) | Time:00:00.02 | Mem:16.79M, Peak:16.79M | Scene, ViewLayer | Updating Baking
Fra:1 Mem:38.43M (Peak 51.45M) | Time:00:00.02 | Mem:16.79M, Peak:16.79M | Scene, ViewLayer | Updating Device | Writing constant memory
Fra:1 Mem:38.43M (Peak 51.45M) | Time:00:00.02 | Mem:16.79M, Peak:16.79M | Scene, ViewLayer | Sample 0/256
Fra:1 Mem:38.79M (Peak 51.45M) | Time:00:00.03 | Remaining:00:01.40 | Mem:17.14M, Peak:17.14M | Scene, ViewLayer | Sample 1/256
Fra:1 Mem:38.79M (Peak 51.45M) | Time:00:00.40 | Remaining:00:00.82 | Mem:17.14M, Peak:17.14M | Scene, ViewLayer | Sample 80/256
Fra:1 Mem:38.79M (Peak 51.45M) | Time:00:00.42 | Remaining:00:00.66 | Mem:17.14M, Peak:17.14M | Scene, ViewLayer | Sample 96/256
Fra:1 Mem:38.79M (Peak 51.45M) | Time:00:00.43 | Remaining:00:00.52 | Mem:17.14M, Peak:17.14M | Scene, ViewLayer | Sample 112/256
Fra:1 Mem:38.79M (Peak 51.45M) | Time:00:00.45 | Remaining:00:00.42 | Mem:17.14M, Peak:17.14M | Scene, ViewLayer | Sample 128/256
Fra:1 Mem:38.79M (Peak 51.45M) | Time:00:00.46 | Remaining:00:00.33 | Mem:17.14M, Peak:17.14M | Scene, ViewLayer | Sample 144/256
Fra:1 Mem:38.79M (Peak 51.45M) | Time:00:00.47 | Remaining:00:00.26 | Mem:17.14M, Peak:17.14M | Scene, ViewLayer | Sample 160/256
Fra:1 Mem:38.79M (Peak 51.45M) | Time:00:00.48 | Remaining:00:00.20 | Mem:17.14M, Peak:17.14M | Scene, ViewLayer | Sample 176/256
Fra:1 Mem:38.79M (Peak 51.45M) | Time:00:00.49 | Remaining:00:00.15 | Mem:17.14M, Peak:17.14M | Scene, ViewLayer | Sample 192/256
Fra:1 Mem:38.79M (Peak 51.45M) | Time:00:00.50 | Remaining:00:00.10 | Mem:17.14M, Peak:17.14M | Scene, ViewLayer | Sample 208/256
Fra:1 Mem:38.79M (Peak 51.45M) | Time:00:00.50 | Remaining:00:00.06 | Mem:17.14M, Peak:17.14M | Scene, ViewLayer | Sample 224/256
Fra:1 Mem:38.79M (Peak 51.45M) | Time:00:00.51 | Remaining:00:00.03 | Mem:17.14M, Peak:17.14M | Scene, ViewLayer | Sample 240/256
Fra:1 Mem:38.87M (Peak 51.45M) | Time:00:00.52 | Mem:17.14M, Peak:17.14M | Scene, ViewLayer | Sample 256/256
Fra:1 Mem:38.87M (Peak 51.45M) | Time:00:00.52 | Mem:17.14M, Peak:17.14M | Scene, ViewLayer | Finished
Fra:1 Mem:19.89M (Peak 51.45M) | Time:00:00.52 | Compositing
Fra:1 Mem:19.89M (Peak 51.45M) | Time:00:00.52 | Compositing | Initializing execution
Fra:1 Mem:19.89M (Peak 51.45M) | Time:00:00.52 | Compositing | Operation 2-11
Fra:1 Mem:19.89M (Peak 51.45M) | Time:00:00.52 | Compositing | Operation 3-11
Fra:1 Mem:19.97M (Peak 51.45M) | Time:00:00.52 | Compositing | Operation 4-11
Fra:1 Mem:19.97M (Peak 51.45M) | Time:00:00.52 | Compositing | Operation 5-11
Fra:1 Mem:19.97M (Peak 51.45M) | Time:00:00.52 | Compositing | Operation 6-11
Fra:1 Mem:19.97M (Peak 51.45M) | Time:00:00.52 | Compositing | Operation 7-11
Fra:1 Mem:19.97M (Peak 51.45M) | Time:00:00.52 | Compositing | Operation 8-11
Fra:1 Mem:19.97M (Peak 51.45M) | Time:00:00.52 | Compositing | Operation 9-11
Fra:1 Mem:19.97M (Peak 51.45M) | Time:00:00.52 | Compositing | Operation 10-11
Fra:1 Mem:20.03M (Peak 51.45M) | Time:00:00.52 | Compositing | Operation 11-11
Fra:1 Mem:20.04M (Peak 51.45M) | Time:00:00.52 | Compositing | Operation 12-11
Saved: '/workspace/scratch/a51485f153de/art-work/v118-ground-dressing/source/raw-renders/pebble_trio_shadow.png'
Time: 00:00.52 (Saving: 00:00.00)

MODULE_RENDERED pebble_trio
GROUND_DRESSING_BATCH_COMPLETE

Blender quit
