{
  "frozen_source_sha256": "b9f9ec71ff24d593bbe85b6294aeca24e2d0ca86ddea6370206bb2bdb127ffd7",
  "source_scene": "/workspace/scratch/a51485f153de/art-work/v108-professional-environment/sunlit-ruins-environment.blend",
  "source_objects": [
    {
      "object": "Fern cluster 01 / 01",
      "mesh": "Plane.001",
      "asset": "fern_02_a",
      "mesh_aabb": [
        [
          -0.27597030997276306,
          0.27597030997276306
        ],
        [
          -0.30671054124832153,
          0.30671054124832153
        ],
        [
          0.0,
          0.28680354356765747
        ]
      ],
      "mesh_dimensions": [
        0.5519406199455261,
        0.6134210824966431,
        0.28680354356765747
      ],
      "original_scale": [
        2.031254768371582,
        2.031254768371582,
        2.031254768371582
      ],
      "rotation_euler": [
        0.0,
        0.0,
        2.4196059703826904
      ],
      "materials": [
        "fern_02"
      ],
      "vertex_count": 544,
      "triangles": 784,
      "material_face_counts": {
        "0": 784
      }
    },
    {
      "object": "Fern cluster 01 / 02",
      "mesh": "Plane.024",
      "asset": "fern_02_b",
      "mesh_aabb": [
        [
          -0.49487370252609253,
          0.49487370252609253
        ],
        [
          -0.4468448758125305,
          0.4468448758125305
        ],
        [
          0.0,
          0.427694708108902
        ]
      ],
      "mesh_dimensions": [
        0.9897474050521851,
        0.893689751625061,
        0.427694708108902
      ],
      "original_scale": [
        1.38763427734375,
        1.38763427734375,
        1.38763427734375
      ],
      "rotation_euler": [
        0.0,
        0.0,
        1.3498066663742065
      ],
      "materials": [
        "fern_02"
      ],
      "vertex_count": 1660,
      "triangles": 2384,
      "material_face_counts": {
        "0": 2384
      }
    },
    {
      "object": "Fern cluster 01 / 03",
      "mesh": "Plane.044",
      "asset": "fern_02_c",
      "mesh_aabb": [
        [
          -0.4371629059314728,
          0.4371629059314728
        ],
        [
          -0.38261282444000244,
          0.38261282444000244
        ],
        [
          0.0,
          0.3490203619003296
        ]
      ],
      "mesh_dimensions": [
        0.8743258118629456,
        0.7652256488800049,
        0.3490203619003296
      ],
      "original_scale": [
        1.4759905338287354,
        1.4759905338287354,
        1.4759905338287354
      ],
      "rotation_euler": [
        0.0,
        0.0,
        1.1944525241851807
      ],
      "materials": [
        "fern_02"
      ],
      "vertex_count": 1568,
      "triangles": 2248,
      "material_face_counts": {
        "0": 2248
      }
    },
    {
      "object": "Fern cluster 01 / 04",
      "mesh": "Plane.059",
      "asset": "fern_02_d",
      "mesh_aabb": [
        [
          -0.28639107942581177,
          0.28639107942581177
        ],
        [
          -0.2966391444206238,
          0.2966391444206238
        ],
        [
          0.0,
          0.2130875587463379
        ]
      ],
      "mesh_dimensions": [
        0.5727821588516235,
        0.5932782888412476,
        0.2130875587463379
      ],
      "original_scale": [
        1.404735803604126,
        1.404735803604126,
        1.404735803604126
      ],
      "rotation_euler": [
        0.0,
        0.0,
        2.028204917907715
      ],
      "materials": [
        "fern_02"
      ],
      "vertex_count": 565,
      "triangles": 816,
      "material_face_counts": {
        "0": 816
      }
    },
    {
      "object": "Authored tree frame 0",
      "mesh": "BezierCurve.002",
      "asset": "tree_small_02_branch_frame_subset",
      "mesh_aabb": [
        [
          -1.257074236869812,
          1.257074236869812
        ],
        [
          -2.028696060180664,
          2.028696060180664
        ],
        [
          0.0,
          4.556401252746582
        ]
      ],
      "mesh_dimensions": [
        2.514148473739624,
        4.057392120361328,
        4.556401252746582
      ],
      "original_scale": [
        1.2300000190734863,
        1.2300000190734863,
        1.2300000190734863
      ],
      "rotation_euler": [
        0.0,
        0.0,
        0.13962633907794952
      ],
      "materials": [
        "tree_small_02_branches",
        "tree_small_02_leaves",
        "tree_small_02_trunk"
      ],
      "vertex_count": 183939,
      "triangles": 243107,
      "material_face_counts": {
        "0": 94814,
        "1": 120000,
        "2": 28293
      }
    },
    {
      "object": "Loose scanned rubble 00",
      "mesh": "modelShape.005",
      "asset": "rock_moss_set_01_rock01",
      "mesh_aabb": [
        [
          -1.1188161373138428,
          1.1188161373138428
        ],
        [
          -1.6844022274017334,
          1.6844022274017334
        ],
        [
          0.0,
          1.4726980924606323
        ]
      ],
      "mesh_dimensions": [
        2.2376322746276855,
        3.368804454803467,
        1.4726980924606323
      ],
      "original_scale": [
        0.11276127398014069,
        0.11276127398014069,
        0.11276127398014069
      ],
      "rotation_euler": [
        0.0,
        0.0,
        1.2481578588485718
      ],
      "materials": [
        "rock_moss_set_01"
      ],
      "vertex_count": 6078,
      "triangles": 11000,
      "material_face_counts": {
        "0": 11000
      }
    },
    {
      "object": "Loose scanned rubble 01",
      "mesh": "modelShape.002",
      "asset": "rock_moss_set_01_rock02",
      "mesh_aabb": [
        [
          -1.3276903629302979,
          1.3276903629302979
        ],
        [
          -1.6318602561950684,
          1.6318602561950684
        ],
        [
          0.0,
          1.2619911432266235
        ]
      ],
      "mesh_dimensions": [
        2.6553807258605957,
        3.2637205123901367,
        1.2619911432266235
      ],
      "original_scale": [
        0.1900048404932022,
        0.1900048404932022,
        0.1900048404932022
      ],
      "rotation_euler": [
        0.0,
        0.0,
        0.23412412405014038
      ],
      "materials": [
        "rock_moss_set_01"
      ],
      "vertex_count": 6192,
      "triangles": 10996,
      "material_face_counts": {
        "0": 10996
      }
    },
    {
      "object": "Loose scanned rubble 02",
      "mesh": "modelShape",
      "asset": "rock_moss_set_01_rock03",
      "mesh_aabb": [
        [
          -1.0542912483215332,
          1.0542912483215332
        ],
        [
          -1.039792776107788,
          1.039792776107788
        ],
        [
          0.0,
          1.0996944904327393
        ]
      ],
      "mesh_dimensions": [
        2.1085824966430664,
        2.079585552215576,
        1.0996944904327393
      ],
      "original_scale": [
        0.172561377286911,
        0.172561377286911,
        0.172561377286911
      ],
      "rotation_euler": [
        0.0,
        0.0,
        4.37746000289917
      ],
      "materials": [
        "rock_moss_set_01"
      ],
      "vertex_count": 2741,
      "triangles": 5000,
      "material_face_counts": {
        "0": 5000
      }
    },
    {
      "object": "Loose scanned rubble 03",
      "mesh": "medium.001",
      "asset": "rock_moss_set_01_rock04",
      "mesh_aabb": [
        [
          -1.063814640045166,
          1.063814640045166
        ],
        [
          -0.9823706746101379,
          0.9823706746101379
        ],
        [
          0.0,
          1.768319845199585
        ]
      ],
      "mesh_dimensions": [
        2.127629280090332,
        1.9647413492202759,
        1.768319845199585
      ],
      "original_scale": [
        0.14911383390426636,
        0.14911383390426636,
        0.14911383390426636
      ],
      "rotation_euler": [
        0.0,
        0.0,
        4.293740749359131
      ],
      "materials": [
        "rock_moss_set_01"
      ],
      "vertex_count": 5691,
      "triangles": 10589,
      "material_face_counts": {
        "0": 10589
      }
    },
    {
      "object": "Loose scanned rubble 04",
      "mesh": "modelShape.003",
      "asset": "rock_moss_set_01_rock05",
      "mesh_aabb": [
        [
          -0.9086613655090332,
          0.9086613655090332
        ],
        [
          -1.4993319511413574,
          1.4993319511413574
        ],
        [
          0.0,
          1.2054507732391357
        ]
      ],
      "mesh_dimensions": [
        1.8173227310180664,
        2.998663902282715,
        1.2054507732391357
      ],
      "original_scale": [
        0.12101477384567261,
        0.12101477384567261,
        0.12101477384567261
      ],
      "rotation_euler": [
        0.0,
        0.0,
        5.161717891693115
      ],
      "materials": [
        "rock_moss_set_01"
      ],
      "vertex_count": 8538,
      "triangles": 16548,
      "material_face_counts": {
        "0": 16548
      }
    },
    {
      "object": "Loose scanned rubble 05",
      "mesh": "mesh1-geometry.003",
      "asset": "rock_moss_set_01_rock06",
      "mesh_aabb": [
        [
          -1.0629911422729492,
          1.0629911422729492
        ],
        [
          -1.3786516189575195,
          1.3786516189575195
        ],
        [
          0.0,
          1.261852741241455
        ]
      ],
      "mesh_dimensions": [
        2.1259822845458984,
        2.757303237915039,
        1.261852741241455
      ],
      "original_scale": [
        0.20678940415382385,
        0.20678940415382385,
        0.20678940415382385
      ],
      "rotation_euler": [
        0.0,
        0.0,
        5.84539794921875
      ],
      "materials": [
        "rock_moss_set_01"
      ],
      "vertex_count": 4748,
      "triangles": 8994,
      "material_face_counts": {
        "0": 8994
      }
    }
  ],
  "rendered": false,
  "source_saved": false
}
Blender 4.3.2
Read blend: "/workspace/scratch/a51485f153de/art-work/v108-professional-environment/sunlit-ruins-environment.blend"

Blender quit
