Godot Engine v4.6.3.stable.official.7d41c59c4 - https://godotengine.org

ERROR: Contact shadow fits retained bounds 0
   at: push_error (core/variant/variant_utility.cpp:1024)
   GDScript backtrace (most recent call first):
       [0] check (res://tests/presentation_resource_contract_test.gd:8)
       [1] run (res://tests/presentation_resource_contract_test.gd:31)
ERROR: Contact shadow fits retained bounds 1
   at: push_error (core/variant/variant_utility.cpp:1024)
   GDScript backtrace (most recent call first):
       [0] check (res://tests/presentation_resource_contract_test.gd:8)
       [1] run (res://tests/presentation_resource_contract_test.gd:31)
ERROR: Contact shadow fits retained bounds 2
   at: push_error (core/variant/variant_utility.cpp:1024)
   GDScript backtrace (most recent call first):
       [0] check (res://tests/presentation_resource_contract_test.gd:8)
       [1] run (res://tests/presentation_resource_contract_test.gd:31)
ERROR: Contact shadow fits retained bounds 3
   at: push_error (core/variant/variant_utility.cpp:1024)
   GDScript backtrace (most recent call first):
       [0] check (res://tests/presentation_resource_contract_test.gd:8)
       [1] run (res://tests/presentation_resource_contract_test.gd:31)
ERROR: Contact shadow fits retained bounds 4
   at: push_error (core/variant/variant_utility.cpp:1024)
   GDScript backtrace (most recent call first):
       [0] check (res://tests/presentation_resource_contract_test.gd:8)
       [1] run (res://tests/presentation_resource_contract_test.gd:31)
ERROR: Contact shadow fits retained bounds 5
   at: push_error (core/variant/variant_utility.cpp:1024)
   GDScript backtrace (most recent call first):
       [0] check (res://tests/presentation_resource_contract_test.gd:8)
       [1] run (res://tests/presentation_resource_contract_test.gd:31)
ERROR: Contact shadow fits retained bounds 6
   at: push_error (core/variant/variant_utility.cpp:1024)
   GDScript backtrace (most recent call first):
       [0] check (res://tests/presentation_resource_contract_test.gd:8)
       [1] run (res://tests/presentation_resource_contract_test.gd:31)
ERROR: Contact shadow fits retained bounds 7
   at: push_error (core/variant/variant_utility.cpp:1024)
   GDScript backtrace (most recent call first):
       [0] check (res://tests/presentation_resource_contract_test.gd:8)
       [1] run (res://tests/presentation_resource_contract_test.gd:31)
PRESENTATION_RESOURCE: 314 checks, 8 failures
