Godot Engine v4.6.3.stable.official.7d41c59c4 - https://godotengine.org

ERROR: Native plan retains the complete authoritative detoured route contract
   at: push_error (core/variant/variant_utility.cpp:1024)
   GDScript backtrace (most recent call first):
       [0] check (res://tests/exploration_map_plan_test.gd:29)
       [1] _native_positive (res://tests/exploration_map_plan_test.gd:332)
       [2] _native_contract (res://tests/exploration_map_plan_test.gd:293)
ERROR: Native roots and complete checkpoint match exact existing factory authority
   at: push_error (core/variant/variant_utility.cpp:1024)
   GDScript backtrace (most recent call first):
       [0] check (res://tests/exploration_map_plan_test.gd:29)
       [1] _native_positive (res://tests/exploration_map_plan_test.gd:350)
       [2] _native_contract (res://tests/exploration_map_plan_test.gd:293)
ERROR: Native plan retains the complete authoritative detoured route contract
   at: push_error (core/variant/variant_utility.cpp:1024)
   GDScript backtrace (most recent call first):
       [0] check (res://tests/exploration_map_plan_test.gd:29)
       [1] _native_positive (res://tests/exploration_map_plan_test.gd:332)
       [2] _native_contract (res://tests/exploration_map_plan_test.gd:293)
ERROR: Native roots and complete checkpoint match exact existing factory authority
   at: push_error (core/variant/variant_utility.cpp:1024)
   GDScript backtrace (most recent call first):
       [0] check (res://tests/exploration_map_plan_test.gd:29)
       [1] _native_positive (res://tests/exploration_map_plan_test.gd:350)
       [2] _native_contract (res://tests/exploration_map_plan_test.gd:293)
ERROR: Native plan retains the complete authoritative detoured route contract
   at: push_error (core/variant/variant_utility.cpp:1024)
   GDScript backtrace (most recent call first):
       [0] check (res://tests/exploration_map_plan_test.gd:29)
       [1] _native_positive (res://tests/exploration_map_plan_test.gd:332)
       [2] _native_contract (res://tests/exploration_map_plan_test.gd:293)
ERROR: Native roots and complete checkpoint match exact existing factory authority
   at: push_error (core/variant/variant_utility.cpp:1024)
   GDScript backtrace (most recent call first):
       [0] check (res://tests/exploration_map_plan_test.gd:29)
       [1] _native_positive (res://tests/exploration_map_plan_test.gd:350)
       [2] _native_contract (res://tests/exploration_map_plan_test.gd:293)
ERROR: Native plan retains the complete authoritative detoured route contract
   at: push_error (core/variant/variant_utility.cpp:1024)
   GDScript backtrace (most recent call first):
       [0] check (res://tests/exploration_map_plan_test.gd:29)
       [1] _native_positive (res://tests/exploration_map_plan_test.gd:332)
       [2] _native_contract (res://tests/exploration_map_plan_test.gd:293)
ERROR: Native roots and complete checkpoint match exact existing factory authority
   at: push_error (core/variant/variant_utility.cpp:1024)
   GDScript backtrace (most recent call first):
       [0] check (res://tests/exploration_map_plan_test.gd:29)
       [1] _native_positive (res://tests/exploration_map_plan_test.gd:350)
       [2] _native_contract (res://tests/exploration_map_plan_test.gd:293)
ERROR: Native plan retains the complete authoritative detoured route contract
   at: push_error (core/variant/variant_utility.cpp:1024)
   GDScript backtrace (most recent call first):
       [0] check (res://tests/exploration_map_plan_test.gd:29)
       [1] _native_positive (res://tests/exploration_map_plan_test.gd:332)
       [2] _native_contract (res://tests/exploration_map_plan_test.gd:293)
ERROR: Native roots and complete checkpoint match exact existing factory authority
   at: push_error (core/variant/variant_utility.cpp:1024)
   GDScript backtrace (most recent call first):
       [0] check (res://tests/exploration_map_plan_test.gd:29)
       [1] _native_positive (res://tests/exploration_map_plan_test.gd:350)
       [2] _native_contract (res://tests/exploration_map_plan_test.gd:293)
ERROR: Native plan retains the complete authoritative detoured route contract
   at: push_error (core/variant/variant_utility.cpp:1024)
   GDScript backtrace (most recent call first):
       [0] check (res://tests/exploration_map_plan_test.gd:29)
       [1] _native_positive (res://tests/exploration_map_plan_test.gd:332)
       [2] _native_contract (res://tests/exploration_map_plan_test.gd:293)
ERROR: Native roots and complete checkpoint match exact existing factory authority
   at: push_error (core/variant/variant_utility.cpp:1024)
   GDScript backtrace (most recent call first):
       [0] check (res://tests/exploration_map_plan_test.gd:29)
       [1] _native_positive (res://tests/exploration_map_plan_test.gd:350)
       [2] _native_contract (res://tests/exploration_map_plan_test.gd:293)
ERROR: Factory stats, source grants, boss attacks and chained checkpoint remain exact
   at: push_error (core/variant/variant_utility.cpp:1024)
   GDScript backtrace (most recent call first):
       [0] check (res://tests/exploration_map_plan_test.gd:29)
       [1] _positive (res://tests/exploration_map_plan_test.gd:171)
       [2] run (res://tests/exploration_map_plan_test.gd:48)
       [3] _native_contract (res://tests/exploration_map_plan_test.gd:312)
ERROR: Factory stats, source grants, boss attacks and chained checkpoint remain exact
   at: push_error (core/variant/variant_utility.cpp:1024)
   GDScript backtrace (most recent call first):
       [0] check (res://tests/exploration_map_plan_test.gd:29)
       [1] _positive (res://tests/exploration_map_plan_test.gd:171)
       [2] run (res://tests/exploration_map_plan_test.gd:48)
       [3] _native_contract (res://tests/exploration_map_plan_test.gd:312)
ERROR: Factory stats, source grants, boss attacks and chained checkpoint remain exact
   at: push_error (core/variant/variant_utility.cpp:1024)
   GDScript backtrace (most recent call first):
       [0] check (res://tests/exploration_map_plan_test.gd:29)
       [1] _positive (res://tests/exploration_map_plan_test.gd:171)
       [2] run (res://tests/exploration_map_plan_test.gd:48)
       [3] _native_contract (res://tests/exploration_map_plan_test.gd:312)
ERROR: Factory stats, source grants, boss attacks and chained checkpoint remain exact
   at: push_error (core/variant/variant_utility.cpp:1024)
   GDScript backtrace (most recent call first):
       [0] check (res://tests/exploration_map_plan_test.gd:29)
       [1] _positive (res://tests/exploration_map_plan_test.gd:171)
       [2] run (res://tests/exploration_map_plan_test.gd:48)
       [3] _native_contract (res://tests/exploration_map_plan_test.gd:312)
ERROR: Factory stats, source grants, boss attacks and chained checkpoint remain exact
   at: push_error (core/variant/variant_utility.cpp:1024)
   GDScript backtrace (most recent call first):
       [0] check (res://tests/exploration_map_plan_test.gd:29)
       [1] _positive (res://tests/exploration_map_plan_test.gd:171)
       [2] run (res://tests/exploration_map_plan_test.gd:48)
       [3] _native_contract (res://tests/exploration_map_plan_test.gd:312)
ERROR: Factory stats, source grants, boss attacks and chained checkpoint remain exact
   at: push_error (core/variant/variant_utility.cpp:1024)
   GDScript backtrace (most recent call first):
       [0] check (res://tests/exploration_map_plan_test.gd:29)
       [1] _positive (res://tests/exploration_map_plan_test.gd:171)
       [2] run (res://tests/exploration_map_plan_test.gd:48)
       [3] _native_contract (res://tests/exploration_map_plan_test.gd:312)
ERROR: Factory stats, source grants, boss attacks and chained checkpoint remain exact
   at: push_error (core/variant/variant_utility.cpp:1024)
   GDScript backtrace (most recent call first):
       [0] check (res://tests/exploration_map_plan_test.gd:29)
       [1] _positive (res://tests/exploration_map_plan_test.gd:171)
       [2] run (res://tests/exploration_map_plan_test.gd:48)
       [3] _native_contract (res://tests/exploration_map_plan_test.gd:312)
ERROR: Factory stats, source grants, boss attacks and chained checkpoint remain exact
   at: push_error (core/variant/variant_utility.cpp:1024)
   GDScript backtrace (most recent call first):
       [0] check (res://tests/exploration_map_plan_test.gd:29)
       [1] _positive (res://tests/exploration_map_plan_test.gd:171)
       [2] run (res://tests/exploration_map_plan_test.gd:48)
       [3] _native_contract (res://tests/exploration_map_plan_test.gd:312)
ERROR: Factory stats, source grants, boss attacks and chained checkpoint remain exact
   at: push_error (core/variant/variant_utility.cpp:1024)
   GDScript backtrace (most recent call first):
       [0] check (res://tests/exploration_map_plan_test.gd:29)
       [1] _positive (res://tests/exploration_map_plan_test.gd:171)
       [2] run (res://tests/exploration_map_plan_test.gd:48)
       [3] _native_contract (res://tests/exploration_map_plan_test.gd:312)
ERROR: Factory stats, source grants, boss attacks and chained checkpoint remain exact
   at: push_error (core/variant/variant_utility.cpp:1024)
   GDScript backtrace (most recent call first):
       [0] check (res://tests/exploration_map_plan_test.gd:29)
       [1] _positive (res://tests/exploration_map_plan_test.gd:171)
       [2] run (res://tests/exploration_map_plan_test.gd:48)
       [3] _native_contract (res://tests/exploration_map_plan_test.gd:312)
ERROR: Factory stats, source grants, boss attacks and chained checkpoint remain exact
   at: push_error (core/variant/variant_utility.cpp:1024)
   GDScript backtrace (most recent call first):
       [0] check (res://tests/exploration_map_plan_test.gd:29)
       [1] _positive (res://tests/exploration_map_plan_test.gd:171)
       [2] run (res://tests/exploration_map_plan_test.gd:48)
       [3] _native_contract (res://tests/exploration_map_plan_test.gd:312)
ERROR: Factory stats, source grants, boss attacks and chained checkpoint remain exact
   at: push_error (core/variant/variant_utility.cpp:1024)
   GDScript backtrace (most recent call first):
       [0] check (res://tests/exploration_map_plan_test.gd:29)
       [1] _positive (res://tests/exploration_map_plan_test.gd:171)
       [2] run (res://tests/exploration_map_plan_test.gd:48)
       [3] _native_contract (res://tests/exploration_map_plan_test.gd:312)
Exploration map plan: 334 checks, 24 failures
