Godot Engine v4.6.3.stable.official.7d41c59c4 - https://godotengine.org

ERROR: FAIL: C is not intercepted by this menu state and remains available to existing routing
   at: push_error (core/variant/variant_utility.cpp:1024)
   GDScript backtrace (most recent call first):
       [0] _expect (res://tests/docked_menu_state_test.gd:24)
       [1] _test_key_echo_unknown_and_copy_boundaries (res://tests/docked_menu_state_test.gd:119)
       [2] _initialize (res://tests/docked_menu_state_test.gd:14)
ERROR: FAIL: Unknown UI requests leave state unchanged
   at: push_error (core/variant/variant_utility.cpp:1024)
   GDScript backtrace (most recent call first):
       [0] _expect (res://tests/docked_menu_state_test.gd:24)
       [1] _test_key_echo_unknown_and_copy_boundaries (res://tests/docked_menu_state_test.gd:121)
       [2] _initialize (res://tests/docked_menu_state_test.gd:14)
ERROR: FAIL: Unknown echoed keys are harmless
   at: push_error (core/variant/variant_utility.cpp:1024)
   GDScript backtrace (most recent call first):
       [0] _expect (res://tests/docked_menu_state_test.gd:24)
       [1] _test_key_echo_unknown_and_copy_boundaries (res://tests/docked_menu_state_test.gd:123)
       [2] _initialize (res://tests/docked_menu_state_test.gd:14)
ERROR: FAIL: Snapshots and transition results expose detached nested arrays
   at: push_error (core/variant/variant_utility.cpp:1024)
   GDScript backtrace (most recent call first):
       [0] _expect (res://tests/docked_menu_state_test.gd:24)
       [1] _test_key_echo_unknown_and_copy_boundaries (res://tests/docked_menu_state_test.gd:128)
       [2] _initialize (res://tests/docked_menu_state_test.gd:14)
Docked menu state: 40 checks, 4 failures
