Godot Engine v4.6.3.stable.official.7d41c59c4 - https://godotengine.org

ERROR: Unable to open file: res://.godot/imported/long_stride.png-7303a7817c3057fedfe755ea97b7f4cb.ctex.
   at: _load_data (scene/resources/compressed_texture.cpp:42)
ERROR: Failed loading resource: res://.godot/imported/long_stride.png-7303a7817c3057fedfe755ea97b7f4cb.ctex.
   at: _load (core/io/resource_loader.cpp:343)
ERROR: Failed loading resource: res://assets/ui/grimoire/long_stride.png.
   at: _load (core/io/resource_loader.cpp:343)
ERROR: Unable to open file: res://.godot/imported/encircling_cleave.png-6f2073c72d23ab0478891d0c0fcc3817.ctex.
   at: _load_data (scene/resources/compressed_texture.cpp:42)
ERROR: Failed loading resource: res://.godot/imported/encircling_cleave.png-6f2073c72d23ab0478891d0c0fcc3817.ctex.
   at: _load (core/io/resource_loader.cpp:343)
ERROR: Failed loading resource: res://assets/ui/grimoire/encircling_cleave.png.
   at: _load (core/io/resource_loader.cpp:343)
ERROR: Unable to open file: res://.godot/imported/frost_lock.png-24eb6dd25b582829c34958dc2f08b9c0.ctex.
   at: _load_data (scene/resources/compressed_texture.cpp:42)
ERROR: Failed loading resource: res://.godot/imported/frost_lock.png-24eb6dd25b582829c34958dc2f08b9c0.ctex.
   at: _load (core/io/resource_loader.cpp:343)
ERROR: Failed loading resource: res://assets/ui/grimoire/frost_lock.png.
   at: _load (core/io/resource_loader.cpp:343)
ERROR: Unable to open file: res://.godot/imported/inward_pull.png-4c66c4fcd7b715ef1a73fe6a67aceaf7.ctex.
   at: _load_data (scene/resources/compressed_texture.cpp:42)
ERROR: Failed loading resource: res://.godot/imported/inward_pull.png-4c66c4fcd7b715ef1a73fe6a67aceaf7.ctex.
   at: _load (core/io/resource_loader.cpp:343)
ERROR: Failed loading resource: res://assets/ui/grimoire/inward_pull.png.
   at: _load (core/io/resource_loader.cpp:343)
ERROR: Unable to open file: res://.godot/imported/ambush.png-ee046c23b8774f0e8fa202429b82352f.ctex.
   at: _load_data (scene/resources/compressed_texture.cpp:42)
ERROR: Failed loading resource: res://.godot/imported/ambush.png-ee046c23b8774f0e8fa202429b82352f.ctex.
   at: _load (core/io/resource_loader.cpp:343)
ERROR: Failed loading resource: res://assets/ui/grimoire/ambush.png.
   at: _load (core/io/resource_loader.cpp:343)
ERROR: Unable to open file: res://.godot/imported/shock.png-3784c265243afdf9caa54731247f510e.ctex.
   at: _load_data (scene/resources/compressed_texture.cpp:42)
ERROR: Failed loading resource: res://.godot/imported/shock.png-3784c265243afdf9caa54731247f510e.ctex.
   at: _load (core/io/resource_loader.cpp:343)
ERROR: Failed loading resource: res://assets/ui/grimoire/shock.png.
   at: _load (core/io/resource_loader.cpp:343)
ERROR: Unable to open file: res://.godot/imported/ember_proliferation.png-d9cdf744f9cb0e13c088cf970680f889.ctex.
   at: _load_data (scene/resources/compressed_texture.cpp:42)
ERROR: Failed loading resource: res://.godot/imported/ember_proliferation.png-d9cdf744f9cb0e13c088cf970680f889.ctex.
   at: _load (core/io/resource_loader.cpp:343)
ERROR: Failed loading resource: res://assets/ui/grimoire/ember_proliferation.png.
   at: _load (core/io/resource_loader.cpp:343)
ERROR: Unable to open file: res://.godot/imported/ignite.png-5d5664b66a07eaf5a166becc9c212753.ctex.
   at: _load_data (scene/resources/compressed_texture.cpp:42)
ERROR: Failed loading resource: res://.godot/imported/ignite.png-5d5664b66a07eaf5a166becc9c212753.ctex.
   at: _load (core/io/resource_loader.cpp:343)
ERROR: Failed loading resource: res://assets/ui/grimoire/ignite.png.
   at: _load (core/io/resource_loader.cpp:343)
ERROR: Unable to open file: res://.godot/imported/cleave.png-8aa6b7472c0d29a44dba01d54b4fb096.ctex.
   at: _load_data (scene/resources/compressed_texture.cpp:42)
ERROR: Failed loading resource: res://.godot/imported/cleave.png-8aa6b7472c0d29a44dba01d54b4fb096.ctex.
   at: _load (core/io/resource_loader.cpp:343)
ERROR: Failed loading resource: res://assets/ui/grimoire/cleave.png.
   at: _load (core/io/resource_loader.cpp:343)
ERROR: Unable to open file: res://.godot/imported/shade_bolt.png-87fedf3f1d2b0ebe6ba833f0b603eb59.ctex.
   at: _load_data (scene/resources/compressed_texture.cpp:42)
ERROR: Failed loading resource: res://.godot/imported/shade_bolt.png-87fedf3f1d2b0ebe6ba833f0b603eb59.ctex.
   at: _load (core/io/resource_loader.cpp:343)
ERROR: Failed loading resource: res://assets/ui/grimoire/shade_bolt.png.
   at: _load (core/io/resource_loader.cpp:343)
ERROR: Unable to open file: res://.godot/imported/efficiency.png-18e5d02ba65e72afc090dfb3f9ee34f0.ctex.
   at: _load_data (scene/resources/compressed_texture.cpp:42)
ERROR: Failed loading resource: res://.godot/imported/efficiency.png-18e5d02ba65e72afc090dfb3f9ee34f0.ctex.
   at: _load (core/io/resource_loader.cpp:343)
ERROR: Failed loading resource: res://assets/ui/grimoire/efficiency.png.
   at: _load (core/io/resource_loader.cpp:343)
ERROR: Unable to open file: res://.godot/imported/quickcast.png-bb212c6bc37ec325c68de5355c454ee3.ctex.
   at: _load_data (scene/resources/compressed_texture.cpp:42)
ERROR: Failed loading resource: res://.godot/imported/quickcast.png-bb212c6bc37ec325c68de5355c454ee3.ctex.
   at: _load (core/io/resource_loader.cpp:343)
ERROR: Failed loading resource: res://assets/ui/grimoire/quickcast.png.
   at: _load (core/io/resource_loader.cpp:343)
ERROR: Unable to open file: res://.godot/imported/physical_focus.png-879fbcc9843cbcf94c4f819f73c5332d.ctex.
   at: _load_data (scene/resources/compressed_texture.cpp:42)
ERROR: Failed loading resource: res://.godot/imported/physical_focus.png-879fbcc9843cbcf94c4f819f73c5332d.ctex.
   at: _load (core/io/resource_loader.cpp:343)
ERROR: Failed loading resource: res://assets/ui/grimoire/physical_focus.png.
   at: _load (core/io/resource_loader.cpp:343)
ERROR: Unable to open file: res://.godot/imported/fire_focus.png-700b2779e934ff47243766d23b9c1994.ctex.
   at: _load_data (scene/resources/compressed_texture.cpp:42)
ERROR: Failed loading resource: res://.godot/imported/fire_focus.png-700b2779e934ff47243766d23b9c1994.ctex.
   at: _load (core/io/resource_loader.cpp:343)
ERROR: Failed loading resource: res://assets/ui/grimoire/fire_focus.png.
   at: _load (core/io/resource_loader.cpp:343)
ERROR: Unable to open file: res://.godot/imported/cold_focus.png-fb35d24e83a3690fecd55f8373b1f546.ctex.
   at: _load_data (scene/resources/compressed_texture.cpp:42)
ERROR: Failed loading resource: res://.godot/imported/cold_focus.png-fb35d24e83a3690fecd55f8373b1f546.ctex.
   at: _load (core/io/resource_loader.cpp:343)
ERROR: Failed loading resource: res://assets/ui/grimoire/cold_focus.png.
   at: _load (core/io/resource_loader.cpp:343)
ERROR: Unable to open file: res://.godot/imported/lightning_focus.png-2577feb9331814648b118ebf0e3630c6.ctex.
   at: _load_data (scene/resources/compressed_texture.cpp:42)
ERROR: Failed loading resource: res://.godot/imported/lightning_focus.png-2577feb9331814648b118ebf0e3630c6.ctex.
   at: _load (core/io/resource_loader.cpp:343)
ERROR: Failed loading resource: res://assets/ui/grimoire/lightning_focus.png.
   at: _load (core/io/resource_loader.cpp:343)
ERROR: Unable to open file: res://.godot/imported/swift_projectiles.png-be8a29925008e99d39a3ae733b8a8cd0.ctex.
   at: _load_data (scene/resources/compressed_texture.cpp:42)
ERROR: Failed loading resource: res://.godot/imported/swift_projectiles.png-be8a29925008e99d39a3ae733b8a8cd0.ctex.
   at: _load (core/io/resource_loader.cpp:343)
ERROR: Failed loading resource: res://assets/ui/grimoire/swift_projectiles.png.
   at: _load (core/io/resource_loader.cpp:343)
ERROR: Unable to open file: res://.godot/imported/heavy_projectiles.png-6a00a7369f54017cfc730ae17d669ade.ctex.
   at: _load_data (scene/resources/compressed_texture.cpp:42)
ERROR: Failed loading resource: res://.godot/imported/heavy_projectiles.png-6a00a7369f54017cfc730ae17d669ade.ctex.
   at: _load (core/io/resource_loader.cpp:343)
ERROR: Failed loading resource: res://assets/ui/grimoire/heavy_projectiles.png.
   at: _load (core/io/resource_loader.cpp:343)
ERROR: Unable to open file: res://.godot/imported/lingering_chill.png-9cd41b300aa65190157f25fdc523ab54.ctex.
   at: _load_data (scene/resources/compressed_texture.cpp:42)
ERROR: Failed loading resource: res://.godot/imported/lingering_chill.png-9cd41b300aa65190157f25fdc523ab54.ctex.
   at: _load (core/io/resource_loader.cpp:343)
ERROR: Failed loading resource: res://assets/ui/grimoire/lingering_chill.png.
   at: _load (core/io/resource_loader.cpp:343)
ERROR: Unable to open file: res://.godot/imported/chain_extension.png-c5e7ececcc432e72a1e2f034b69ed1f2.ctex.
   at: _load_data (scene/resources/compressed_texture.cpp:42)
ERROR: Failed loading resource: res://.godot/imported/chain_extension.png-c5e7ececcc432e72a1e2f034b69ed1f2.ctex.
   at: _load (core/io/resource_loader.cpp:343)
ERROR: Failed loading resource: res://assets/ui/grimoire/chain_extension.png.
   at: _load (core/io/resource_loader.cpp:343)
ERROR: Unable to open file: res://.godot/imported/chain_reach.png-f790c18c05906b1d6bb02b1ac7361772.ctex.
   at: _load_data (scene/resources/compressed_texture.cpp:42)
ERROR: Failed loading resource: res://.godot/imported/chain_reach.png-f790c18c05906b1d6bb02b1ac7361772.ctex.
   at: _load (core/io/resource_loader.cpp:343)
ERROR: Failed loading resource: res://assets/ui/grimoire/chain_reach.png.
   at: _load (core/io/resource_loader.cpp:343)
ERROR: Unable to open file: res://.godot/imported/tornado.png-58bf4ce3e6eb59b3ed941f07285c3924.ctex.
   at: _load_data (scene/resources/compressed_texture.cpp:42)
ERROR: Failed loading resource: res://.godot/imported/tornado.png-58bf4ce3e6eb59b3ed941f07285c3924.ctex.
   at: _load (core/io/resource_loader.cpp:343)
ERROR: Failed loading resource: res://assets/ui/grimoire/tornado.png.
   at: _load (core/io/resource_loader.cpp:343)
ERROR: Unable to open file: res://.godot/imported/bolt.png-24dacc8b9900c4eafc86cd5b88b5175f.ctex.
   at: _load_data (scene/resources/compressed_texture.cpp:42)
ERROR: Failed loading resource: res://.godot/imported/bolt.png-24dacc8b9900c4eafc86cd5b88b5175f.ctex.
   at: _load (core/io/resource_loader.cpp:343)
ERROR: Failed loading resource: res://assets/ui/grimoire/bolt.png.
   at: _load (core/io/resource_loader.cpp:343)
ERROR: Unable to open file: res://.godot/imported/frost.png-cf345086ff13f19d45ef884d237f6248.ctex.
   at: _load_data (scene/resources/compressed_texture.cpp:42)
ERROR: Failed loading resource: res://.godot/imported/frost.png-cf345086ff13f19d45ef884d237f6248.ctex.
   at: _load (core/io/resource_loader.cpp:343)
ERROR: Failed loading resource: res://assets/ui/grimoire/frost.png.
   at: _load (core/io/resource_loader.cpp:343)
ERROR: Unable to open file: res://.godot/imported/nova.png-c10e7df7f315bde6f2b623a2fc476e32.ctex.
   at: _load_data (scene/resources/compressed_texture.cpp:42)
ERROR: Failed loading resource: res://.godot/imported/nova.png-c10e7df7f315bde6f2b623a2fc476e32.ctex.
   at: _load (core/io/resource_loader.cpp:343)
ERROR: Failed loading resource: res://assets/ui/grimoire/nova.png.
   at: _load (core/io/resource_loader.cpp:343)
ERROR: Unable to open file: res://.godot/imported/dash.png-928b729a6527d7abe180094441a6a07e.ctex.
   at: _load_data (scene/resources/compressed_texture.cpp:42)
ERROR: Failed loading resource: res://.godot/imported/dash.png-928b729a6527d7abe180094441a6a07e.ctex.
   at: _load (core/io/resource_loader.cpp:343)
ERROR: Failed loading resource: res://assets/ui/grimoire/dash.png.
   at: _load (core/io/resource_loader.cpp:343)
ERROR: Unable to open file: res://.godot/imported/ward.png-dd6d8a661bcec8ea7421635e02c4d8ac.ctex.
   at: _load_data (scene/resources/compressed_texture.cpp:42)
ERROR: Failed loading resource: res://.godot/imported/ward.png-dd6d8a661bcec8ea7421635e02c4d8ac.ctex.
   at: _load (core/io/resource_loader.cpp:343)
ERROR: Failed loading resource: res://assets/ui/grimoire/ward.png.
   at: _load (core/io/resource_loader.cpp:343)
ERROR: Unable to open file: res://.godot/imported/meteor.png-a4361523fcf177a3955b65a730b3c4fe.ctex.
   at: _load_data (scene/resources/compressed_texture.cpp:42)
ERROR: Failed loading resource: res://.godot/imported/meteor.png-a4361523fcf177a3955b65a730b3c4fe.ctex.
   at: _load (core/io/resource_loader.cpp:343)
ERROR: Failed loading resource: res://assets/ui/grimoire/meteor.png.
   at: _load (core/io/resource_loader.cpp:343)
ERROR: Unable to open file: res://.godot/imported/chain.png-bbbf333551b33953cd34faafbd0b710e.ctex.
   at: _load_data (scene/resources/compressed_texture.cpp:42)
ERROR: Failed loading resource: res://.godot/imported/chain.png-bbbf333551b33953cd34faafbd0b710e.ctex.
   at: _load (core/io/resource_loader.cpp:343)
ERROR: Failed loading resource: res://assets/ui/grimoire/chain.png.
   at: _load (core/io/resource_loader.cpp:343)
ERROR: Unable to open file: res://.godot/imported/volley.png-e1bce794f733821e001064dd799063ea.ctex.
   at: _load_data (scene/resources/compressed_texture.cpp:42)
ERROR: Failed loading resource: res://.godot/imported/volley.png-e1bce794f733821e001064dd799063ea.ctex.
   at: _load (core/io/resource_loader.cpp:343)
ERROR: Failed loading resource: res://assets/ui/grimoire/volley.png.
   at: _load (core/io/resource_loader.cpp:343)
ERROR: Unable to open file: res://.godot/imported/focus.png-cf6f4ea061b2a41d25f7c5e4e079e4a5.ctex.
   at: _load_data (scene/resources/compressed_texture.cpp:42)
ERROR: Failed loading resource: res://.godot/imported/focus.png-cf6f4ea061b2a41d25f7c5e4e079e4a5.ctex.
   at: _load (core/io/resource_loader.cpp:343)
ERROR: Failed loading resource: res://assets/ui/grimoire/focus.png.
   at: _load (core/io/resource_loader.cpp:343)
ERROR: Unable to open file: res://.godot/imported/concentrate.png-ff25f3023967ce6eb5a7a2e89cc97d60.ctex.
   at: _load_data (scene/resources/compressed_texture.cpp:42)
ERROR: Failed loading resource: res://.godot/imported/concentrate.png-ff25f3023967ce6eb5a7a2e89cc97d60.ctex.
   at: _load (core/io/resource_loader.cpp:343)
ERROR: Failed loading resource: res://assets/ui/grimoire/concentrate.png.
   at: _load (core/io/resource_loader.cpp:343)
ERROR: Unable to open file: res://.godot/imported/breadth.png-c2b626f4987f60746039573475b11349.ctex.
   at: _load_data (scene/resources/compressed_texture.cpp:42)
ERROR: Failed loading resource: res://.godot/imported/breadth.png-c2b626f4987f60746039573475b11349.ctex.
   at: _load (core/io/resource_loader.cpp:343)
ERROR: Failed loading resource: res://assets/ui/grimoire/breadth.png.
   at: _load (core/io/resource_loader.cpp:343)
ERROR: Unable to open file: res://.godot/imported/pierce.png-3ea9e673da03c39007d6a5bfa3f1a593.ctex.
   at: _load_data (scene/resources/compressed_texture.cpp:42)
ERROR: Failed loading resource: res://.godot/imported/pierce.png-3ea9e673da03c39007d6a5bfa3f1a593.ctex.
   at: _load (core/io/resource_loader.cpp:343)
ERROR: Failed loading resource: res://assets/ui/grimoire/pierce.png.
   at: _load (core/io/resource_loader.cpp:343)
SCRIPT ERROR: Parse Error: Could not resolve class "GameHUD".
          at: GDScript::reload (res://tests/safe_exit_hud_test.gd:9)
SCRIPT ERROR: Parse Error: Could not resolve class "GameHUD".
          at: GDScript::reload (res://tests/safe_exit_hud_test.gd:9)
ERROR: Failed to load script "res://tests/safe_exit_hud_test.gd" with error "Parse error".
   at: load (modules/gdscript/gdscript.cpp:2907)
