Godot Engine v4.6.3.stable.official.7d41c59c4 - https://godotengine.org

{
	"checkpoint_actors": 100,
	"checkpoint_shots": 180,
	"clock_min": 0.06666666666666667,
	"first_error": 0.008485886630782776,
	"frame": 4,
	"nearby_events": [
		{
			"phase": "outbound",
			"sequence": 1400,
			"shot": 737,
			"target": 20,
			"time": 0.008498710574771513,
			"type": "hit"
		},
		{
			"phase": "outbound",
			"sequence": 1419,
			"shot": 747,
			"target": 30,
			"time": 0.008495442978210952,
			"type": "hit"
		},
		{
			"phase": "outbound",
			"sequence": 1436,
			"shot": 756,
			"target": 39,
			"time": 0.008485886630782776,
			"type": "hit"
		}
	]
}
