Godot Engine v4.6.3.stable.official.7d41c59c4 - https://godotengine.org

godot-game: playable arena ready
DENSITY_CASE no_burn {"max_us":66639,"mean_us":54265.75,"n":24,"over_16_7_ms":24,"over_33_3_ms":24,"p50_us":52638,"p95_us":64246} calls={"death_and_rewards":8359,"effects":24,"enemy_ai":24,"pickups":24,"progress_flush":24,"projectiles":24,"spawn_cleanup":24}
godot-game: playable arena ready
DENSITY_CASE ignite {"max_us":128121,"mean_us":104215.125,"n":24,"over_16_7_ms":24,"over_33_3_ms":24,"p50_us":102881,"p95_us":116615} calls={"burn_advance_target":10781,"burn_settlement":19140,"burn_status_copies":24,"death_and_rewards":13162,"effects":24,"enemy_ai":24,"pickups":24,"progress_flush":24,"projectiles":24,"spawn_cleanup":24}
godot-game: playable arena ready
SCRIPT ERROR: Assertion failed: Ember events cannot reverse time outside an existing projectile tie
          at: TimedArena._ember_event_time (res://scripts/main.gd:1572)
          GDScript backtrace (most recent call first):
              [0] _ember_event_time (res://scripts/main.gd:1572)
              [1] _ember_event_time (res://tools/diagnostics/latest_density_profile.gd:59)
              [2] _apply_damage_packet (res://scripts/main.gd:1251)
              [3] _update_projectiles (res://scripts/main.gd:1224)
              [4] _update_projectiles (res://tools/diagnostics/latest_density_profile.gd:51)
              [5] _tick (res://scripts/main.gd:558)
              [6] tick (res://scripts/main.gd:516)
              [7] run (res://tools/diagnostics/latest_density_profile.gd:126)
SCRIPT ERROR: Assertion failed: Monster burn timeline cannot move backwards
          at: TimedArena._advance_proliferating_burns (res://scripts/main.gd:1596)
          GDScript backtrace (most recent call first):
              [0] _advance_proliferating_burns (res://scripts/main.gd:1596)
              [1] _advance_proliferating_burns (res://tools/diagnostics/latest_density_profile.gd:61)
              [2] _apply_damage_packet (res://scripts/main.gd:1258)
              [3] _update_projectiles (res://scripts/main.gd:1224)
              [4] _update_projectiles (res://tools/diagnostics/latest_density_profile.gd:51)
              [5] _tick (res://scripts/main.gd:558)
              [6] tick (res://scripts/main.gd:516)
              [7] run (res://tools/diagnostics/latest_density_profile.gd:126)
SCRIPT ERROR: Assertion failed: Validated burning timeline: Burn time cannot move backwards for an active target
          at: TimedArena._assert_burn_result (res://scripts/main.gd:1563)
          GDScript backtrace (most recent call first):
              [0] _assert_burn_result (res://scripts/main.gd:1563)
              [1] _apply_damage_packet (res://scripts/main.gd:1295)
              [2] _update_projectiles (res://scripts/main.gd:1224)
              [3] _update_projectiles (res://tools/diagnostics/latest_density_profile.gd:51)
              [4] _tick (res://scripts/main.gd:558)
              [5] tick (res://scripts/main.gd:516)
              [6] run (res://tools/diagnostics/latest_density_profile.gd:126)
SCRIPT ERROR: Assertion failed: Ember events cannot reverse time outside an existing projectile tie
          at: TimedArena._ember_event_time (res://scripts/main.gd:1572)
          GDScript backtrace (most recent call first):
              [0] _ember_event_time (res://scripts/main.gd:1572)
              [1] _ember_event_time (res://tools/diagnostics/latest_density_profile.gd:59)
              [2] _apply_damage_packet (res://scripts/main.gd:1251)
              [3] _update_projectiles (res://scripts/main.gd:1224)
              [4] _update_projectiles (res://tools/diagnostics/latest_density_profile.gd:51)
              [5] _tick (res://scripts/main.gd:558)
              [6] tick (res://scripts/main.gd:516)
              [7] run (res://tools/diagnostics/latest_density_profile.gd:126)
SCRIPT ERROR: Assertion failed: Validated burning timeline: Burn time cannot move backwards for an active target
          at: TimedArena._assert_burn_result (res://scripts/main.gd:1563)
          GDScript backtrace (most recent call first):
              [0] _assert_burn_result (res://scripts/main.gd:1563)
              [1] _apply_damage_packet (res://scripts/main.gd:1295)
              [2] _update_projectiles (res://scripts/main.gd:1224)
              [3] _update_projectiles (res://tools/diagnostics/latest_density_profile.gd:51)
              [4] _tick (res://scripts/main.gd:558)
              [5] tick (res://scripts/main.gd:516)
              [6] run (res://tools/diagnostics/latest_density_profile.gd:126)
SCRIPT ERROR: Assertion failed: Ember events cannot reverse time outside an existing projectile tie
          at: TimedArena._ember_event_time (res://scripts/main.gd:1572)
          GDScript backtrace (most recent call first):
              [0] _ember_event_time (res://scripts/main.gd:1572)
              [1] _ember_event_time (res://tools/diagnostics/latest_density_profile.gd:59)
              [2] _apply_damage_packet (res://scripts/main.gd:1251)
              [3] _update_projectiles (res://scripts/main.gd:1224)
              [4] _update_projectiles (res://tools/diagnostics/latest_density_profile.gd:51)
              [5] _tick (res://scripts/main.gd:558)
              [6] tick (res://scripts/main.gd:516)
              [7] run (res://tools/diagnostics/latest_density_profile.gd:126)
SCRIPT ERROR: Assertion failed: Validated burning timeline: Burn time cannot move backwards for an active target
          at: TimedArena._assert_burn_result (res://scripts/main.gd:1563)
          GDScript backtrace (most recent call first):
              [0] _assert_burn_result (res://scripts/main.gd:1563)
              [1] _apply_damage_packet (res://scripts/main.gd:1295)
              [2] _update_projectiles (res://scripts/main.gd:1224)
              [3] _update_projectiles (res://tools/diagnostics/latest_density_profile.gd:51)
              [4] _tick (res://scripts/main.gd:558)
              [5] tick (res://scripts/main.gd:516)
              [6] run (res://tools/diagnostics/latest_density_profile.gd:126)
SCRIPT ERROR: Assertion failed: Ember events cannot reverse time outside an existing projectile tie
          at: TimedArena._ember_event_time (res://scripts/main.gd:1572)
          GDScript backtrace (most recent call first):
              [0] _ember_event_time (res://scripts/main.gd:1572)
              [1] _ember_event_time (res://tools/diagnostics/latest_density_profile.gd:59)
              [2] _apply_damage_packet (res://scripts/main.gd:1251)
              [3] _update_projectiles (res://scripts/main.gd:1224)
              [4] _update_projectiles (res://tools/diagnostics/latest_density_profile.gd:51)
              [5] _tick (res://scripts/main.gd:558)
              [6] tick (res://scripts/main.gd:516)
              [7] run (res://tools/diagnostics/latest_density_profile.gd:126)
SCRIPT ERROR: Assertion failed: Validated burning timeline: Burn time cannot move backwards for an active target
          at: TimedArena._assert_burn_result (res://scripts/main.gd:1563)
          GDScript backtrace (most recent call first):
              [0] _assert_burn_result (res://scripts/main.gd:1563)
              [1] _apply_damage_packet (res://scripts/main.gd:1295)
              [2] _update_projectiles (res://scripts/main.gd:1224)
              [3] _update_projectiles (res://tools/diagnostics/latest_density_profile.gd:51)
              [4] _tick (res://scripts/main.gd:558)
              [5] tick (res://scripts/main.gd:516)
              [6] run (res://tools/diagnostics/latest_density_profile.gd:126)
SCRIPT ERROR: Assertion failed: Ember events cannot reverse time outside an existing projectile tie
          at: TimedArena._ember_event_time (res://scripts/main.gd:1572)
          GDScript backtrace (most recent call first):
              [0] _ember_event_time (res://scripts/main.gd:1572)
              [1] _ember_event_time (res://tools/diagnostics/latest_density_profile.gd:59)
              [2] _apply_damage_packet (res://scripts/main.gd:1251)
              [3] _update_projectiles (res://scripts/main.gd:1224)
              [4] _update_projectiles (res://tools/diagnostics/latest_density_profile.gd:51)
              [5] _tick (res://scripts/main.gd:558)
              [6] tick (res://scripts/main.gd:516)
              [7] run (res://tools/diagnostics/latest_density_profile.gd:126)
SCRIPT ERROR: Assertion failed: Ember events cannot reverse time outside an existing projectile tie
          at: TimedArena._ember_event_time (res://scripts/main.gd:1572)
          GDScript backtrace (most recent call first):
              [0] _ember_event_time (res://scripts/main.gd:1572)
              [1] _ember_event_time (res://tools/diagnostics/latest_density_profile.gd:59)
              [2] _apply_damage_packet (res://scripts/main.gd:1251)
              [3] _update_projectiles (res://scripts/main.gd:1224)
              [4] _update_projectiles (res://tools/diagnostics/latest_density_profile.gd:51)
              [5] _tick (res://scripts/main.gd:558)
              [6] tick (res://scripts/main.gd:516)
              [7] run (res://tools/diagnostics/latest_density_profile.gd:126)
SCRIPT ERROR: Assertion failed: Ember events cannot reverse time outside an existing projectile tie
          at: TimedArena._ember_event_time (res://scripts/main.gd:1572)
          GDScript backtrace (most recent call first):
              [0] _ember_event_time (res://scripts/main.gd:1572)
              [1] _ember_event_time (res://tools/diagnostics/latest_density_profile.gd:59)
              [2] _apply_damage_packet (res://scripts/main.gd:1251)
              [3] _update_projectiles (res://scripts/main.gd:1224)
              [4] _update_projectiles (res://tools/diagnostics/latest_density_profile.gd:51)
              [5] _tick (res://scripts/main.gd:558)
              [6] tick (res://scripts/main.gd:516)
              [7] run (res://tools/diagnostics/latest_density_profile.gd:126)
SCRIPT ERROR: Assertion failed: Ember events cannot reverse time outside an existing projectile tie
          at: TimedArena._ember_event_time (res://scripts/main.gd:1572)
          GDScript backtrace (most recent call first):
              [0] _ember_event_time (res://scripts/main.gd:1572)
              [1] _ember_event_time (res://tools/diagnostics/latest_density_profile.gd:59)
              [2] _apply_damage_packet (res://scripts/main.gd:1251)
              [3] _update_projectiles (res://scripts/main.gd:1224)
              [4] _update_projectiles (res://tools/diagnostics/latest_density_profile.gd:51)
              [5] _tick (res://scripts/main.gd:558)
              [6] tick (res://scripts/main.gd:516)
              [7] run (res://tools/diagnostics/latest_density_profile.gd:126)
SCRIPT ERROR: Assertion failed: Ember events cannot reverse time outside an existing projectile tie
          at: TimedArena._ember_event_time (res://scripts/main.gd:1572)
          GDScript backtrace (most recent call first):
              [0] _ember_event_time (res://scripts/main.gd:1572)
              [1] _ember_event_time (res://tools/diagnostics/latest_density_profile.gd:59)
              [2] _apply_damage_packet (res://scripts/main.gd:1251)
              [3] _update_projectiles (res://scripts/main.gd:1224)
              [4] _update_projectiles (res://tools/diagnostics/latest_density_profile.gd:51)
              [5] _tick (res://scripts/main.gd:558)
              [6] tick (res://scripts/main.gd:516)
              [7] run (res://tools/diagnostics/latest_density_profile.gd:126)
SCRIPT ERROR: Assertion failed: Ember events cannot reverse time outside an existing projectile tie
          at: TimedArena._ember_event_time (res://scripts/main.gd:1572)
          GDScript backtrace (most recent call first):
              [0] _ember_event_time (res://scripts/main.gd:1572)
              [1] _ember_event_time (res://tools/diagnostics/latest_density_profile.gd:59)
              [2] _apply_damage_packet (res://scripts/main.gd:1251)
              [3] _update_projectiles (res://scripts/main.gd:1224)
              [4] _update_projectiles (res://tools/diagnostics/latest_density_profile.gd:51)
              [5] _tick (res://scripts/main.gd:558)
              [6] tick (res://scripts/main.gd:516)
              [7] run (res://tools/diagnostics/latest_density_profile.gd:126)
SCRIPT ERROR: Assertion failed: Ember events cannot reverse time outside an existing projectile tie
          at: TimedArena._ember_event_time (res://scripts/main.gd:1572)
          GDScript backtrace (most recent call first):
              [0] _ember_event_time (res://scripts/main.gd:1572)
              [1] _ember_event_time (res://tools/diagnostics/latest_density_profile.gd:59)
              [2] _apply_damage_packet (res://scripts/main.gd:1251)
              [3] _update_projectiles (res://scripts/main.gd:1224)
              [4] _update_projectiles (res://tools/diagnostics/latest_density_profile.gd:51)
              [5] _tick (res://scripts/main.gd:558)
              [6] tick (res://scripts/main.gd:516)
              [7] run (res://tools/diagnostics/latest_density_profile.gd:126)
DENSITY_CASE ember_proliferation {"max_us":1312947,"mean_us":497475.25,"n":24,"over_16_7_ms":24,"over_33_3_ms":24,"p50_us":318382,"p95_us":1301322} calls={"burn_advance_target":153882,"burn_settlement":9980,"burn_status_copies":9958,"death_and_rewards":52960,"effects":24,"ember_advance_all":1599,"ember_advance_guard":6783,"ember_event_clock":8359,"ember_transfer":1598,"enemy_ai":24,"pickups":24,"progress_flush":24,"projectiles":24,"spawn_cleanup":24}
godot-game: playable arena ready
DENSITY_CASE ember_deaths {"max_us":1035001,"mean_us":54173.7866666667,"n":150,"over_16_7_ms":59,"over_33_3_ms":53,"p50_us":9801,"p95_us":207499} calls={"atomic_write_close":3,"build_changed":4,"burn_advance_target":142302,"burn_settlement":3263,"burn_status_copies":3100,"death_and_rewards":80587,"effects":150,"ember_advance_all":1619,"ember_event_clock":1469,"ember_transfer":1633,"enemy_ai":150,"equipment_award":3,"normal_xp_and_changed":27,"pickups":150,"progress_flush":150,"projectiles":150,"save_validation_serialize_write":3,"spawn_cleanup":150}
LATEST_DENSITY_PROFILE_COMPLETE
