Godot Engine v4.6.3.stable.official.7d41c59c4 - https://godotengine.org

TOPOLOGY nine_slot_etched_ring groups/kinds=10 retained_states=535
TOPOLOGY nine_slot_trail_boots groups/kinds=6 retained_states=37
TOPOLOGY nine_slot_folded_belt groups/kinds=7 retained_states=75
TOPOLOGY nine_slot_threaded_gloves groups/kinds=10 retained_states=535
TOPOLOGY nine_slot_slate_helmet groups/kinds=7 retained_states=75
TOPOLOGY cinder_reed groups/kinds=9 retained_states=289
TOPOLOGY gale_spindle groups/kinds=9 retained_states=289
TOPOLOGY woven_bastion groups/kinds=8 retained_states=138
TOPOLOGY tidebound_coat groups/kinds=8 retained_states=138
TOPOLOGY wayglass_token groups/kinds=16 retained_states=8032
TOPOLOGY pulse_seed groups/kinds=16 retained_states=8032
TOPOLOGY runewood_focus groups/kinds=13 retained_states=2093
TOPOLOGY emberhide_vest groups/kinds=9 retained_states=233
TOPOLOGY ashwood_bow groups/kinds=11 retained_states=901
Build affix economy: 42 catalog intervals, 14 topology classes, 21402 exhaustive retained states, 756 representative fixtures, 6084 plans, 96 new-family sources; 301457 checks, 0 failures
Current-catalog validated outputs: 6084
  enchant all-result salvage increase upper bound: 7
  elevate all-result salvage increase upper bound: 17
  augment all-result salvage increase upper bound: 3
  reforge_magic all-result salvage increase upper bound: 5
  reforge_rare all-result salvage increase upper bound: 14
BOUND {"base":"nine_slot_etched_ring","bounds":{"augment":1,"elevate":7,"enchant":3,"reforge_magic":1,"reforge_rare":2},"level":1,"pool":"build_nine_slot_v27"}
BOUND {"base":"nine_slot_etched_ring","bounds":{"augment":2,"elevate":12,"enchant":5,"reforge_magic":3,"reforge_rare":8},"level":8,"pool":"build_nine_slot_v27"}
BOUND {"base":"nine_slot_etched_ring","bounds":{"augment":3,"elevate":17,"enchant":7,"reforge_magic":5,"reforge_rare":14},"level":16,"pool":"build_nine_slot_v27"}
BOUND {"base":"nine_slot_trail_boots","bounds":{"augment":1,"elevate":7,"enchant":3,"reforge_magic":1,"reforge_rare":2},"level":1,"pool":"build_nine_slot_v27"}
BOUND {"base":"nine_slot_trail_boots","bounds":{"augment":2,"elevate":12,"enchant":5,"reforge_magic":3,"reforge_rare":8},"level":8,"pool":"build_nine_slot_v27"}
BOUND {"base":"nine_slot_trail_boots","bounds":{"augment":3,"elevate":17,"enchant":7,"reforge_magic":5,"reforge_rare":14},"level":16,"pool":"build_nine_slot_v27"}
BOUND {"base":"nine_slot_folded_belt","bounds":{"augment":1,"elevate":7,"enchant":3,"reforge_magic":1,"reforge_rare":2},"level":1,"pool":"build_nine_slot_v27"}
BOUND {"base":"nine_slot_folded_belt","bounds":{"augment":2,"elevate":12,"enchant":5,"reforge_magic":3,"reforge_rare":8},"level":8,"pool":"build_nine_slot_v27"}
BOUND {"base":"nine_slot_folded_belt","bounds":{"augment":3,"elevate":17,"enchant":7,"reforge_magic":5,"reforge_rare":14},"level":16,"pool":"build_nine_slot_v27"}
BOUND {"base":"nine_slot_threaded_gloves","bounds":{"augment":1,"elevate":7,"enchant":3,"reforge_magic":1,"reforge_rare":2},"level":1,"pool":"build_nine_slot_v27"}
BOUND {"base":"nine_slot_threaded_gloves","bounds":{"augment":2,"elevate":12,"enchant":5,"reforge_magic":3,"reforge_rare":8},"level":8,"pool":"build_nine_slot_v27"}
BOUND {"base":"nine_slot_threaded_gloves","bounds":{"augment":3,"elevate":17,"enchant":7,"reforge_magic":5,"reforge_rare":14},"level":16,"pool":"build_nine_slot_v27"}
BOUND {"base":"nine_slot_slate_helmet","bounds":{"augment":1,"elevate":7,"enchant":3,"reforge_magic":1,"reforge_rare":2},"level":1,"pool":"build_nine_slot_v27"}
BOUND {"base":"nine_slot_slate_helmet","bounds":{"augment":2,"elevate":12,"enchant":5,"reforge_magic":3,"reforge_rare":8},"level":8,"pool":"build_nine_slot_v27"}
BOUND {"base":"nine_slot_slate_helmet","bounds":{"augment":3,"elevate":17,"enchant":7,"reforge_magic":5,"reforge_rare":14},"level":16,"pool":"build_nine_slot_v27"}
BOUND {"base":"cinder_reed","bounds":{"augment":1,"elevate":7,"enchant":3,"reforge_magic":1,"reforge_rare":2},"level":1,"pool":"build_legacy_v27"}
BOUND {"base":"cinder_reed","bounds":{"augment":2,"elevate":12,"enchant":5,"reforge_magic":3,"reforge_rare":8},"level":8,"pool":"build_legacy_v27"}
BOUND {"base":"cinder_reed","bounds":{"augment":3,"elevate":17,"enchant":7,"reforge_magic":5,"reforge_rare":14},"level":16,"pool":"build_legacy_v27"}
BOUND {"base":"gale_spindle","bounds":{"augment":1,"elevate":7,"enchant":3,"reforge_magic":1,"reforge_rare":2},"level":1,"pool":"build_legacy_v27"}
BOUND {"base":"gale_spindle","bounds":{"augment":2,"elevate":12,"enchant":5,"reforge_magic":3,"reforge_rare":8},"level":8,"pool":"build_legacy_v27"}
BOUND {"base":"gale_spindle","bounds":{"augment":3,"elevate":17,"enchant":7,"reforge_magic":5,"reforge_rare":14},"level":16,"pool":"build_legacy_v27"}
BOUND {"base":"woven_bastion","bounds":{"augment":1,"elevate":7,"enchant":3,"reforge_magic":1,"reforge_rare":2},"level":1,"pool":"build_legacy_v27"}
BOUND {"base":"woven_bastion","bounds":{"augment":2,"elevate":12,"enchant":5,"reforge_magic":3,"reforge_rare":8},"level":8,"pool":"build_legacy_v27"}
BOUND {"base":"woven_bastion","bounds":{"augment":3,"elevate":17,"enchant":7,"reforge_magic":5,"reforge_rare":14},"level":16,"pool":"build_legacy_v27"}
BOUND {"base":"tidebound_coat","bounds":{"augment":1,"elevate":7,"enchant":3,"reforge_magic":1,"reforge_rare":2},"level":1,"pool":"build_legacy_v27"}
BOUND {"base":"tidebound_coat","bounds":{"augment":2,"elevate":12,"enchant":5,"reforge_magic":3,"reforge_rare":8},"level":8,"pool":"build_legacy_v27"}
BOUND {"base":"tidebound_coat","bounds":{"augment":3,"elevate":17,"enchant":7,"reforge_magic":5,"reforge_rare":14},"level":16,"pool":"build_legacy_v27"}
BOUND {"base":"wayglass_token","bounds":{"augment":1,"elevate":7,"enchant":3,"reforge_magic":1,"reforge_rare":2},"level":1,"pool":"build_legacy_v27"}
BOUND {"base":"wayglass_token","bounds":{"augment":2,"elevate":12,"enchant":5,"reforge_magic":3,"reforge_rare":8},"level":8,"pool":"build_legacy_v27"}
BOUND {"base":"wayglass_token","bounds":{"augment":3,"elevate":17,"enchant":7,"reforge_magic":5,"reforge_rare":14},"level":16,"pool":"build_legacy_v27"}
BOUND {"base":"pulse_seed","bounds":{"augment":1,"elevate":7,"enchant":3,"reforge_magic":1,"reforge_rare":2},"level":1,"pool":"build_legacy_v27"}
BOUND {"base":"pulse_seed","bounds":{"augment":2,"elevate":12,"enchant":5,"reforge_magic":3,"reforge_rare":8},"level":8,"pool":"build_legacy_v27"}
BOUND {"base":"pulse_seed","bounds":{"augment":3,"elevate":17,"enchant":7,"reforge_magic":5,"reforge_rare":14},"level":16,"pool":"build_legacy_v27"}
BOUND {"base":"runewood_focus","bounds":{"augment":1,"elevate":7,"enchant":3,"reforge_magic":1,"reforge_rare":2},"level":1,"pool":"runewood"}
BOUND {"base":"runewood_focus","bounds":{"augment":2,"elevate":12,"enchant":5,"reforge_magic":3,"reforge_rare":8},"level":8,"pool":"runewood"}
BOUND {"base":"runewood_focus","bounds":{"augment":3,"elevate":17,"enchant":7,"reforge_magic":5,"reforge_rare":14},"level":16,"pool":"runewood"}
BOUND {"base":"emberhide_vest","bounds":{"augment":1,"elevate":7,"enchant":3,"reforge_magic":1,"reforge_rare":2},"level":1,"pool":"defense"}
BOUND {"base":"emberhide_vest","bounds":{"augment":2,"elevate":12,"enchant":5,"reforge_magic":3,"reforge_rare":8},"level":8,"pool":"defense"}
BOUND {"base":"emberhide_vest","bounds":{"augment":3,"elevate":17,"enchant":7,"reforge_magic":5,"reforge_rare":14},"level":16,"pool":"defense"}
BOUND {"base":"ashwood_bow","bounds":{"augment":1,"elevate":7,"enchant":3,"reforge_magic":1,"reforge_rare":2},"level":1,"pool":"local_weapon"}
BOUND {"base":"ashwood_bow","bounds":{"augment":2,"elevate":12,"enchant":5,"reforge_magic":3,"reforge_rare":8},"level":8,"pool":"local_weapon"}
BOUND {"base":"ashwood_bow","bounds":{"augment":3,"elevate":17,"enchant":7,"reforge_magic":5,"reforge_rare":14},"level":16,"pool":"local_weapon"}
