Godot Engine v4.6.3.stable.official.7d41c59c4 - https://godotengine.org

godot-game: playable arena ready
ERROR: Crit/leech do not consume old loot stream or write save
   at: push_error (core/variant/variant_utility.cpp:1024)
   GDScript backtrace (most recent call first):
       [0] check (res://tests/build_affix_gameplay_test.gd:15)
       [1] run (res://tests/build_affix_gameplay_test.gd:65)
ERROR: Life recovered over time: 1.38 expected 3.8158848
   at: push_error (core/variant/variant_utility.cpp:1024)
   GDScript backtrace (most recent call first):
       [0] check (res://tests/build_affix_gameplay_test.gd:15)
       [1] near (res://tests/build_affix_gameplay_test.gd:16)
       [2] run (res://tests/build_affix_gameplay_test.gd:67)
ERROR: Mana recovered over time: 1.22 expected 2.2259328
   at: push_error (core/variant/variant_utility.cpp:1024)
   GDScript backtrace (most recent call first):
       [0] check (res://tests/build_affix_gameplay_test.gd:15)
       [1] near (res://tests/build_affix_gameplay_test.gd:16)
       [2] run (res://tests/build_affix_gameplay_test.gd:68)
Build affix gameplay: 59 checks, 3 failures
