Godot Engine v4.6.3.stable.official.7d41c59c4 - https://godotengine.org

godot-game: playable arena ready
godot-game: playable arena ready
godot-game: playable arena ready
godot-game: playable arena ready
godot-game: playable arena ready
ERROR: death / none: Only success closes current menu and restores playable life
   at: push_error (core/variant/variant_utility.cpp:1024)
   GDScript backtrace (most recent call first):
       [0] check (res://tests/ruins_hud_retry_test.gd:39)
       [1] button_cases (res://tests/ruins_hud_retry_test.gd:135)
       [2] settle (res://tests/ruins_hud_retry_test.gd:70)
godot-game: playable arena ready
godot-game: playable arena ready
godot-game: playable arena ready
godot-game: playable arena ready
godot-game: playable arena ready
godot-game: playable arena ready
godot-game: playable arena ready
godot-game: playable arena ready
godot-game: playable arena ready
godot-game: playable arena ready
RUINS_HUD_RETRY checks=204 failures=1
