Font coverage: 1556 Han / 1683 printable characters in 246 runtime files + pinned crafting strings; 1671 mapped; 874 baseline characters retained
missing: '…' U+2026
  scripts/game_hud.gd:1558
  scripts/ui/town_service_panel.gd:588
missing: '↑' U+2191
  scripts/ui/exploration_map_overview.gd:63
missing: '▸' U+25B8
  scripts/ui/town_service_panel.gd:521
missing: '▾' U+25BE
  scripts/ui/town_service_panel.gd:521
missing: '◎' U+25CE
  scripts/ui/exploration_map_overview.gd:103
missing: '亦' U+4EA6
  scripts/world/exploration_map_layout.gd:142
missing: '八' U+516B
  scripts/world/exploration_map_layout.gd:142
missing: '古' U+53E4
  scripts/world/map_catalog.gd:5
missing: '园' U+56ED
  scripts/canonical_game_state.gd:687
  scripts/main.gd:3004
  scripts/main.gd:3028
  scripts/main.gd:3039
  scripts/main.gd:3060
  scripts/monsters/map_boss_profiles.gd:6
  scripts/world/exploration_map_layout.gd:140
  scripts/world/exploration_map_plan.gd:38
  scripts/world/map_catalog.gd:5
missing: '土' U+571F
  scripts/world/exploration_map_layout.gd:140
missing: '址' U+5740
  scripts/ui/exploration_map_overview.gd:104
missing: '块' U+5757
  scripts/world/map_catalog.gd:5
missing: '帧' U+5E27
  scripts/studies/run_ranger_motion_study.gd:70
missing: '廓' U+5ED3
  scripts/world/exploration_map_layout.gd:140
  scripts/world/map_catalog.gd:5
missing: '拱' U+62F1
  scripts/world/exploration_map_layout.gd:140
  scripts/world/exploration_map_layout.gd:25
  scripts/world/map_catalog.gd:5
missing: '滞' U+6EDE
  scripts/world/exploration_map_layout.gd:142
missing: '稍' U+7A0D
  scripts/main.gd:2995
  scripts/main.gd:3002
missing: '究' U+7A76
  scripts/studies/run_ranger_motion_study.gd:70
Same-source unsupported symbols (existing fallback): ⌁ U+2301 ◈ U+25C8
FAIL
