Blender 4.3.2
Read blend: "/workspace/scratch/a51485f153de/art-work/v111-modular-environment/source/modules.blend"
Fra:1 Mem:26.27M (Peak 26.27M) | Time:00:00.00 | Mem:0.00M, Peak:0.00M | Scene, ViewLayer | Synchronizing object | short_wall
Fra:1 Mem:28.27M (Peak 28.27M) | Time:00:00.00 | Mem:0.00M, Peak:0.00M | Scene, ViewLayer | Synchronizing object | neutral_shadow_receiver
Fra:1 Mem:28.37M (Peak 28.37M) | Time:00:00.00 | Mem:0.00M, Peak:0.00M | Scene, ViewLayer | Initializing
Fra:1 Mem:28.35M (Peak 28.37M) | Time:00:00.00 | Mem:0.00M, Peak:0.00M | Scene, ViewLayer | Updating Images | Loading modular_fort_01_wall_diff
Fra:1 Mem:28.35M (Peak 28.37M) | Time:00:00.00 | Mem:0.00M, Peak:0.00M | Scene, ViewLayer | Updating Images | Loading modular_fort_01_trim_nor_gl
Fra:1 Mem:28.35M (Peak 28.37M) | Time:00:00.00 | Mem:0.00M, Peak:0.00M | Scene, ViewLayer | Updating Images | Loading modular_fort_01_wall_rough
Fra:1 Mem:28.35M (Peak 28.37M) | Time:00:00.00 | Mem:0.00M, Peak:0.00M | Scene, ViewLayer | Updating Images | Loading modular_fort_01_wall_nor_gl
Fra:1 Mem:68.40M (Peak 76.39M) | Time:00:00.06 | Mem:4.00M, Peak:4.00M | Scene, ViewLayer | Updating Images | Loading modular_fort_01_trim_rough
Fra:1 Mem:64.39M (Peak 76.39M) | Time:00:00.06 | Mem:8.00M, Peak:8.00M | Scene, ViewLayer | Updating Images | Loading modular_fort_01_trim_diff
Fra:1 Mem:51.91M (Peak 76.39M) | Time:00:00.12 | Mem:24.00M, Peak:24.00M | Scene, ViewLayer | Waiting for render to start
Fra:1 Mem:51.91M (Peak 76.39M) | Time:00:00.12 | Mem:24.00M, Peak:24.00M | Scene, ViewLayer | Loading render kernels (may take a few minutes the first time)
Fra:1 Mem:51.91M (Peak 76.39M) | Time:00:00.12 | Mem:24.00M, Peak:24.00M | Scene, ViewLayer | Updating Scene
Fra:1 Mem:51.91M (Peak 76.39M) | Time:00:00.12 | Mem:24.00M, Peak:24.00M | Scene, ViewLayer | Updating Shaders
Fra:1 Mem:52.00M (Peak 76.39M) | Time:00:00.12 | Mem:24.00M, Peak:24.00M | Scene, ViewLayer | Updating Procedurals
Fra:1 Mem:52.00M (Peak 76.39M) | Time:00:00.12 | Mem:24.00M, Peak:24.00M | Scene, ViewLayer | Updating Background
Fra:1 Mem:52.00M (Peak 76.39M) | Time:00:00.12 | Mem:24.00M, Peak:24.00M | Scene, ViewLayer | Updating Camera
Fra:1 Mem:52.00M (Peak 76.39M) | Time:00:00.12 | Mem:24.00M, Peak:24.00M | Scene, ViewLayer | Updating Meshes Flags
Fra:1 Mem:52.00M (Peak 76.39M) | Time:00:00.12 | Mem:24.00M, Peak:24.00M | Scene, ViewLayer | Updating Objects
Fra:1 Mem:52.00M (Peak 76.39M) | Time:00:00.12 | Mem:24.00M, Peak:24.00M | Scene, ViewLayer | Updating Objects | Copying Transformations to device
Fra:1 Mem:52.00M (Peak 76.39M) | Time:00:00.12 | Mem:24.00M, Peak:24.00M | Scene, ViewLayer | Updating Objects | Applying Static Transformations
Fra:1 Mem:52.00M (Peak 76.39M) | Time:00:00.12 | Mem:24.00M, Peak:24.00M | Scene, ViewLayer | Updating Particle Systems
Fra:1 Mem:52.00M (Peak 76.39M) | Time:00:00.12 | Mem:24.00M, Peak:24.00M | Scene, ViewLayer | Updating Particle Systems | Copying Particles to device
Fra:1 Mem:52.00M (Peak 76.39M) | Time:00:00.12 | Mem:24.00M, Peak:24.00M | Scene, ViewLayer | Updating Meshes
Fra:1 Mem:52.00M (Peak 76.39M) | Time:00:00.12 | Mem:24.00M, Peak:24.00M | Scene, ViewLayer | Updating Mesh | Computing attributes
Fra:1 Mem:52.03M (Peak 76.39M) | Time:00:00.12 | Mem:24.00M, Peak:24.00M | Scene, ViewLayer | Updating Mesh | Copying Attributes to device
Fra:1 Mem:52.03M (Peak 76.39M) | Time:00:00.12 | Mem:24.04M, Peak:24.04M | Scene, ViewLayer | Updating Scene BVH | Building
Fra:1 Mem:52.03M (Peak 76.39M) | Time:00:00.12 | Mem:24.04M, Peak:24.04M | Scene, ViewLayer | Updating Scene BVH | Building BVH
Fra:1 Mem:52.03M (Peak 76.39M) | Time:00:00.12 | Mem:24.05M, Peak:24.05M | Scene, ViewLayer | Updating Scene BVH | Building BVH 0%
Fra:1 Mem:52.03M (Peak 76.39M) | Time:00:00.12 | Mem:24.07M, Peak:24.08M | Scene, ViewLayer | Updating Scene BVH | Copying BVH to device
Fra:1 Mem:52.03M (Peak 76.39M) | Time:00:00.12 | Mem:24.07M, Peak:24.08M | Scene, ViewLayer | Updating Mesh | Computing normals
Fra:1 Mem:52.05M (Peak 76.39M) | Time:00:00.12 | Mem:24.07M, Peak:24.08M | Scene, ViewLayer | Updating Mesh | Copying Mesh to device
Fra:1 Mem:52.05M (Peak 76.39M) | Time:00:00.12 | Mem:24.08M, Peak:24.08M | Scene, ViewLayer | Updating Objects Flags
Fra:1 Mem:52.05M (Peak 76.39M) | Time:00:00.12 | Mem:24.08M, Peak:24.08M | Scene, ViewLayer | Updating Primitive Offsets
Fra:1 Mem:52.05M (Peak 76.39M) | Time:00:00.12 | Mem:24.08M, Peak:24.08M | Scene, ViewLayer | Updating Images
Fra:1 Mem:52.05M (Peak 76.39M) | Time:00:00.12 | Mem:24.08M, Peak:24.08M | Scene, ViewLayer | Updating Camera Volume
Fra:1 Mem:52.05M (Peak 76.39M) | Time:00:00.12 | Mem:24.08M, Peak:24.08M | Scene, ViewLayer | Updating Lookup Tables
Fra:1 Mem:52.05M (Peak 76.39M) | Time:00:00.12 | Mem:24.17M, Peak:24.17M | Scene, ViewLayer | Updating Lights
Fra:1 Mem:52.05M (Peak 76.39M) | Time:00:00.12 | Mem:24.17M, Peak:24.17M | Scene, ViewLayer | Updating Lights | Computing tree
Fra:1 Mem:52.05M (Peak 76.39M) | Time:00:00.12 | Mem:24.17M, Peak:24.17M | Scene, ViewLayer | Updating Integrator
Fra:1 Mem:52.05M (Peak 76.39M) | Time:00:00.12 | Mem:24.17M, Peak:24.17M | Scene, ViewLayer | Updating Film
Fra:1 Mem:52.06M (Peak 76.39M) | Time:00:00.12 | Mem:24.09M, Peak:24.17M | Scene, ViewLayer | Updating Lookup Tables
Fra:1 Mem:52.06M (Peak 76.39M) | Time:00:00.12 | Mem:24.17M, Peak:24.17M | Scene, ViewLayer | Updating Baking
Fra:1 Mem:52.06M (Peak 76.39M) | Time:00:00.12 | Mem:24.17M, Peak:24.17M | Scene, ViewLayer | Updating Device | Writing constant memory
Fra:1 Mem:52.06M (Peak 76.39M) | Time:00:00.12 | Mem:24.17M, Peak:24.17M | Scene, ViewLayer | Sample 0/192
Fra:1 Mem:53.10M (Peak 76.39M) | Time:00:00.17 | Remaining:00:09.05 | Mem:25.21M, Peak:25.21M | Scene, ViewLayer | Sample 1/192
Fra:1 Mem:53.10M (Peak 76.39M) | Time:00:01.41 | Remaining:00:02.57 | Mem:25.21M, Peak:25.21M | Scene, ViewLayer | Sample 64/192
Fra:1 Mem:53.10M (Peak 76.39M) | Time:00:01.56 | Remaining:00:02.01 | Mem:25.21M, Peak:25.21M | Scene, ViewLayer | Sample 80/192
Fra:1 Mem:53.10M (Peak 76.39M) | Time:00:01.68 | Remaining:00:01.55 | Mem:25.21M, Peak:25.21M | Scene, ViewLayer | Sample 96/192
Fra:1 Mem:53.10M (Peak 76.39M) | Time:00:01.76 | Remaining:00:01.17 | Mem:25.21M, Peak:25.21M | Scene, ViewLayer | Sample 112/192
Fra:1 Mem:53.10M (Peak 76.39M) | Time:00:01.81 | Remaining:00:00.84 | Mem:25.21M, Peak:25.21M | Scene, ViewLayer | Sample 128/192
Fra:1 Mem:53.10M (Peak 76.39M) | Time:00:01.84 | Remaining:00:00.57 | Mem:25.21M, Peak:25.21M | Scene, ViewLayer | Sample 144/192
Fra:1 Mem:53.10M (Peak 76.39M) | Time:00:01.87 | Remaining:00:00.34 | Mem:25.21M, Peak:25.21M | Scene, ViewLayer | Sample 160/192
Fra:1 Mem:53.10M (Peak 76.39M) | Time:00:01.88 | Remaining:00:00.15 | Mem:25.21M, Peak:25.21M | Scene, ViewLayer | Sample 176/192
Fra:1 Mem:53.56M (Peak 76.39M) | Time:00:01.90 | Mem:25.21M, Peak:25.21M | Scene, ViewLayer | Sample 192/192
Fra:1 Mem:53.56M (Peak 76.39M) | Time:00:01.90 | Mem:25.21M, Peak:25.21M | Scene, ViewLayer | Finished
Fra:1 Mem:28.30M (Peak 76.39M) | Time:00:01.90 | Compositing
Fra:1 Mem:28.30M (Peak 76.39M) | Time:00:01.90 | Compositing | Initializing execution
Fra:1 Mem:28.30M (Peak 76.39M) | Time:00:01.90 | Compositing | Operation 2-3
Fra:1 Mem:28.82M (Peak 76.39M) | Time:00:01.90 | Compositing | Operation 3-3
Fra:1 Mem:28.82M (Peak 76.39M) | Time:00:01.90 | Compositing | Operation 4-3
Saved: '/workspace/scratch/a51485f153de/art-work/v111-modular-environment/exports/short_wall.png'
Time: 00:02.29 (Saving: 00:00.38)

Fra:1 Mem:28.31M (Peak 28.31M) | Time:00:00.00 | Mem:0.00M, Peak:0.00M | Scene, ViewLayer | Synchronizing object | short_wall
Fra:1 Mem:28.31M (Peak 28.31M) | Time:00:00.00 | Mem:0.00M, Peak:0.00M | Scene, ViewLayer | Synchronizing object | neutral_shadow_receiver
Fra:1 Mem:28.37M (Peak 28.37M) | Time:00:00.00 | Mem:0.00M, Peak:0.00M | Scene, ViewLayer | Initializing
Fra:1 Mem:28.36M (Peak 28.37M) | Time:00:00.00 | Mem:0.00M, Peak:0.00M | Scene, ViewLayer | Updating Images | Loading modular_fort_01_trim_nor_gl
Fra:1 Mem:28.36M (Peak 28.37M) | Time:00:00.00 | Mem:0.00M, Peak:0.00M | Scene, ViewLayer | Updating Images | Loading modular_fort_01_wall_rough
Fra:1 Mem:40.36M (Peak 40.36M) | Time:00:00.00 | Mem:0.00M, Peak:0.00M | Scene, ViewLayer | Updating Images | Loading modular_fort_01_wall_nor_gl
Fra:1 Mem:44.37M (Peak 52.37M) | Time:00:00.02 | Mem:4.00M, Peak:4.00M | Scene, ViewLayer | Updating Images | Loading modular_fort_01_trim_diff
Fra:1 Mem:48.37M (Peak 56.38M) | Time:00:00.02 | Mem:8.00M, Peak:8.00M | Scene, ViewLayer | Updating Images | Loading modular_fort_01_trim_rough
Fra:1 Mem:51.91M (Peak 76.40M) | Time:00:00.07 | Mem:24.00M, Peak:24.00M | Scene, ViewLayer | Waiting for render to start
Fra:1 Mem:51.91M (Peak 76.40M) | Time:00:00.07 | Mem:24.00M, Peak:24.00M | Scene, ViewLayer | Loading render kernels (may take a few minutes the first time)
Fra:1 Mem:51.91M (Peak 76.40M) | Time:00:00.07 | Mem:24.00M, Peak:24.00M | Scene, ViewLayer | Updating Scene
Fra:1 Mem:51.91M (Peak 76.40M) | Time:00:00.07 | Mem:24.00M, Peak:24.00M | Scene, ViewLayer | Updating Shaders
Fra:1 Mem:52.00M (Peak 76.40M) | Time:00:00.07 | Mem:24.00M, Peak:24.00M | Scene, ViewLayer | Updating Procedurals
Fra:1 Mem:52.00M (Peak 76.40M) | Time:00:00.07 | Mem:24.00M, Peak:24.00M | Scene, ViewLayer | Updating Background
Fra:1 Mem:52.00M (Peak 76.40M) | Time:00:00.07 | Mem:24.00M, Peak:24.00M | Scene, ViewLayer | Updating Camera
Fra:1 Mem:52.00M (Peak 76.40M) | Time:00:00.07 | Mem:24.00M, Peak:24.00M | Scene, ViewLayer | Updating Meshes Flags
Fra:1 Mem:52.00M (Peak 76.40M) | Time:00:00.07 | Mem:24.00M, Peak:24.00M | Scene, ViewLayer | Updating Objects
Fra:1 Mem:52.00M (Peak 76.40M) | Time:00:00.07 | Mem:24.00M, Peak:24.00M | Scene, ViewLayer | Updating Objects | Copying Transformations to device
Fra:1 Mem:52.00M (Peak 76.40M) | Time:00:00.07 | Mem:24.00M, Peak:24.00M | Scene, ViewLayer | Updating Objects | Applying Static Transformations
Fra:1 Mem:52.00M (Peak 76.40M) | Time:00:00.07 | Mem:24.00M, Peak:24.00M | Scene, ViewLayer | Updating Particle Systems
Fra:1 Mem:52.00M (Peak 76.40M) | Time:00:00.07 | Mem:24.00M, Peak:24.00M | Scene, ViewLayer | Updating Particle Systems | Copying Particles to device
Fra:1 Mem:52.00M (Peak 76.40M) | Time:00:00.07 | Mem:24.00M, Peak:24.00M | Scene, ViewLayer | Updating Meshes
Fra:1 Mem:52.00M (Peak 76.40M) | Time:00:00.07 | Mem:24.00M, Peak:24.00M | Scene, ViewLayer | Updating Mesh | Computing attributes
Fra:1 Mem:52.04M (Peak 76.40M) | Time:00:00.07 | Mem:24.00M, Peak:24.00M | Scene, ViewLayer | Updating Mesh | Copying Attributes to device
Fra:1 Mem:52.04M (Peak 76.40M) | Time:00:00.07 | Mem:24.04M, Peak:24.04M | Scene, ViewLayer | Updating Scene BVH | Building
Fra:1 Mem:52.04M (Peak 76.40M) | Time:00:00.07 | Mem:24.04M, Peak:24.04M | Scene, ViewLayer | Updating Scene BVH | Building BVH
Fra:1 Mem:52.04M (Peak 76.40M) | Time:00:00.07 | Mem:24.05M, Peak:24.05M | Scene, ViewLayer | Updating Scene BVH | Building BVH 0%
Fra:1 Mem:52.04M (Peak 76.40M) | Time:00:00.07 | Mem:24.07M, Peak:24.08M | Scene, ViewLayer | Updating Scene BVH | Copying BVH to device
Fra:1 Mem:52.04M (Peak 76.40M) | Time:00:00.07 | Mem:24.07M, Peak:24.08M | Scene, ViewLayer | Updating Mesh | Computing normals
Fra:1 Mem:52.06M (Peak 76.40M) | Time:00:00.07 | Mem:24.07M, Peak:24.08M | Scene, ViewLayer | Updating Mesh | Copying Mesh to device
Fra:1 Mem:52.06M (Peak 76.40M) | Time:00:00.07 | Mem:24.08M, Peak:24.08M | Scene, ViewLayer | Updating Objects Flags
Fra:1 Mem:52.06M (Peak 76.40M) | Time:00:00.07 | Mem:24.08M, Peak:24.08M | Scene, ViewLayer | Updating Primitive Offsets
Fra:1 Mem:52.06M (Peak 76.40M) | Time:00:00.07 | Mem:24.08M, Peak:24.08M | Scene, ViewLayer | Updating Images
Fra:1 Mem:52.06M (Peak 76.40M) | Time:00:00.07 | Mem:24.08M, Peak:24.08M | Scene, ViewLayer | Updating Camera Volume
Fra:1 Mem:52.06M (Peak 76.40M) | Time:00:00.07 | Mem:24.08M, Peak:24.08M | Scene, ViewLayer | Updating Lookup Tables
Fra:1 Mem:52.06M (Peak 76.40M) | Time:00:00.07 | Mem:24.17M, Peak:24.17M | Scene, ViewLayer | Updating Lights
Fra:1 Mem:52.06M (Peak 76.40M) | Time:00:00.07 | Mem:24.17M, Peak:24.17M | Scene, ViewLayer | Updating Lights | Computing tree
Fra:1 Mem:52.06M (Peak 76.40M) | Time:00:00.07 | Mem:24.17M, Peak:24.17M | Scene, ViewLayer | Updating Integrator
Fra:1 Mem:52.06M (Peak 76.40M) | Time:00:00.07 | Mem:24.17M, Peak:24.17M | Scene, ViewLayer | Updating Film
Fra:1 Mem:52.06M (Peak 76.40M) | Time:00:00.07 | Mem:24.09M, Peak:24.17M | Scene, ViewLayer | Updating Lookup Tables
Fra:1 Mem:52.06M (Peak 76.40M) | Time:00:00.07 | Mem:24.17M, Peak:24.17M | Scene, ViewLayer | Updating Baking
Fra:1 Mem:52.06M (Peak 76.40M) | Time:00:00.07 | Mem:24.17M, Peak:24.17M | Scene, ViewLayer | Updating Device | Writing constant memory
Fra:1 Mem:52.06M (Peak 76.40M) | Time:00:00.07 | Mem:24.17M, Peak:24.17M | Scene, ViewLayer | Sample 0/192
Fra:1 Mem:58.70M (Peak 76.40M) | Time:00:00.21 | Remaining:00:27.33 | Mem:30.80M, Peak:30.80M | Scene, ViewLayer | Sample 1/192
Fra:1 Mem:58.70M (Peak 76.40M) | Time:00:07.64 | Remaining:00:15.13 | Mem:30.80M, Peak:30.80M | Scene, ViewLayer | Sample 64/192
Fra:1 Mem:58.70M (Peak 76.40M) | Time:00:08.10 | Remaining:00:11.25 | Mem:30.80M, Peak:30.80M | Scene, ViewLayer | Sample 80/192
Fra:1 Mem:58.70M (Peak 76.40M) | Time:00:08.42 | Remaining:00:08.35 | Mem:30.80M, Peak:30.80M | Scene, ViewLayer | Sample 96/192
Fra:1 Mem:58.70M (Peak 76.40M) | Time:00:08.66 | Remaining:00:06.13 | Mem:30.80M, Peak:30.80M | Scene, ViewLayer | Sample 112/192
Fra:1 Mem:58.70M (Peak 76.40M) | Time:00:08.83 | Remaining:00:04.38 | Mem:30.80M, Peak:30.80M | Scene, ViewLayer | Sample 128/192
Fra:1 Mem:58.70M (Peak 76.40M) | Time:00:08.99 | Remaining:00:02.97 | Mem:30.80M, Peak:30.80M | Scene, ViewLayer | Sample 144/192
Fra:1 Mem:58.70M (Peak 76.40M) | Time:00:09.10 | Remaining:00:01.80 | Mem:30.80M, Peak:30.80M | Scene, ViewLayer | Sample 160/192
Fra:1 Mem:58.70M (Peak 76.40M) | Time:00:09.19 | Remaining:00:00.82 | Mem:30.80M, Peak:30.80M | Scene, ViewLayer | Sample 176/192
Fra:1 Mem:60.25M (Peak 76.40M) | Time:00:09.26 | Mem:30.80M, Peak:30.80M | Scene, ViewLayer | Sample 192/192
Fra:1 Mem:60.25M (Peak 76.40M) | Time:00:09.26 | Mem:30.80M, Peak:30.80M | Scene, ViewLayer | Finished
Fra:1 Mem:29.40M (Peak 76.40M) | Time:00:09.27 | Compositing
Fra:1 Mem:29.40M (Peak 76.40M) | Time:00:09.27 | Compositing | Initializing execution
Fra:1 Mem:29.40M (Peak 76.40M) | Time:00:09.27 | Compositing | Operation 2-11
Fra:1 Mem:29.40M (Peak 76.40M) | Time:00:09.27 | Compositing | Operation 3-11
Fra:1 Mem:29.86M (Peak 76.40M) | Time:00:09.27 | Compositing | Operation 4-11
Fra:1 Mem:29.86M (Peak 76.40M) | Time:00:09.27 | Compositing | Operation 5-11
Fra:1 Mem:29.86M (Peak 76.40M) | Time:00:09.27 | Compositing | Operation 6-11
Fra:1 Mem:29.86M (Peak 76.40M) | Time:00:09.27 | Compositing | Operation 7-11
Fra:1 Mem:29.86M (Peak 76.40M) | Time:00:09.27 | Compositing | Operation 8-11
Fra:1 Mem:29.86M (Peak 76.40M) | Time:00:09.27 | Compositing | Operation 9-11
Fra:1 Mem:29.86M (Peak 76.40M) | Time:00:09.27 | Compositing | Operation 10-11
Fra:1 Mem:31.02M (Peak 76.40M) | Time:00:09.27 | Compositing | Operation 11-11
Fra:1 Mem:31.03M (Peak 76.40M) | Time:00:09.27 | Compositing | Operation 12-11
Saved: '/workspace/scratch/a51485f153de/art-work/v111-modular-environment/exports/short_wall_shadow.png'
Time: 00:09.31 (Saving: 00:00.03)

Fra:1 Mem:28.35M (Peak 28.35M) | Time:00:00.00 | Mem:0.00M, Peak:0.00M | Scene, ViewLayer | Synchronizing object | walkable_arch
Fra:1 Mem:28.35M (Peak 28.35M) | Time:00:00.00 | Mem:0.00M, Peak:0.00M | Scene, ViewLayer | Synchronizing object | walkable_arch_sill
Fra:1 Mem:28.37M (Peak 28.37M) | Time:00:00.00 | Mem:0.00M, Peak:0.00M | Scene, ViewLayer | Synchronizing object | neutral_shadow_receiver
Fra:1 Mem:28.49M (Peak 28.49M) | Time:00:00.00 | Mem:0.00M, Peak:0.00M | Scene, ViewLayer | Initializing
Fra:1 Mem:28.48M (Peak 28.49M) | Time:00:00.00 | Mem:0.00M, Peak:0.00M | Scene, ViewLayer | Updating Images | Loading modular_fort_01_wall_diff
Fra:1 Mem:28.48M (Peak 28.49M) | Time:00:00.00 | Mem:0.00M, Peak:0.00M | Scene, ViewLayer | Updating Images | Loading modular_fort_01_trim_nor_gl
Fra:1 Mem:28.48M (Peak 28.49M) | Time:00:00.00 | Mem:0.00M, Peak:0.00M | Scene, ViewLayer | Updating Images | Loading modular_fort_01_wall_rough
Fra:1 Mem:40.48M (Peak 40.48M) | Time:00:00.01 | Mem:0.00M, Peak:0.00M | Scene, ViewLayer | Updating Images | Loading modular_fort_01_wall_nor_gl
Fra:1 Mem:60.51M (Peak 68.51M) | Time:00:00.03 | Mem:4.00M, Peak:4.00M | Scene, ViewLayer | Updating Images | Loading modular_fort_01_trim_rough
Fra:1 Mem:64.51M (Peak 72.52M) | Time:00:00.04 | Mem:8.00M, Peak:8.00M | Scene, ViewLayer | Updating Images | Loading modular_fort_01_trim_diff
Fra:1 Mem:52.00M (Peak 76.52M) | Time:00:00.08 | Mem:24.00M, Peak:24.00M | Scene, ViewLayer | Waiting for render to start
Fra:1 Mem:52.00M (Peak 76.52M) | Time:00:00.08 | Mem:24.00M, Peak:24.00M | Scene, ViewLayer | Loading render kernels (may take a few minutes the first time)
Fra:1 Mem:52.00M (Peak 76.52M) | Time:00:00.08 | Mem:24.00M, Peak:24.00M | Scene, ViewLayer | Updating Scene
Fra:1 Mem:52.00M (Peak 76.52M) | Time:00:00.08 | Mem:24.00M, Peak:24.00M | Scene, ViewLayer | Updating Shaders
Fra:1 Mem:52.09M (Peak 76.52M) | Time:00:00.08 | Mem:24.00M, Peak:24.00M | Scene, ViewLayer | Updating Procedurals
Fra:1 Mem:52.09M (Peak 76.52M) | Time:00:00.08 | Mem:24.00M, Peak:24.00M | Scene, ViewLayer | Updating Background
Fra:1 Mem:52.09M (Peak 76.52M) | Time:00:00.08 | Mem:24.00M, Peak:24.00M | Scene, ViewLayer | Updating Camera
Fra:1 Mem:52.09M (Peak 76.52M) | Time:00:00.08 | Mem:24.00M, Peak:24.00M | Scene, ViewLayer | Updating Meshes Flags
Fra:1 Mem:52.09M (Peak 76.52M) | Time:00:00.08 | Mem:24.00M, Peak:24.00M | Scene, ViewLayer | Updating Objects
Fra:1 Mem:52.09M (Peak 76.52M) | Time:00:00.08 | Mem:24.00M, Peak:24.00M | Scene, ViewLayer | Updating Objects | Copying Transformations to device
Fra:1 Mem:52.09M (Peak 76.52M) | Time:00:00.08 | Mem:24.00M, Peak:24.00M | Scene, ViewLayer | Updating Objects | Applying Static Transformations
Fra:1 Mem:52.09M (Peak 76.52M) | Time:00:00.08 | Mem:24.00M, Peak:24.00M | Scene, ViewLayer | Updating Particle Systems
Fra:1 Mem:52.09M (Peak 76.52M) | Time:00:00.08 | Mem:24.00M, Peak:24.00M | Scene, ViewLayer | Updating Particle Systems | Copying Particles to device
Fra:1 Mem:52.09M (Peak 76.52M) | Time:00:00.08 | Mem:24.00M, Peak:24.00M | Scene, ViewLayer | Updating Meshes
Fra:1 Mem:52.10M (Peak 76.52M) | Time:00:00.08 | Mem:24.00M, Peak:24.00M | Scene, ViewLayer | Updating Mesh | Computing attributes
Fra:1 Mem:52.17M (Peak 76.52M) | Time:00:00.08 | Mem:24.00M, Peak:24.00M | Scene, ViewLayer | Updating Mesh | Copying Attributes to device
Fra:1 Mem:52.17M (Peak 76.52M) | Time:00:00.08 | Mem:24.07M, Peak:24.07M | Scene, ViewLayer | Updating Scene BVH | Building
Fra:1 Mem:52.17M (Peak 76.52M) | Time:00:00.08 | Mem:24.07M, Peak:24.07M | Scene, ViewLayer | Updating Scene BVH | Building BVH
Fra:1 Mem:52.17M (Peak 76.52M) | Time:00:00.08 | Mem:24.10M, Peak:24.10M | Scene, ViewLayer | Updating Scene BVH | Building BVH 0%
Fra:1 Mem:52.17M (Peak 76.52M) | Time:00:00.08 | Mem:24.13M, Peak:24.16M | Scene, ViewLayer | Updating Scene BVH | Copying BVH to device
Fra:1 Mem:52.17M (Peak 76.52M) | Time:00:00.08 | Mem:24.13M, Peak:24.16M | Scene, ViewLayer | Updating Mesh | Computing normals
Fra:1 Mem:52.20M (Peak 76.52M) | Time:00:00.08 | Mem:24.13M, Peak:24.16M | Scene, ViewLayer | Updating Mesh | Copying Mesh to device
Fra:1 Mem:52.20M (Peak 76.52M) | Time:00:00.08 | Mem:24.17M, Peak:24.17M | Scene, ViewLayer | Updating Objects Flags
Fra:1 Mem:52.20M (Peak 76.52M) | Time:00:00.08 | Mem:24.17M, Peak:24.17M | Scene, ViewLayer | Updating Primitive Offsets
Fra:1 Mem:52.20M (Peak 76.52M) | Time:00:00.08 | Mem:24.17M, Peak:24.17M | Scene, ViewLayer | Updating Images
Fra:1 Mem:52.20M (Peak 76.52M) | Time:00:00.08 | Mem:24.17M, Peak:24.17M | Scene, ViewLayer | Updating Camera Volume
Fra:1 Mem:52.20M (Peak 76.52M) | Time:00:00.08 | Mem:24.17M, Peak:24.17M | Scene, ViewLayer | Updating Lookup Tables
Fra:1 Mem:52.20M (Peak 76.52M) | Time:00:00.08 | Mem:24.25M, Peak:24.25M | Scene, ViewLayer | Updating Lights
Fra:1 Mem:52.20M (Peak 76.52M) | Time:00:00.08 | Mem:24.25M, Peak:24.25M | Scene, ViewLayer | Updating Lights | Computing tree
Fra:1 Mem:52.21M (Peak 76.52M) | Time:00:00.08 | Mem:24.25M, Peak:24.25M | Scene, ViewLayer | Updating Integrator
Fra:1 Mem:52.21M (Peak 76.52M) | Time:00:00.08 | Mem:24.25M, Peak:24.25M | Scene, ViewLayer | Updating Film
Fra:1 Mem:52.21M (Peak 76.52M) | Time:00:00.08 | Mem:24.17M, Peak:24.25M | Scene, ViewLayer | Updating Lookup Tables
Fra:1 Mem:52.21M (Peak 76.52M) | Time:00:00.08 | Mem:24.25M, Peak:24.25M | Scene, ViewLayer | Updating Baking
Fra:1 Mem:52.21M (Peak 76.52M) | Time:00:00.08 | Mem:24.25M, Peak:24.25M | Scene, ViewLayer | Updating Device | Writing constant memory
Fra:1 Mem:52.21M (Peak 76.52M) | Time:00:00.08 | Mem:24.25M, Peak:24.25M | Scene, ViewLayer | Sample 0/192
Fra:1 Mem:53.93M (Peak 76.52M) | Time:00:00.11 | Remaining:00:06.05 | Mem:25.98M, Peak:25.98M | Scene, ViewLayer | Sample 1/192
Fra:1 Mem:53.93M (Peak 76.52M) | Time:00:01.88 | Remaining:00:03.60 | Mem:25.98M, Peak:25.98M | Scene, ViewLayer | Sample 64/192
Fra:1 Mem:53.93M (Peak 76.52M) | Time:00:02.05 | Remaining:00:02.75 | Mem:25.98M, Peak:25.98M | Scene, ViewLayer | Sample 80/192
Fra:1 Mem:53.93M (Peak 76.52M) | Time:00:02.15 | Remaining:00:02.07 | Mem:25.98M, Peak:25.98M | Scene, ViewLayer | Sample 96/192
Fra:1 Mem:53.93M (Peak 76.52M) | Time:00:02.22 | Remaining:00:01.53 | Mem:25.98M, Peak:25.98M | Scene, ViewLayer | Sample 112/192
Fra:1 Mem:53.93M (Peak 76.52M) | Time:00:02.28 | Remaining:00:01.09 | Mem:25.98M, Peak:25.98M | Scene, ViewLayer | Sample 128/192
Fra:1 Mem:53.93M (Peak 76.52M) | Time:00:02.31 | Remaining:00:00.74 | Mem:25.98M, Peak:25.98M | Scene, ViewLayer | Sample 144/192
Fra:1 Mem:53.93M (Peak 76.52M) | Time:00:02.34 | Remaining:00:00.45 | Mem:25.98M, Peak:25.98M | Scene, ViewLayer | Sample 160/192
Fra:1 Mem:53.93M (Peak 76.52M) | Time:00:02.37 | Remaining:00:00.20 | Mem:25.98M, Peak:25.98M | Scene, ViewLayer | Sample 176/192
Fra:1 Mem:54.70M (Peak 76.52M) | Time:00:02.39 | Mem:25.98M, Peak:25.98M | Scene, ViewLayer | Sample 192/192
Fra:1 Mem:54.70M (Peak 76.52M) | Time:00:02.39 | Mem:25.98M, Peak:25.98M | Scene, ViewLayer | Finished
Fra:1 Mem:28.64M (Peak 76.52M) | Time:00:02.39 | Compositing
Fra:1 Mem:28.64M (Peak 76.52M) | Time:00:02.39 | Compositing | Initializing execution
Fra:1 Mem:28.64M (Peak 76.52M) | Time:00:02.39 | Compositing | Operation 2-3
Fra:1 Mem:29.47M (Peak 76.52M) | Time:00:02.39 | Compositing | Operation 3-3
Fra:1 Mem:29.47M (Peak 76.52M) | Time:00:02.39 | Compositing | Operation 4-3
Saved: '/workspace/scratch/a51485f153de/art-work/v111-modular-environment/exports/walkable_arch.png'
Time: 00:02.40 (Saving: 00:00.01)

Fra:1 Mem:28.38M (Peak 28.38M) | Time:00:00.00 | Mem:0.00M, Peak:0.00M | Scene, ViewLayer | Synchronizing object | walkable_arch
Fra:1 Mem:28.38M (Peak 28.38M) | Time:00:00.00 | Mem:0.00M, Peak:0.00M | Scene, ViewLayer | Synchronizing object | walkable_arch_sill
Fra:1 Mem:28.39M (Peak 28.39M) | Time:00:00.00 | Mem:0.00M, Peak:0.00M | Scene, ViewLayer | Synchronizing object | neutral_shadow_receiver
Fra:1 Mem:28.50M (Peak 28.50M) | Time:00:00.00 | Mem:0.00M, Peak:0.00M | Scene, ViewLayer | Initializing
Fra:1 Mem:28.48M (Peak 28.50M) | Time:00:00.00 | Mem:0.00M, Peak:0.00M | Scene, ViewLayer | Updating Images | Loading modular_fort_01_wall_diff
Fra:1 Mem:28.48M (Peak 28.50M) | Time:00:00.00 | Mem:0.00M, Peak:0.00M | Scene, ViewLayer | Updating Images | Loading modular_fort_01_trim_nor_gl
Fra:1 Mem:28.48M (Peak 28.50M) | Time:00:00.00 | Mem:0.00M, Peak:0.00M | Scene, ViewLayer | Updating Images | Loading modular_fort_01_wall_rough
Fra:1 Mem:40.48M (Peak 40.48M) | Time:00:00.00 | Mem:0.00M, Peak:0.00M | Scene, ViewLayer | Updating Images | Loading modular_fort_01_wall_nor_gl
Fra:1 Mem:52.50M (Peak 60.50M) | Time:00:00.02 | Mem:4.00M, Peak:4.00M | Scene, ViewLayer | Updating Images | Loading modular_fort_01_trim_diff
Fra:1 Mem:48.50M (Peak 60.50M) | Time:00:00.02 | Mem:8.00M, Peak:8.00M | Scene, ViewLayer | Updating Images | Loading modular_fort_01_trim_rough
Fra:1 Mem:52.00M (Peak 76.52M) | Time:00:00.05 | Mem:24.00M, Peak:24.00M | Scene, ViewLayer | Waiting for render to start
Fra:1 Mem:52.01M (Peak 76.52M) | Time:00:00.05 | Mem:24.00M, Peak:24.00M | Scene, ViewLayer | Loading render kernels (may take a few minutes the first time)
Fra:1 Mem:52.01M (Peak 76.52M) | Time:00:00.05 | Mem:24.00M, Peak:24.00M | Scene, ViewLayer | Updating Scene
Fra:1 Mem:52.01M (Peak 76.52M) | Time:00:00.05 | Mem:24.00M, Peak:24.00M | Scene, ViewLayer | Updating Shaders
Fra:1 Mem:52.09M (Peak 76.52M) | Time:00:00.05 | Mem:24.00M, Peak:24.00M | Scene, ViewLayer | Updating Procedurals
Fra:1 Mem:52.09M (Peak 76.52M) | Time:00:00.05 | Mem:24.00M, Peak:24.00M | Scene, ViewLayer | Updating Background
Fra:1 Mem:52.09M (Peak 76.52M) | Time:00:00.05 | Mem:24.00M, Peak:24.00M | Scene, ViewLayer | Updating Camera
Fra:1 Mem:52.09M (Peak 76.52M) | Time:00:00.05 | Mem:24.00M, Peak:24.00M | Scene, ViewLayer | Updating Meshes Flags
Fra:1 Mem:52.09M (Peak 76.52M) | Time:00:00.05 | Mem:24.00M, Peak:24.00M | Scene, ViewLayer | Updating Objects
Fra:1 Mem:52.09M (Peak 76.52M) | Time:00:00.05 | Mem:24.00M, Peak:24.00M | Scene, ViewLayer | Updating Objects | Copying Transformations to device
Fra:1 Mem:52.09M (Peak 76.52M) | Time:00:00.05 | Mem:24.00M, Peak:24.00M | Scene, ViewLayer | Updating Objects | Applying Static Transformations
Fra:1 Mem:52.09M (Peak 76.52M) | Time:00:00.05 | Mem:24.00M, Peak:24.00M | Scene, ViewLayer | Updating Particle Systems
Fra:1 Mem:52.09M (Peak 76.52M) | Time:00:00.05 | Mem:24.00M, Peak:24.00M | Scene, ViewLayer | Updating Particle Systems | Copying Particles to device
Fra:1 Mem:52.09M (Peak 76.52M) | Time:00:00.05 | Mem:24.00M, Peak:24.00M | Scene, ViewLayer | Updating Meshes
Fra:1 Mem:52.10M (Peak 76.52M) | Time:00:00.05 | Mem:24.00M, Peak:24.00M | Scene, ViewLayer | Updating Mesh | Computing attributes
Fra:1 Mem:52.17M (Peak 76.52M) | Time:00:00.05 | Mem:24.00M, Peak:24.00M | Scene, ViewLayer | Updating Mesh | Copying Attributes to device
Fra:1 Mem:52.17M (Peak 76.52M) | Time:00:00.05 | Mem:24.07M, Peak:24.07M | Scene, ViewLayer | Updating Scene BVH | Building
Fra:1 Mem:52.17M (Peak 76.52M) | Time:00:00.05 | Mem:24.07M, Peak:24.07M | Scene, ViewLayer | Updating Scene BVH | Building BVH
Fra:1 Mem:52.17M (Peak 76.52M) | Time:00:00.05 | Mem:24.10M, Peak:24.10M | Scene, ViewLayer | Updating Scene BVH | Building BVH 0%
Fra:1 Mem:52.17M (Peak 76.52M) | Time:00:00.05 | Mem:24.13M, Peak:24.16M | Scene, ViewLayer | Updating Scene BVH | Copying BVH to device
Fra:1 Mem:52.17M (Peak 76.52M) | Time:00:00.05 | Mem:24.13M, Peak:24.16M | Scene, ViewLayer | Updating Mesh | Computing normals
Fra:1 Mem:52.21M (Peak 76.52M) | Time:00:00.05 | Mem:24.13M, Peak:24.16M | Scene, ViewLayer | Updating Mesh | Copying Mesh to device
Fra:1 Mem:52.21M (Peak 76.52M) | Time:00:00.05 | Mem:24.17M, Peak:24.17M | Scene, ViewLayer | Updating Objects Flags
Fra:1 Mem:52.21M (Peak 76.52M) | Time:00:00.05 | Mem:24.17M, Peak:24.17M | Scene, ViewLayer | Updating Primitive Offsets
Fra:1 Mem:52.21M (Peak 76.52M) | Time:00:00.05 | Mem:24.17M, Peak:24.17M | Scene, ViewLayer | Updating Images
Fra:1 Mem:52.21M (Peak 76.52M) | Time:00:00.05 | Mem:24.17M, Peak:24.17M | Scene, ViewLayer | Updating Camera Volume
Fra:1 Mem:52.21M (Peak 76.52M) | Time:00:00.05 | Mem:24.17M, Peak:24.17M | Scene, ViewLayer | Updating Lookup Tables
Fra:1 Mem:52.21M (Peak 76.52M) | Time:00:00.05 | Mem:24.25M, Peak:24.25M | Scene, ViewLayer | Updating Lights
Fra:1 Mem:52.21M (Peak 76.52M) | Time:00:00.05 | Mem:24.25M, Peak:24.25M | Scene, ViewLayer | Updating Lights | Computing tree
Fra:1 Mem:52.21M (Peak 76.52M) | Time:00:00.05 | Mem:24.25M, Peak:24.25M | Scene, ViewLayer | Updating Integrator
Fra:1 Mem:52.21M (Peak 76.52M) | Time:00:00.05 | Mem:24.25M, Peak:24.25M | Scene, ViewLayer | Updating Film
Fra:1 Mem:52.21M (Peak 76.52M) | Time:00:00.05 | Mem:24.17M, Peak:24.25M | Scene, ViewLayer | Updating Lookup Tables
Fra:1 Mem:52.21M (Peak 76.52M) | Time:00:00.05 | Mem:24.25M, Peak:24.25M | Scene, ViewLayer | Updating Baking
Fra:1 Mem:52.21M (Peak 76.52M) | Time:00:00.05 | Mem:24.25M, Peak:24.25M | Scene, ViewLayer | Updating Device | Writing constant memory
Fra:1 Mem:52.21M (Peak 76.52M) | Time:00:00.05 | Mem:24.25M, Peak:24.25M | Scene, ViewLayer | Sample 0/192
Fra:1 Mem:52.96M (Peak 76.52M) | Time:00:00.06 | Remaining:00:02.35 | Mem:25.00M, Peak:25.00M | Scene, ViewLayer | Sample 1/192
Fra:1 Mem:52.96M (Peak 76.52M) | Time:00:00.76 | Remaining:00:01.41 | Mem:25.00M, Peak:25.00M | Scene, ViewLayer | Sample 64/192
Fra:1 Mem:52.96M (Peak 76.52M) | Time:00:00.87 | Remaining:00:01.14 | Mem:25.00M, Peak:25.00M | Scene, ViewLayer | Sample 80/192
Fra:1 Mem:52.96M (Peak 76.52M) | Time:00:00.94 | Remaining:00:00.88 | Mem:25.00M, Peak:25.00M | Scene, ViewLayer | Sample 96/192
Fra:1 Mem:52.96M (Peak 76.52M) | Time:00:00.99 | Remaining:00:00.67 | Mem:25.00M, Peak:25.00M | Scene, ViewLayer | Sample 112/192
Fra:1 Mem:52.96M (Peak 76.52M) | Time:00:01.02 | Remaining:00:00.48 | Mem:25.00M, Peak:25.00M | Scene, ViewLayer | Sample 128/192
Fra:1 Mem:52.96M (Peak 76.52M) | Time:00:01.05 | Remaining:00:00.33 | Mem:25.00M, Peak:25.00M | Scene, ViewLayer | Sample 144/192
Fra:1 Mem:52.96M (Peak 76.52M) | Time:00:01.07 | Remaining:00:00.20 | Mem:25.00M, Peak:25.00M | Scene, ViewLayer | Sample 160/192
Fra:1 Mem:52.96M (Peak 76.52M) | Time:00:01.08 | Remaining:00:00.09 | Mem:25.00M, Peak:25.00M | Scene, ViewLayer | Sample 176/192
Fra:1 Mem:53.30M (Peak 76.52M) | Time:00:01.09 | Mem:25.00M, Peak:25.00M | Scene, ViewLayer | Sample 192/192
Fra:1 Mem:53.30M (Peak 76.52M) | Time:00:01.09 | Mem:25.00M, Peak:25.00M | Scene, ViewLayer | Finished
Fra:1 Mem:28.21M (Peak 76.52M) | Time:00:01.10 | Compositing
Fra:1 Mem:28.21M (Peak 76.52M) | Time:00:01.10 | Compositing | Initializing execution
Fra:1 Mem:28.21M (Peak 76.52M) | Time:00:01.10 | Compositing | Operation 2-3
Fra:1 Mem:28.61M (Peak 76.52M) | Time:00:01.10 | Compositing | Operation 3-3
Fra:1 Mem:28.61M (Peak 76.52M) | Time:00:01.10 | Compositing | Operation 4-3
Saved: '/workspace/scratch/a51485f153de/art-work/v111-modular-environment/exports/walkable_arch_sill.png'
Time: 00:01.11 (Saving: 00:00.01)

Fra:1 Mem:28.38M (Peak 28.38M) | Time:00:00.00 | Mem:0.00M, Peak:0.00M | Scene, ViewLayer | Synchronizing object | walkable_arch
Fra:1 Mem:28.38M (Peak 28.38M) | Time:00:00.00 | Mem:0.00M, Peak:0.00M | Scene, ViewLayer | Synchronizing object | walkable_arch_sill
Fra:1 Mem:28.44M (Peak 28.44M) | Time:00:00.00 | Mem:0.00M, Peak:0.00M | Scene, ViewLayer | Synchronizing object | neutral_shadow_receiver
Fra:1 Mem:28.50M (Peak 28.50M) | Time:00:00.00 | Mem:0.00M, Peak:0.00M | Scene, ViewLayer | Initializing
Fra:1 Mem:28.48M (Peak 28.50M) | Time:00:00.00 | Mem:0.00M, Peak:0.00M | Scene, ViewLayer | Updating Images | Loading modular_fort_01_wall_diff
Fra:1 Mem:28.48M (Peak 28.50M) | Time:00:00.00 | Mem:0.00M, Peak:0.00M | Scene, ViewLayer | Updating Images | Loading modular_fort_01_trim_nor_gl
Fra:1 Mem:32.48M (Peak 32.48M) | Time:00:00.00 | Mem:0.00M, Peak:0.00M | Scene, ViewLayer | Updating Images | Loading modular_fort_01_wall_rough
Fra:1 Mem:36.48M (Peak 36.48M) | Time:00:00.00 | Mem:0.00M, Peak:0.00M | Scene, ViewLayer | Updating Images | Loading modular_fort_01_wall_nor_gl
Fra:1 Mem:52.50M (Peak 60.50M) | Time:00:00.02 | Mem:4.00M, Peak:4.00M | Scene, ViewLayer | Updating Images | Loading modular_fort_01_trim_diff
Fra:1 Mem:64.51M (Peak 72.52M) | Time:00:00.02 | Mem:8.00M, Peak:8.00M | Scene, ViewLayer | Updating Images | Loading modular_fort_01_trim_rough
Fra:1 Mem:52.00M (Peak 72.52M) | Time:00:00.05 | Mem:24.00M, Peak:24.00M | Scene, ViewLayer | Waiting for render to start
Fra:1 Mem:52.01M (Peak 72.52M) | Time:00:00.05 | Mem:24.00M, Peak:24.00M | Scene, ViewLayer | Loading render kernels (may take a few minutes the first time)
Fra:1 Mem:52.01M (Peak 72.52M) | Time:00:00.05 | Mem:24.00M, Peak:24.00M | Scene, ViewLayer | Updating Scene
Fra:1 Mem:52.01M (Peak 72.52M) | Time:00:00.05 | Mem:24.00M, Peak:24.00M | Scene, ViewLayer | Updating Shaders
Fra:1 Mem:52.09M (Peak 72.52M) | Time:00:00.05 | Mem:24.00M, Peak:24.00M | Scene, ViewLayer | Updating Procedurals
Fra:1 Mem:52.09M (Peak 72.52M) | Time:00:00.05 | Mem:24.00M, Peak:24.00M | Scene, ViewLayer | Updating Background
Fra:1 Mem:52.09M (Peak 72.52M) | Time:00:00.05 | Mem:24.00M, Peak:24.00M | Scene, ViewLayer | Updating Camera
Fra:1 Mem:52.09M (Peak 72.52M) | Time:00:00.05 | Mem:24.00M, Peak:24.00M | Scene, ViewLayer | Updating Meshes Flags
Fra:1 Mem:52.09M (Peak 72.52M) | Time:00:00.05 | Mem:24.00M, Peak:24.00M | Scene, ViewLayer | Updating Objects
Fra:1 Mem:52.09M (Peak 72.52M) | Time:00:00.05 | Mem:24.00M, Peak:24.00M | Scene, ViewLayer | Updating Objects | Copying Transformations to device
Fra:1 Mem:52.09M (Peak 72.52M) | Time:00:00.05 | Mem:24.00M, Peak:24.00M | Scene, ViewLayer | Updating Objects | Applying Static Transformations
Fra:1 Mem:52.09M (Peak 72.52M) | Time:00:00.05 | Mem:24.00M, Peak:24.00M | Scene, ViewLayer | Updating Particle Systems
Fra:1 Mem:52.09M (Peak 72.52M) | Time:00:00.05 | Mem:24.00M, Peak:24.00M | Scene, ViewLayer | Updating Particle Systems | Copying Particles to device
Fra:1 Mem:52.09M (Peak 72.52M) | Time:00:00.05 | Mem:24.00M, Peak:24.00M | Scene, ViewLayer | Updating Meshes
Fra:1 Mem:52.11M (Peak 72.52M) | Time:00:00.05 | Mem:24.00M, Peak:24.00M | Scene, ViewLayer | Updating Mesh | Computing attributes
Fra:1 Mem:52.17M (Peak 72.52M) | Time:00:00.05 | Mem:24.00M, Peak:24.00M | Scene, ViewLayer | Updating Mesh | Copying Attributes to device
Fra:1 Mem:52.17M (Peak 72.52M) | Time:00:00.05 | Mem:24.07M, Peak:24.07M | Scene, ViewLayer | Updating Scene BVH | Building
Fra:1 Mem:52.17M (Peak 72.52M) | Time:00:00.05 | Mem:24.07M, Peak:24.07M | Scene, ViewLayer | Updating Scene BVH | Building BVH
Fra:1 Mem:52.17M (Peak 72.52M) | Time:00:00.05 | Mem:24.10M, Peak:24.10M | Scene, ViewLayer | Updating Scene BVH | Building BVH 0%
Fra:1 Mem:52.17M (Peak 72.52M) | Time:00:00.05 | Mem:24.13M, Peak:24.16M | Scene, ViewLayer | Updating Scene BVH | Copying BVH to device
Fra:1 Mem:52.17M (Peak 72.52M) | Time:00:00.05 | Mem:24.13M, Peak:24.16M | Scene, ViewLayer | Updating Mesh | Computing normals
Fra:1 Mem:52.21M (Peak 72.52M) | Time:00:00.05 | Mem:24.13M, Peak:24.16M | Scene, ViewLayer | Updating Mesh | Copying Mesh to device
Fra:1 Mem:52.21M (Peak 72.52M) | Time:00:00.05 | Mem:24.17M, Peak:24.17M | Scene, ViewLayer | Updating Objects Flags
Fra:1 Mem:52.21M (Peak 72.52M) | Time:00:00.05 | Mem:24.17M, Peak:24.17M | Scene, ViewLayer | Updating Primitive Offsets
Fra:1 Mem:52.21M (Peak 72.52M) | Time:00:00.05 | Mem:24.17M, Peak:24.17M | Scene, ViewLayer | Updating Images
Fra:1 Mem:52.21M (Peak 72.52M) | Time:00:00.05 | Mem:24.17M, Peak:24.17M | Scene, ViewLayer | Updating Camera Volume
Fra:1 Mem:52.21M (Peak 72.52M) | Time:00:00.05 | Mem:24.17M, Peak:24.17M | Scene, ViewLayer | Updating Lookup Tables
Fra:1 Mem:52.21M (Peak 72.52M) | Time:00:00.05 | Mem:24.25M, Peak:24.25M | Scene, ViewLayer | Updating Lights
Fra:1 Mem:52.21M (Peak 72.52M) | Time:00:00.05 | Mem:24.25M, Peak:24.25M | Scene, ViewLayer | Updating Lights | Computing tree
Fra:1 Mem:52.21M (Peak 72.52M) | Time:00:00.05 | Mem:24.25M, Peak:24.25M | Scene, ViewLayer | Updating Integrator
Fra:1 Mem:52.21M (Peak 72.52M) | Time:00:00.05 | Mem:24.25M, Peak:24.25M | Scene, ViewLayer | Updating Film
Fra:1 Mem:52.21M (Peak 72.52M) | Time:00:00.05 | Mem:24.17M, Peak:24.25M | Scene, ViewLayer | Updating Lookup Tables
Fra:1 Mem:52.21M (Peak 72.52M) | Time:00:00.05 | Mem:24.25M, Peak:24.25M | Scene, ViewLayer | Updating Baking
Fra:1 Mem:52.21M (Peak 72.52M) | Time:00:00.05 | Mem:24.25M, Peak:24.25M | Scene, ViewLayer | Updating Device | Writing constant memory
Fra:1 Mem:52.21M (Peak 72.52M) | Time:00:00.05 | Mem:24.25M, Peak:24.25M | Scene, ViewLayer | Sample 0/192
Fra:1 Mem:61.33M (Peak 72.52M) | Time:00:00.32 | Remaining:00:50.55 | Mem:33.37M, Peak:33.37M | Scene, ViewLayer | Sample 1/192
Fra:1 Mem:61.33M (Peak 72.52M) | Time:00:11.05 | Remaining:00:22.00 | Mem:33.37M, Peak:33.37M | Scene, ViewLayer | Sample 64/192
Fra:1 Mem:61.33M (Peak 72.52M) | Time:00:11.93 | Remaining:00:16.62 | Mem:33.37M, Peak:33.37M | Scene, ViewLayer | Sample 80/192
Fra:1 Mem:61.33M (Peak 72.52M) | Time:00:12.57 | Remaining:00:12.51 | Mem:33.37M, Peak:33.37M | Scene, ViewLayer | Sample 96/192
Fra:1 Mem:61.33M (Peak 72.52M) | Time:00:12.92 | Remaining:00:09.18 | Mem:33.37M, Peak:33.37M | Scene, ViewLayer | Sample 112/192
Fra:1 Mem:61.33M (Peak 72.52M) | Time:00:13.16 | Remaining:00:06.55 | Mem:33.37M, Peak:33.37M | Scene, ViewLayer | Sample 128/192
Fra:1 Mem:61.33M (Peak 72.52M) | Time:00:13.32 | Remaining:00:04.42 | Mem:33.37M, Peak:33.37M | Scene, ViewLayer | Sample 144/192
Fra:1 Mem:61.33M (Peak 72.52M) | Time:00:13.45 | Remaining:00:02.67 | Mem:33.37M, Peak:33.37M | Scene, ViewLayer | Sample 160/192
Fra:1 Mem:61.33M (Peak 72.52M) | Time:00:13.55 | Remaining:00:01.22 | Mem:33.37M, Peak:33.37M | Scene, ViewLayer | Sample 176/192
Fra:1 Mem:63.48M (Peak 72.52M) | Time:00:13.63 | Mem:33.37M, Peak:33.37M | Scene, ViewLayer | Sample 192/192
Fra:1 Mem:63.48M (Peak 72.52M) | Time:00:13.63 | Mem:33.37M, Peak:33.37M | Scene, ViewLayer | Finished
Fra:1 Mem:30.03M (Peak 72.52M) | Time:00:13.63 | Compositing
Fra:1 Mem:30.03M (Peak 72.52M) | Time:00:13.63 | Compositing | Initializing execution
Fra:1 Mem:30.03M (Peak 72.52M) | Time:00:13.63 | Compositing | Operation 2-11
Fra:1 Mem:30.03M (Peak 72.52M) | Time:00:13.63 | Compositing | Operation 3-11
Fra:1 Mem:30.63M (Peak 72.52M) | Time:00:13.63 | Compositing | Operation 4-11
Fra:1 Mem:30.63M (Peak 72.52M) | Time:00:13.63 | Compositing | Operation 5-11
Fra:1 Mem:30.63M (Peak 72.52M) | Time:00:13.63 | Compositing | Operation 6-11
Fra:1 Mem:30.63M (Peak 72.52M) | Time:00:13.63 | Compositing | Operation 7-11
Fra:1 Mem:30.63M (Peak 72.52M) | Time:00:13.63 | Compositing | Operation 8-11
Fra:1 Mem:30.63M (Peak 72.52M) | Time:00:13.63 | Compositing | Operation 9-11
Fra:1 Mem:30.63M (Peak 72.52M) | Time:00:13.63 | Compositing | Operation 10-11
Fra:1 Mem:32.24M (Peak 72.52M) | Time:00:13.63 | Compositing | Operation 11-11
Fra:1 Mem:32.24M (Peak 72.52M) | Time:00:13.63 | Compositing | Operation 12-11
Saved: '/workspace/scratch/a51485f153de/art-work/v111-modular-environment/exports/walkable_arch_shadow.png'
Time: 00:13.66 (Saving: 00:00.02)

Fra:1 Mem:28.33M (Peak 28.33M) | Time:00:00.00 | Mem:0.00M, Peak:0.00M | Scene, ViewLayer | Synchronizing object | moss_rock
Fra:1 Mem:28.33M (Peak 28.33M) | Time:00:00.00 | Mem:0.00M, Peak:0.00M | Scene, ViewLayer | Synchronizing object | neutral_shadow_receiver
Fra:1 Mem:30.69M (Peak 30.69M) | Time:00:00.01 | Mem:0.00M, Peak:0.00M | Scene, ViewLayer | Initializing
Fra:1 Mem:30.67M (Peak 30.69M) | Time:00:00.01 | Mem:0.00M, Peak:0.00M | Scene, ViewLayer | Updating Images | Loading rock_moss_set_01_nor_gl
Fra:1 Mem:30.67M (Peak 30.69M) | Time:00:00.01 | Mem:0.00M, Peak:0.00M | Scene, ViewLayer | Updating Images | Loading rock_moss_set_01_diff
Fra:1 Mem:38.68M (Peak 38.68M) | Time:00:00.01 | Mem:0.00M, Peak:0.00M | Scene, ViewLayer | Updating Images | Loading rock_moss_set_01_rough
Fra:1 Mem:42.32M (Peak 66.70M) | Time:00:00.03 | Mem:12.00M, Peak:12.00M | Scene, ViewLayer | Waiting for render to start
Fra:1 Mem:42.32M (Peak 66.70M) | Time:00:00.03 | Mem:12.00M, Peak:12.00M | Scene, ViewLayer | Loading render kernels (may take a few minutes the first time)
Fra:1 Mem:42.32M (Peak 66.70M) | Time:00:00.03 | Mem:12.00M, Peak:12.00M | Scene, ViewLayer | Updating Scene
Fra:1 Mem:42.32M (Peak 66.70M) | Time:00:00.03 | Mem:12.00M, Peak:12.00M | Scene, ViewLayer | Updating Shaders
Fra:1 Mem:42.40M (Peak 66.70M) | Time:00:00.03 | Mem:12.00M, Peak:12.00M | Scene, ViewLayer | Updating Procedurals
Fra:1 Mem:42.40M (Peak 66.70M) | Time:00:00.03 | Mem:12.00M, Peak:12.00M | Scene, ViewLayer | Updating Background
Fra:1 Mem:42.40M (Peak 66.70M) | Time:00:00.03 | Mem:12.00M, Peak:12.00M | Scene, ViewLayer | Updating Camera
Fra:1 Mem:42.40M (Peak 66.70M) | Time:00:00.03 | Mem:12.00M, Peak:12.00M | Scene, ViewLayer | Updating Meshes Flags
Fra:1 Mem:42.40M (Peak 66.70M) | Time:00:00.03 | Mem:12.00M, Peak:12.00M | Scene, ViewLayer | Updating Objects
Fra:1 Mem:42.40M (Peak 66.70M) | Time:00:00.03 | Mem:12.00M, Peak:12.00M | Scene, ViewLayer | Updating Objects | Copying Transformations to device
Fra:1 Mem:42.40M (Peak 66.70M) | Time:00:00.03 | Mem:12.00M, Peak:12.00M | Scene, ViewLayer | Updating Objects | Applying Static Transformations
Fra:1 Mem:42.40M (Peak 66.70M) | Time:00:00.03 | Mem:12.00M, Peak:12.00M | Scene, ViewLayer | Updating Particle Systems
Fra:1 Mem:42.40M (Peak 66.70M) | Time:00:00.03 | Mem:12.00M, Peak:12.00M | Scene, ViewLayer | Updating Particle Systems | Copying Particles to device
Fra:1 Mem:42.40M (Peak 66.70M) | Time:00:00.03 | Mem:12.00M, Peak:12.00M | Scene, ViewLayer | Updating Meshes
Fra:1 Mem:42.57M (Peak 66.70M) | Time:00:00.03 | Mem:12.00M, Peak:12.00M | Scene, ViewLayer | Updating Mesh | Computing attributes
Fra:1 Mem:43.40M (Peak 66.70M) | Time:00:00.03 | Mem:12.00M, Peak:12.00M | Scene, ViewLayer | Updating Mesh | Copying Attributes to device
Fra:1 Mem:43.39M (Peak 66.70M) | Time:00:00.03 | Mem:12.83M, Peak:12.83M | Scene, ViewLayer | Updating Scene BVH | Building
Fra:1 Mem:43.39M (Peak 66.70M) | Time:00:00.03 | Mem:12.83M, Peak:12.83M | Scene, ViewLayer | Updating Scene BVH | Building BVH
Fra:1 Mem:43.39M (Peak 66.70M) | Time:00:00.03 | Mem:13.16M, Peak:13.16M | Scene, ViewLayer | Updating Scene BVH | Building BVH 0%
Fra:1 Mem:43.39M (Peak 66.70M) | Time:00:00.03 | Mem:13.53M, Peak:13.87M | Scene, ViewLayer | Updating Scene BVH | Copying BVH to device
Fra:1 Mem:43.39M (Peak 66.70M) | Time:00:00.03 | Mem:13.53M, Peak:13.87M | Scene, ViewLayer | Updating Mesh | Computing normals
Fra:1 Mem:43.79M (Peak 66.70M) | Time:00:00.03 | Mem:13.53M, Peak:13.87M | Scene, ViewLayer | Updating Mesh | Copying Mesh to device
Fra:1 Mem:43.79M (Peak 66.70M) | Time:00:00.03 | Mem:13.93M, Peak:13.93M | Scene, ViewLayer | Updating Objects Flags
Fra:1 Mem:43.79M (Peak 66.70M) | Time:00:00.03 | Mem:13.93M, Peak:13.93M | Scene, ViewLayer | Updating Primitive Offsets
Fra:1 Mem:43.79M (Peak 66.70M) | Time:00:00.03 | Mem:13.93M, Peak:13.93M | Scene, ViewLayer | Updating Images
Fra:1 Mem:43.79M (Peak 66.70M) | Time:00:00.03 | Mem:13.93M, Peak:13.93M | Scene, ViewLayer | Updating Camera Volume
Fra:1 Mem:43.79M (Peak 66.70M) | Time:00:00.03 | Mem:13.93M, Peak:13.93M | Scene, ViewLayer | Updating Lookup Tables
Fra:1 Mem:43.79M (Peak 66.70M) | Time:00:00.03 | Mem:14.01M, Peak:14.01M | Scene, ViewLayer | Updating Lights
Fra:1 Mem:43.79M (Peak 66.70M) | Time:00:00.03 | Mem:14.01M, Peak:14.01M | Scene, ViewLayer | Updating Lights | Computing tree
Fra:1 Mem:43.79M (Peak 66.70M) | Time:00:00.03 | Mem:14.01M, Peak:14.01M | Scene, ViewLayer | Updating Integrator
Fra:1 Mem:43.79M (Peak 66.70M) | Time:00:00.03 | Mem:14.01M, Peak:14.01M | Scene, ViewLayer | Updating Film
Fra:1 Mem:43.80M (Peak 66.70M) | Time:00:00.03 | Mem:13.93M, Peak:14.01M | Scene, ViewLayer | Updating Lookup Tables
Fra:1 Mem:43.80M (Peak 66.70M) | Time:00:00.03 | Mem:14.01M, Peak:14.01M | Scene, ViewLayer | Updating Baking
Fra:1 Mem:43.80M (Peak 66.70M) | Time:00:00.03 | Mem:14.01M, Peak:14.01M | Scene, ViewLayer | Updating Device | Writing constant memory
Fra:1 Mem:43.80M (Peak 66.70M) | Time:00:00.03 | Mem:14.01M, Peak:14.01M | Scene, ViewLayer | Sample 0/192
Fra:1 Mem:45.13M (Peak 66.70M) | Time:00:00.06 | Remaining:00:05.47 | Mem:15.35M, Peak:15.35M | Scene, ViewLayer | Sample 1/192
Fra:1 Mem:45.13M (Peak 66.70M) | Time:00:01.37 | Remaining:00:02.67 | Mem:15.35M, Peak:15.35M | Scene, ViewLayer | Sample 64/192
Fra:1 Mem:45.13M (Peak 66.70M) | Time:00:01.38 | Remaining:00:01.88 | Mem:15.35M, Peak:15.35M | Scene, ViewLayer | Sample 80/192
Fra:1 Mem:45.13M (Peak 66.70M) | Time:00:01.39 | Remaining:00:01.35 | Mem:15.35M, Peak:15.35M | Scene, ViewLayer | Sample 96/192
Fra:1 Mem:45.13M (Peak 66.70M) | Time:00:01.39 | Remaining:00:00.96 | Mem:15.35M, Peak:15.35M | Scene, ViewLayer | Sample 112/192
Fra:1 Mem:45.13M (Peak 66.70M) | Time:00:01.40 | Remaining:00:00.68 | Mem:15.35M, Peak:15.35M | Scene, ViewLayer | Sample 128/192
Fra:1 Mem:45.13M (Peak 66.70M) | Time:00:01.40 | Remaining:00:00.45 | Mem:15.35M, Peak:15.35M | Scene, ViewLayer | Sample 144/192
Fra:1 Mem:45.13M (Peak 66.70M) | Time:00:01.40 | Remaining:00:00.27 | Mem:15.35M, Peak:15.35M | Scene, ViewLayer | Sample 160/192
Fra:1 Mem:45.13M (Peak 66.70M) | Time:00:01.40 | Remaining:00:00.12 | Mem:15.35M, Peak:15.35M | Scene, ViewLayer | Sample 176/192
Fra:1 Mem:45.72M (Peak 66.70M) | Time:00:01.41 | Mem:15.35M, Peak:15.35M | Scene, ViewLayer | Sample 192/192
Fra:1 Mem:45.72M (Peak 66.70M) | Time:00:01.41 | Mem:15.35M, Peak:15.35M | Scene, ViewLayer | Finished
Fra:1 Mem:29.56M (Peak 66.70M) | Time:00:01.41 | Compositing
Fra:1 Mem:29.56M (Peak 66.70M) | Time:00:01.41 | Compositing | Initializing execution
Fra:1 Mem:29.56M (Peak 66.70M) | Time:00:01.41 | Compositing | Operation 2-3
Fra:1 Mem:30.21M (Peak 66.70M) | Time:00:01.41 | Compositing | Operation 3-3
Fra:1 Mem:30.21M (Peak 66.70M) | Time:00:01.41 | Compositing | Operation 4-3
Saved: '/workspace/scratch/a51485f153de/art-work/v111-modular-environment/exports/moss_rock.png'
Time: 00:01.42 (Saving: 00:00.00)

Fra:1 Mem:29.35M (Peak 29.35M) | Time:00:00.00 | Mem:0.00M, Peak:0.00M | Scene, ViewLayer | Synchronizing object | moss_rock
Fra:1 Mem:29.35M (Peak 29.35M) | Time:00:00.00 | Mem:0.00M, Peak:0.00M | Scene, ViewLayer | Synchronizing object | neutral_shadow_receiver
Fra:1 Mem:30.69M (Peak 30.69M) | Time:00:00.01 | Mem:0.00M, Peak:0.00M | Scene, ViewLayer | Initializing
Fra:1 Mem:30.67M (Peak 30.69M) | Time:00:00.01 | Mem:0.00M, Peak:0.00M | Scene, ViewLayer | Updating Images | Loading rock_moss_set_01_diff
Fra:1 Mem:30.67M (Peak 30.69M) | Time:00:00.01 | Mem:0.00M, Peak:0.00M | Scene, ViewLayer | Updating Images | Loading rock_moss_set_01_rough
Fra:1 Mem:42.32M (Peak 66.70M) | Time:00:00.03 | Mem:12.00M, Peak:12.00M | Scene, ViewLayer | Waiting for render to start
Fra:1 Mem:42.32M (Peak 66.70M) | Time:00:00.03 | Mem:12.00M, Peak:12.00M | Scene, ViewLayer | Loading render kernels (may take a few minutes the first time)
Fra:1 Mem:42.32M (Peak 66.70M) | Time:00:00.03 | Mem:12.00M, Peak:12.00M | Scene, ViewLayer | Updating Scene
Fra:1 Mem:42.32M (Peak 66.70M) | Time:00:00.03 | Mem:12.00M, Peak:12.00M | Scene, ViewLayer | Updating Shaders
Fra:1 Mem:42.40M (Peak 66.70M) | Time:00:00.03 | Mem:12.00M, Peak:12.00M | Scene, ViewLayer | Updating Procedurals
Fra:1 Mem:42.40M (Peak 66.70M) | Time:00:00.03 | Mem:12.00M, Peak:12.00M | Scene, ViewLayer | Updating Background
Fra:1 Mem:42.40M (Peak 66.70M) | Time:00:00.03 | Mem:12.00M, Peak:12.00M | Scene, ViewLayer | Updating Camera
Fra:1 Mem:42.40M (Peak 66.70M) | Time:00:00.03 | Mem:12.00M, Peak:12.00M | Scene, ViewLayer | Updating Meshes Flags
Fra:1 Mem:42.40M (Peak 66.70M) | Time:00:00.03 | Mem:12.00M, Peak:12.00M | Scene, ViewLayer | Updating Objects
Fra:1 Mem:42.40M (Peak 66.70M) | Time:00:00.03 | Mem:12.00M, Peak:12.00M | Scene, ViewLayer | Updating Objects | Copying Transformations to device
Fra:1 Mem:42.40M (Peak 66.70M) | Time:00:00.03 | Mem:12.00M, Peak:12.00M | Scene, ViewLayer | Updating Objects | Applying Static Transformations
Fra:1 Mem:42.40M (Peak 66.70M) | Time:00:00.03 | Mem:12.00M, Peak:12.00M | Scene, ViewLayer | Updating Particle Systems
Fra:1 Mem:42.40M (Peak 66.70M) | Time:00:00.03 | Mem:12.00M, Peak:12.00M | Scene, ViewLayer | Updating Particle Systems | Copying Particles to device
Fra:1 Mem:42.40M (Peak 66.70M) | Time:00:00.03 | Mem:12.00M, Peak:12.00M | Scene, ViewLayer | Updating Meshes
Fra:1 Mem:42.57M (Peak 66.70M) | Time:00:00.03 | Mem:12.00M, Peak:12.00M | Scene, ViewLayer | Updating Mesh | Computing attributes
Fra:1 Mem:43.40M (Peak 66.70M) | Time:00:00.03 | Mem:12.00M, Peak:12.00M | Scene, ViewLayer | Updating Mesh | Copying Attributes to device
Fra:1 Mem:43.40M (Peak 66.70M) | Time:00:00.03 | Mem:12.83M, Peak:12.83M | Scene, ViewLayer | Updating Scene BVH | Building
Fra:1 Mem:43.40M (Peak 66.70M) | Time:00:00.03 | Mem:12.83M, Peak:12.83M | Scene, ViewLayer | Updating Scene BVH | Building BVH
Fra:1 Mem:43.40M (Peak 66.70M) | Time:00:00.03 | Mem:13.16M, Peak:13.16M | Scene, ViewLayer | Updating Scene BVH | Building BVH 0%
Fra:1 Mem:43.40M (Peak 66.70M) | Time:00:00.03 | Mem:13.53M, Peak:13.87M | Scene, ViewLayer | Updating Scene BVH | Copying BVH to device
Fra:1 Mem:43.40M (Peak 66.70M) | Time:00:00.03 | Mem:13.53M, Peak:13.87M | Scene, ViewLayer | Updating Mesh | Computing normals
Fra:1 Mem:43.79M (Peak 66.70M) | Time:00:00.03 | Mem:13.53M, Peak:13.87M | Scene, ViewLayer | Updating Mesh | Copying Mesh to device
Fra:1 Mem:43.79M (Peak 66.70M) | Time:00:00.03 | Mem:13.93M, Peak:13.93M | Scene, ViewLayer | Updating Objects Flags
Fra:1 Mem:43.79M (Peak 66.70M) | Time:00:00.03 | Mem:13.93M, Peak:13.93M | Scene, ViewLayer | Updating Primitive Offsets
Fra:1 Mem:43.79M (Peak 66.70M) | Time:00:00.03 | Mem:13.93M, Peak:13.93M | Scene, ViewLayer | Updating Images
Fra:1 Mem:43.79M (Peak 66.70M) | Time:00:00.03 | Mem:13.93M, Peak:13.93M | Scene, ViewLayer | Updating Camera Volume
Fra:1 Mem:43.79M (Peak 66.70M) | Time:00:00.03 | Mem:13.93M, Peak:13.93M | Scene, ViewLayer | Updating Lookup Tables
Fra:1 Mem:43.79M (Peak 66.70M) | Time:00:00.03 | Mem:14.01M, Peak:14.01M | Scene, ViewLayer | Updating Lights
Fra:1 Mem:43.79M (Peak 66.70M) | Time:00:00.03 | Mem:14.01M, Peak:14.01M | Scene, ViewLayer | Updating Lights | Computing tree
Fra:1 Mem:43.79M (Peak 66.70M) | Time:00:00.03 | Mem:14.01M, Peak:14.01M | Scene, ViewLayer | Updating Integrator
Fra:1 Mem:43.79M (Peak 66.70M) | Time:00:00.03 | Mem:14.01M, Peak:14.01M | Scene, ViewLayer | Updating Film
Fra:1 Mem:43.80M (Peak 66.70M) | Time:00:00.03 | Mem:13.93M, Peak:14.01M | Scene, ViewLayer | Updating Lookup Tables
Fra:1 Mem:43.80M (Peak 66.70M) | Time:00:00.03 | Mem:14.01M, Peak:14.01M | Scene, ViewLayer | Updating Baking
Fra:1 Mem:43.80M (Peak 66.70M) | Time:00:00.03 | Mem:14.01M, Peak:14.01M | Scene, ViewLayer | Updating Device | Writing constant memory
Fra:1 Mem:43.80M (Peak 66.70M) | Time:00:00.03 | Mem:14.01M, Peak:14.01M | Scene, ViewLayer | Sample 0/192
Fra:1 Mem:51.12M (Peak 66.70M) | Time:00:00.17 | Remaining:00:27.09 | Mem:21.34M, Peak:21.34M | Scene, ViewLayer | Sample 1/192
Fra:1 Mem:51.12M (Peak 66.70M) | Time:00:08.27 | Remaining:00:16.48 | Mem:21.34M, Peak:21.34M | Scene, ViewLayer | Sample 64/192
Fra:1 Mem:51.12M (Peak 66.70M) | Time:00:09.37 | Remaining:00:13.07 | Mem:21.34M, Peak:21.34M | Scene, ViewLayer | Sample 80/192
Fra:1 Mem:51.12M (Peak 66.70M) | Time:00:10.27 | Remaining:00:10.23 | Mem:21.34M, Peak:21.34M | Scene, ViewLayer | Sample 96/192
Fra:1 Mem:51.12M (Peak 66.70M) | Time:00:11.02 | Remaining:00:07.84 | Mem:21.34M, Peak:21.34M | Scene, ViewLayer | Sample 112/192
Fra:1 Mem:51.12M (Peak 66.70M) | Time:00:11.76 | Remaining:00:05.86 | Mem:21.34M, Peak:21.34M | Scene, ViewLayer | Sample 128/192
Fra:1 Mem:51.12M (Peak 66.70M) | Time:00:12.84 | Remaining:00:04.26 | Mem:21.34M, Peak:21.34M | Scene, ViewLayer | Sample 144/192
Fra:1 Mem:51.12M (Peak 66.70M) | Time:00:13.39 | Remaining:00:02.67 | Mem:21.34M, Peak:21.34M | Scene, ViewLayer | Sample 160/192
Fra:1 Mem:51.12M (Peak 66.70M) | Time:00:13.84 | Remaining:00:01.25 | Mem:21.34M, Peak:21.34M | Scene, ViewLayer | Sample 176/192
Fra:1 Mem:52.84M (Peak 66.70M) | Time:00:14.17 | Mem:21.34M, Peak:21.34M | Scene, ViewLayer | Sample 192/192
Fra:1 Mem:52.84M (Peak 66.70M) | Time:00:14.17 | Mem:21.34M, Peak:21.34M | Scene, ViewLayer | Finished
Fra:1 Mem:30.69M (Peak 66.70M) | Time:00:14.17 | Compositing
Fra:1 Mem:30.69M (Peak 66.70M) | Time:00:14.17 | Compositing | Initializing execution
Fra:1 Mem:30.69M (Peak 66.70M) | Time:00:14.17 | Compositing | Operation 2-11
Fra:1 Mem:30.69M (Peak 66.70M) | Time:00:14.17 | Compositing | Operation 3-11
Fra:1 Mem:31.19M (Peak 66.70M) | Time:00:14.17 | Compositing | Operation 4-11
Fra:1 Mem:31.19M (Peak 66.70M) | Time:00:14.17 | Compositing | Operation 5-11
Fra:1 Mem:31.19M (Peak 66.70M) | Time:00:14.17 | Compositing | Operation 6-11
Fra:1 Mem:31.19M (Peak 66.70M) | Time:00:14.17 | Compositing | Operation 7-11
Fra:1 Mem:31.19M (Peak 66.70M) | Time:00:14.17 | Compositing | Operation 8-11
Fra:1 Mem:31.19M (Peak 66.70M) | Time:00:14.17 | Compositing | Operation 9-11
Fra:1 Mem:31.19M (Peak 66.70M) | Time:00:14.17 | Compositing | Operation 10-11
Fra:1 Mem:32.48M (Peak 66.70M) | Time:00:14.18 | Compositing | Operation 11-11
Fra:1 Mem:32.48M (Peak 66.70M) | Time:00:14.18 | Compositing | Operation 12-11
Saved: '/workspace/scratch/a51485f153de/art-work/v111-modular-environment/exports/moss_rock_shadow.png'
Time: 00:14.23 (Saving: 00:00.04)

Fra:1 Mem:29.38M (Peak 29.38M) | Time:00:00.14 | Mem:0.00M, Peak:0.00M | Scene, ViewLayer | Synchronizing object | assembly_ground
Fra:1 Mem:33.14M (Peak 33.14M) | Time:00:00.23 | Mem:0.00M, Peak:0.00M | Scene, ViewLayer | Initializing
Fra:1 Mem:33.13M (Peak 33.14M) | Time:00:00.23 | Mem:0.00M, Peak:0.00M | Scene, ViewLayer | Updating Images | Loading medieval_blocks_05_nor_gl_1k.jpg
Fra:1 Mem:33.13M (Peak 33.14M) | Time:00:00.23 | Mem:0.00M, Peak:0.00M | Scene, ViewLayer | Updating Images | Loading forest_ground_04_diff_1k.jpg
Fra:1 Mem:37.13M (Peak 37.13M) | Time:00:00.23 | Mem:0.00M, Peak:0.00M | Scene, ViewLayer | Updating Images | Loading medieval_blocks_05_diff_1k.jpg
Fra:1 Mem:37.13M (Peak 37.13M) | Time:00:00.23 | Mem:0.00M, Peak:0.00M | Scene, ViewLayer | Updating Images | Loading aerial_grass_rock_diff_1k.jpg
Fra:1 Mem:49.15M (Peak 57.14M) | Time:00:00.27 | Mem:4.00M, Peak:4.00M | Scene, ViewLayer | Updating Images | Loading forest_ground_04_nor_gl_1k.jpg
Fra:1 Mem:61.15M (Peak 69.16M) | Time:00:00.30 | Mem:8.00M, Peak:8.00M | Scene, ViewLayer | Updating Images | Loading aerial_grass_rock_nor_gl_1k.jpg
Fra:1 Mem:56.74M (Peak 73.16M) | Time:00:00.54 | Mem:24.00M, Peak:24.00M | Scene, ViewLayer | Waiting for render to start
Fra:1 Mem:56.74M (Peak 73.16M) | Time:00:00.54 | Mem:24.00M, Peak:24.00M | Scene, ViewLayer | Loading render kernels (may take a few minutes the first time)
Fra:1 Mem:56.74M (Peak 73.16M) | Time:00:00.54 | Mem:24.00M, Peak:24.00M | Scene, ViewLayer | Updating Scene
Fra:1 Mem:56.74M (Peak 73.16M) | Time:00:00.54 | Mem:24.00M, Peak:24.00M | Scene, ViewLayer | Updating Shaders
Fra:1 Mem:56.82M (Peak 73.16M) | Time:00:00.54 | Mem:24.00M, Peak:24.00M | Scene, ViewLayer | Updating Procedurals
Fra:1 Mem:56.82M (Peak 73.16M) | Time:00:00.54 | Mem:24.00M, Peak:24.00M | Scene, ViewLayer | Updating Background
Fra:1 Mem:56.82M (Peak 73.16M) | Time:00:00.54 | Mem:24.00M, Peak:24.00M | Scene, ViewLayer | Updating Camera
Fra:1 Mem:56.82M (Peak 73.16M) | Time:00:00.54 | Mem:24.00M, Peak:24.00M | Scene, ViewLayer | Updating Meshes Flags
Fra:1 Mem:56.82M (Peak 73.16M) | Time:00:00.54 | Mem:24.00M, Peak:24.00M | Scene, ViewLayer | Updating Objects
Fra:1 Mem:56.82M (Peak 73.16M) | Time:00:00.54 | Mem:24.00M, Peak:24.00M | Scene, ViewLayer | Updating Objects | Copying Transformations to device
Fra:1 Mem:56.82M (Peak 73.16M) | Time:00:00.54 | Mem:24.00M, Peak:24.00M | Scene, ViewLayer | Updating Objects | Applying Static Transformations
Fra:1 Mem:56.82M (Peak 73.16M) | Time:00:00.54 | Mem:24.00M, Peak:24.00M | Scene, ViewLayer | Updating Particle Systems
Fra:1 Mem:56.82M (Peak 73.16M) | Time:00:00.54 | Mem:24.00M, Peak:24.00M | Scene, ViewLayer | Updating Particle Systems | Copying Particles to device
Fra:1 Mem:56.82M (Peak 73.16M) | Time:00:00.54 | Mem:24.00M, Peak:24.00M | Scene, ViewLayer | Updating Meshes
Fra:1 Mem:57.51M (Peak 73.16M) | Time:00:00.54 | Mem:24.00M, Peak:24.00M | Scene, ViewLayer | Updating Mesh | Computing attributes
Fra:1 Mem:58.12M (Peak 73.16M) | Time:00:00.54 | Mem:24.00M, Peak:24.00M | Scene, ViewLayer | Updating Mesh | Copying Attributes to device
Fra:1 Mem:58.12M (Peak 73.16M) | Time:00:00.54 | Mem:24.61M, Peak:24.61M | Scene, ViewLayer | Updating Scene BVH | Building
Fra:1 Mem:58.12M (Peak 73.16M) | Time:00:00.54 | Mem:24.61M, Peak:24.61M | Scene, ViewLayer | Updating Scene BVH | Building BVH
Fra:1 Mem:58.12M (Peak 73.16M) | Time:00:00.54 | Mem:25.98M, Peak:25.98M | Scene, ViewLayer | Updating Scene BVH | Building BVH 0%
Fra:1 Mem:58.12M (Peak 73.16M) | Time:00:00.55 | Mem:27.48M, Peak:28.86M | Scene, ViewLayer | Updating Scene BVH | Copying BVH to device
Fra:1 Mem:58.12M (Peak 73.16M) | Time:00:00.55 | Mem:27.48M, Peak:28.86M | Scene, ViewLayer | Updating Mesh | Computing normals
Fra:1 Mem:59.67M (Peak 73.16M) | Time:00:00.55 | Mem:27.48M, Peak:28.86M | Scene, ViewLayer | Updating Mesh | Copying Mesh to device
Fra:1 Mem:59.67M (Peak 73.16M) | Time:00:00.55 | Mem:29.04M, Peak:29.04M | Scene, ViewLayer | Updating Objects Flags
Fra:1 Mem:59.67M (Peak 73.16M) | Time:00:00.55 | Mem:29.04M, Peak:29.04M | Scene, ViewLayer | Updating Primitive Offsets
Fra:1 Mem:59.67M (Peak 73.16M) | Time:00:00.55 | Mem:29.04M, Peak:29.04M | Scene, ViewLayer | Updating Images
Fra:1 Mem:59.67M (Peak 73.16M) | Time:00:00.55 | Mem:29.04M, Peak:29.04M | Scene, ViewLayer | Updating Camera Volume
Fra:1 Mem:59.67M (Peak 73.16M) | Time:00:00.55 | Mem:29.04M, Peak:29.04M | Scene, ViewLayer | Updating Lookup Tables
Fra:1 Mem:59.67M (Peak 73.16M) | Time:00:00.55 | Mem:29.12M, Peak:29.12M | Scene, ViewLayer | Updating Lights
Fra:1 Mem:59.67M (Peak 73.16M) | Time:00:00.55 | Mem:29.12M, Peak:29.12M | Scene, ViewLayer | Updating Lights | Computing tree
Fra:1 Mem:59.67M (Peak 73.16M) | Time:00:00.55 | Mem:29.12M, Peak:29.12M | Scene, ViewLayer | Updating Integrator
Fra:1 Mem:59.67M (Peak 73.16M) | Time:00:00.55 | Mem:29.12M, Peak:29.12M | Scene, ViewLayer | Updating Film
Fra:1 Mem:59.68M (Peak 73.16M) | Time:00:00.55 | Mem:29.04M, Peak:29.12M | Scene, ViewLayer | Updating Lookup Tables
Fra:1 Mem:59.68M (Peak 73.16M) | Time:00:00.55 | Mem:29.12M, Peak:29.12M | Scene, ViewLayer | Updating Baking
Fra:1 Mem:59.68M (Peak 73.16M) | Time:00:00.55 | Mem:29.12M, Peak:29.12M | Scene, ViewLayer | Updating Device | Writing constant memory
Fra:1 Mem:59.68M (Peak 73.16M) | Time:00:00.55 | Mem:29.12M, Peak:29.12M | Scene, ViewLayer | Sample 0/192
Fra:1 Mem:91.33M (Peak 91.33M) | Time:00:01.38 | Remaining:02:39.06 | Mem:60.77M, Peak:60.77M | Scene, ViewLayer | Sample 1/192
Fra:1 Mem:91.33M (Peak 91.33M) | Time:00:28.48 | Remaining:02:14.56 | Mem:60.77M, Peak:60.77M | Scene, ViewLayer | Sample 33/192
Fra:1 Mem:91.33M (Peak 91.33M) | Time:00:54.35 | Remaining:01:47.60 | Mem:60.77M, Peak:60.77M | Scene, ViewLayer | Sample 64/192
Fra:1 Mem:91.33M (Peak 91.33M) | Time:00:54.61 | Remaining:01:15.69 | Mem:60.77M, Peak:60.77M | Scene, ViewLayer | Sample 80/192
Fra:1 Mem:91.33M (Peak 91.33M) | Time:00:54.74 | Remaining:00:54.18 | Mem:60.77M, Peak:60.77M | Scene, ViewLayer | Sample 96/192
Fra:1 Mem:91.33M (Peak 91.33M) | Time:00:54.81 | Remaining:00:38.76 | Mem:60.77M, Peak:60.77M | Scene, ViewLayer | Sample 112/192
Fra:1 Mem:91.33M (Peak 91.33M) | Time:00:54.87 | Remaining:00:27.16 | Mem:60.77M, Peak:60.77M | Scene, ViewLayer | Sample 128/192
Fra:1 Mem:91.33M (Peak 91.33M) | Time:00:54.91 | Remaining:00:18.12 | Mem:60.77M, Peak:60.77M | Scene, ViewLayer | Sample 144/192
Fra:1 Mem:91.33M (Peak 91.33M) | Time:00:54.96 | Remaining:00:10.88 | Mem:60.77M, Peak:60.77M | Scene, ViewLayer | Sample 160/192
Fra:1 Mem:91.33M (Peak 91.33M) | Time:00:55.01 | Remaining:00:04.95 | Mem:60.77M, Peak:60.77M | Scene, ViewLayer | Sample 176/192
Fra:1 Mem:105.40M (Peak 133.52M) | Time:00:55.09 | Mem:60.77M, Peak:60.77M | Scene, ViewLayer | Sample 192/192
Fra:1 Mem:105.40M (Peak 133.52M) | Time:00:55.09 | Mem:60.77M, Peak:60.77M | Scene, ViewLayer | Finished
Fra:1 Mem:44.67M (Peak 133.52M) | Time:00:55.09 | Compositing
Fra:1 Mem:44.67M (Peak 133.52M) | Time:00:55.09 | Compositing | Initializing execution
Fra:1 Mem:44.67M (Peak 133.52M) | Time:00:55.09 | Compositing | Operation 2-3
Fra:1 Mem:58.80M (Peak 133.52M) | Time:00:55.10 | Compositing | Operation 3-3
Fra:1 Mem:58.80M (Peak 133.52M) | Time:00:55.10 | Compositing | Operation 4-3
Saved: '/workspace/scratch/a51485f153de/art-work/v111-modular-environment/qa/assembly-ground.png'
Time: 00:55.32 (Saving: 00:00.21)

ALL_MODULE_EXPORTS_COMPLETE

Blender quit
