Blender 4.3.2
Read blend: "/workspace/scratch/a51485f153de/art-work/v108-professional-environment/sunlit-ruins-environment.blend"
Fra:1 Mem:27.24M (Peak 27.24M) | Time:00:00.01 | Mem:0.00M, Peak:0.00M | Scene, ViewLayer | Synchronizing object | short_wall
Fra:1 Mem:27.24M (Peak 27.24M) | Time:00:00.01 | Mem:0.00M, Peak:0.00M | Scene, ViewLayer | Synchronizing object | neutral_shadow_receiver
Fra:1 Mem:29.34M (Peak 29.34M) | Time:00:00.01 | Mem:0.00M, Peak:0.00M | Scene, ViewLayer | Initializing
Fra:1 Mem:29.33M (Peak 29.34M) | Time:00:00.01 | Mem:0.00M, Peak:0.00M | Scene, ViewLayer | Updating Images | Loading modular_fort_01_trim_nor_gl
Fra:1 Mem:29.33M (Peak 29.34M) | Time:00:00.01 | Mem:0.00M, Peak:0.00M | Scene, ViewLayer | Updating Images | Loading modular_fort_01_wall_diff
Fra:1 Mem:29.33M (Peak 29.34M) | Time:00:00.01 | Mem:0.00M, Peak:0.00M | Scene, ViewLayer | Updating Images | Loading modular_fort_01_wall_nor_gl
Fra:1 Mem:69.37M (Peak 77.36M) | Time:00:00.03 | Mem:4.00M, Peak:4.00M | Scene, ViewLayer | Updating Images | Loading modular_fort_01_trim_rough
Fra:1 Mem:65.36M (Peak 77.36M) | Time:00:00.04 | Mem:8.00M, Peak:8.00M | Scene, ViewLayer | Updating Images | Loading modular_fort_01_trim_diff
Fra:1 Mem:52.93M (Peak 77.36M) | Time:00:00.06 | Mem:24.00M, Peak:24.00M | Scene, ViewLayer | Waiting for render to start
Fra:1 Mem:52.93M (Peak 77.36M) | Time:00:00.06 | Mem:24.00M, Peak:24.00M | Scene, ViewLayer | Loading render kernels (may take a few minutes the first time)
Fra:1 Mem:52.93M (Peak 77.36M) | Time:00:00.06 | Mem:24.00M, Peak:24.00M | Scene, ViewLayer | Updating Scene
Fra:1 Mem:52.93M (Peak 77.36M) | Time:00:00.06 | Mem:24.00M, Peak:24.00M | Scene, ViewLayer | Updating Shaders
Fra:1 Mem:53.02M (Peak 77.36M) | Time:00:00.06 | Mem:24.00M, Peak:24.00M | Scene, ViewLayer | Updating Procedurals
Fra:1 Mem:53.02M (Peak 77.36M) | Time:00:00.06 | Mem:24.00M, Peak:24.00M | Scene, ViewLayer | Updating Background
Fra:1 Mem:53.02M (Peak 77.36M) | Time:00:00.06 | Mem:24.00M, Peak:24.00M | Scene, ViewLayer | Updating Camera
Fra:1 Mem:53.02M (Peak 77.36M) | Time:00:00.06 | Mem:24.00M, Peak:24.00M | Scene, ViewLayer | Updating Meshes Flags
Fra:1 Mem:53.02M (Peak 77.36M) | Time:00:00.06 | Mem:24.00M, Peak:24.00M | Scene, ViewLayer | Updating Objects
Fra:1 Mem:53.02M (Peak 77.36M) | Time:00:00.06 | Mem:24.00M, Peak:24.00M | Scene, ViewLayer | Updating Objects | Copying Transformations to device
Fra:1 Mem:53.02M (Peak 77.36M) | Time:00:00.06 | Mem:24.00M, Peak:24.00M | Scene, ViewLayer | Updating Objects | Applying Static Transformations
Fra:1 Mem:53.02M (Peak 77.36M) | Time:00:00.06 | Mem:24.00M, Peak:24.00M | Scene, ViewLayer | Updating Particle Systems
Fra:1 Mem:53.02M (Peak 77.36M) | Time:00:00.06 | Mem:24.00M, Peak:24.00M | Scene, ViewLayer | Updating Particle Systems | Copying Particles to device
Fra:1 Mem:53.02M (Peak 77.36M) | Time:00:00.06 | Mem:24.00M, Peak:24.00M | Scene, ViewLayer | Updating Meshes
Fra:1 Mem:53.02M (Peak 77.36M) | Time:00:00.06 | Mem:24.00M, Peak:24.00M | Scene, ViewLayer | Updating Mesh | Computing attributes
Fra:1 Mem:53.06M (Peak 77.36M) | Time:00:00.06 | Mem:24.00M, Peak:24.00M | Scene, ViewLayer | Updating Mesh | Copying Attributes to device
Fra:1 Mem:53.06M (Peak 77.36M) | Time:00:00.06 | Mem:24.04M, Peak:24.04M | Scene, ViewLayer | Updating Scene BVH | Building
Fra:1 Mem:53.06M (Peak 77.36M) | Time:00:00.06 | Mem:24.04M, Peak:24.04M | Scene, ViewLayer | Updating Scene BVH | Building BVH
Fra:1 Mem:53.06M (Peak 77.36M) | Time:00:00.06 | Mem:24.05M, Peak:24.05M | Scene, ViewLayer | Updating Scene BVH | Building BVH 0%
Fra:1 Mem:53.06M (Peak 77.36M) | Time:00:00.06 | Mem:24.07M, Peak:24.08M | Scene, ViewLayer | Updating Scene BVH | Copying BVH to device
Fra:1 Mem:53.06M (Peak 77.36M) | Time:00:00.06 | Mem:24.07M, Peak:24.08M | Scene, ViewLayer | Updating Mesh | Computing normals
Fra:1 Mem:53.08M (Peak 77.36M) | Time:00:00.06 | Mem:24.07M, Peak:24.08M | Scene, ViewLayer | Updating Mesh | Copying Mesh to device
Fra:1 Mem:53.08M (Peak 77.36M) | Time:00:00.06 | Mem:24.08M, Peak:24.08M | Scene, ViewLayer | Updating Objects Flags
Fra:1 Mem:53.08M (Peak 77.36M) | Time:00:00.06 | Mem:24.08M, Peak:24.08M | Scene, ViewLayer | Updating Primitive Offsets
Fra:1 Mem:53.08M (Peak 77.36M) | Time:00:00.06 | Mem:24.08M, Peak:24.08M | Scene, ViewLayer | Updating Images
Fra:1 Mem:53.08M (Peak 77.36M) | Time:00:00.06 | Mem:24.08M, Peak:24.08M | Scene, ViewLayer | Updating Camera Volume
Fra:1 Mem:53.08M (Peak 77.36M) | Time:00:00.06 | Mem:24.08M, Peak:24.08M | Scene, ViewLayer | Updating Lookup Tables
Fra:1 Mem:53.08M (Peak 77.36M) | Time:00:00.06 | Mem:24.17M, Peak:24.17M | Scene, ViewLayer | Updating Lights
Fra:1 Mem:53.08M (Peak 77.36M) | Time:00:00.06 | Mem:24.17M, Peak:24.17M | Scene, ViewLayer | Updating Lights | Computing tree
Fra:1 Mem:53.08M (Peak 77.36M) | Time:00:00.06 | Mem:24.17M, Peak:24.17M | Scene, ViewLayer | Updating Integrator
Fra:1 Mem:53.08M (Peak 77.36M) | Time:00:00.06 | Mem:24.17M, Peak:24.17M | Scene, ViewLayer | Updating Film
Fra:1 Mem:53.08M (Peak 77.36M) | Time:00:00.06 | Mem:24.09M, Peak:24.17M | Scene, ViewLayer | Updating Lookup Tables
Fra:1 Mem:53.08M (Peak 77.36M) | Time:00:00.06 | Mem:24.17M, Peak:24.17M | Scene, ViewLayer | Updating Baking
Fra:1 Mem:53.08M (Peak 77.36M) | Time:00:00.06 | Mem:24.17M, Peak:24.17M | Scene, ViewLayer | Updating Device | Writing constant memory
Fra:1 Mem:53.08M (Peak 77.36M) | Time:00:00.06 | Mem:24.17M, Peak:24.17M | Scene, ViewLayer | Sample 0/64
Fra:1 Mem:63.48M (Peak 77.36M) | Time:00:00.24 | Remaining:00:11.33 | Mem:34.56M, Peak:34.56M | Scene, ViewLayer | Sample 1/64
Fra:1 Mem:65.92M (Peak 77.36M) | Time:00:10.05 | Mem:34.56M, Peak:34.56M | Scene, ViewLayer | Sample 64/64
Fra:1 Mem:65.92M (Peak 77.36M) | Time:00:10.05 | Mem:34.56M, Peak:34.56M | Scene, ViewLayer | Finished
Saved: '/workspace/scratch/a51485f153de/art-work/v111-modular-environment/qa/shadow-catcher-probe.png'
Time: 00:10.39 (Saving: 00:00.33)

Info: Deleted 62 data-block(s)
Info: No new files have been packed
Info: Saved "modules.blend"
MODULE_SOURCE_READY

Blender quit
