Godot Engine v4.6.3.stable.official.7d41c59c4 - https://godotengine.org

godot-game: playable arena ready
ERROR: right-click ring target choice: Selected ring-two save failure reports reason and preserves complete memory/disk/UIDs
   at: push_error (core/variant/variant_utility.cpp:1024)
   GDScript backtrace (most recent call first):
       [0] check (res://tests/formal_boss_equipment_recovery_test.gd:46)
       [1] run (res://tests/ring_replacement_choice_test.gd:107)
       [2] choose (res://tests/ring_replacement_choice_test.gd:56)
       [3] frames (res://tests/recovery_item_comparison_test.gd:9)
ERROR: right-click ring target choice: Actual target selection replaces ring two while preserving ring one
   at: push_error (core/variant/variant_utility.cpp:1024)
   GDScript backtrace (most recent call first):
       [0] check (res://tests/formal_boss_equipment_recovery_test.gd:46)
       [1] run (res://tests/ring_replacement_choice_test.gd:114)
       [2] choose (res://tests/ring_replacement_choice_test.gd:56)
       [3] frames (res://tests/recovery_item_comparison_test.gd:9)
ERROR: right-click ring target choice: Full bag swaps displaced original ring into vacated candidate cell
   at: push_error (core/variant/variant_utility.cpp:1024)
   GDScript backtrace (most recent call first):
       [0] check (res://tests/formal_boss_equipment_recovery_test.gd:46)
       [1] run (res://tests/ring_replacement_choice_test.gd:115)
       [2] choose (res://tests/ring_replacement_choice_test.gd:56)
       [3] frames (res://tests/recovery_item_comparison_test.gd:9)
ERROR: right-click ring target choice: Replacing controlled high-stat ring produces real lower resource caps
   at: push_error (core/variant/variant_utility.cpp:1024)
   GDScript backtrace (most recent call first):
       [0] check (res://tests/formal_boss_equipment_recovery_test.gd:46)
       [1] run (res://tests/ring_replacement_choice_test.gd:117)
       [2] choose (res://tests/ring_replacement_choice_test.gd:56)
       [3] frames (res://tests/recovery_item_comparison_test.gd:9)
SCRIPT ERROR: Invalid access to property or key 'page' on a base object of type 'Dictionary'.
          at: activate (res://tests/ring_replacement_choice_test.gd:40)
          GDScript backtrace (most recent call first):
              [0] activate (res://tests/ring_replacement_choice_test.gd:40)
              [1] run (res://tests/ring_replacement_choice_test.gd:122)
              [2] choose (res://tests/ring_replacement_choice_test.gd:56)
              [3] frames (res://tests/recovery_item_comparison_test.gd:9)
SCRIPT ERROR: Invalid access to property or key 'page' on a base object of type 'Dictionary'.
          at: activate (res://tests/ring_replacement_choice_test.gd:40)
          GDScript backtrace (most recent call first):
              [0] activate (res://tests/ring_replacement_choice_test.gd:40)
              [1] run (res://tests/ring_replacement_choice_test.gd:128)
              [2] frames (res://tests/recovery_item_comparison_test.gd:9)
Ring replacement: 36 checks, 4 failures
