Godot Engine v4.6.3.stable.official.7d41c59c4 - https://godotengine.org

godot-game: playable arena ready
ERROR: right-click ring target choice: Lawful pre-owned ring fixture admitted without replacing existing items
   at: push_error (core/variant/variant_utility.cpp:1024)
   GDScript backtrace (most recent call first):
       [0] check (res://tests/formal_boss_equipment_recovery_test.gd:46)
       [1] owned_ring (res://tests/ring_replacement_choice_test.gd:22)
       [2] run (res://tests/ring_replacement_choice_test.gd:67)
       [3] fresh (res://tests/formal_boss_equipment_recovery_test.gd:80)
ERROR: right-click ring target choice: Equip pre-owned ring_1: 物品已变化。
   at: push_error (core/variant/variant_utility.cpp:1024)
   GDScript backtrace (most recent call first):
       [0] check (res://tests/formal_boss_equipment_recovery_test.gd:46)
       [1] accepted (res://tests/formal_boss_equipment_recovery_test.gd:49)
       [2] run (res://tests/ring_replacement_choice_test.gd:68)
       [3] fresh (res://tests/formal_boss_equipment_recovery_test.gd:80)
ERROR: right-click ring target choice: Lawful pre-owned ring fixture admitted without replacing existing items
   at: push_error (core/variant/variant_utility.cpp:1024)
   GDScript backtrace (most recent call first):
       [0] check (res://tests/formal_boss_equipment_recovery_test.gd:46)
       [1] owned_ring (res://tests/ring_replacement_choice_test.gd:22)
       [2] run (res://tests/ring_replacement_choice_test.gd:67)
       [3] fresh (res://tests/formal_boss_equipment_recovery_test.gd:80)
ERROR: right-click ring target choice: Equip pre-owned ring_2: 物品已变化。
   at: push_error (core/variant/variant_utility.cpp:1024)
   GDScript backtrace (most recent call first):
       [0] check (res://tests/formal_boss_equipment_recovery_test.gd:46)
       [1] accepted (res://tests/formal_boss_equipment_recovery_test.gd:49)
       [2] run (res://tests/ring_replacement_choice_test.gd:68)
       [3] fresh (res://tests/formal_boss_equipment_recovery_test.gd:80)
SCRIPT ERROR: Invalid access to property or key 'health' on a base object of type 'Dictionary'.
          at: kill (res://tests/formal_boss_equipment_recovery_test.gd:88)
          GDScript backtrace (most recent call first):
              [0] kill (res://tests/formal_boss_equipment_recovery_test.gd:88)
              [1] run (res://tests/ring_replacement_choice_test.gd:69)
              [2] fresh (res://tests/formal_boss_equipment_recovery_test.gd:80)
ERROR: right-click ring target choice: Actual registered boss awards one original equipment roll
   at: push_error (core/variant/variant_utility.cpp:1024)
   GDScript backtrace (most recent call first):
       [0] check (res://tests/formal_boss_equipment_recovery_test.gd:46)
       [1] run (res://tests/ring_replacement_choice_test.gd:70)
       [2] fresh (res://tests/formal_boss_equipment_recovery_test.gd:80)
Ring replacement: 10 checks, 5 failures
