Font coverage: 931 Han / 1051 printable characters in 143 runtime files + pinned crafting strings; 1049 mapped; 874 baseline characters retained
missing: '东' U+4E1C
  scripts/world/map_camp_layout.gd:8
missing: '北' U+5317
  scripts/world/map_camp_layout.gd:8
missing: '员' U+5458
  scripts/world/map_camp_admission.gd:46
  scripts/world/map_camp_admission.gd:48
  scripts/world/map_camp_admission.gd:53
  scripts/world/map_camp_admission.gd:55
  scripts/world/map_camp_admission.gd:59
  scripts/world/map_camp_admission.gd:61
  scripts/world/map_camp_admission.gd:64
missing: '推' U+63A8
  scripts/world/map_catalog.gd:6
missing: '牌' U+724C
  scripts/world/map_catalog.gd:5
missing: '营' U+8425
  scripts/world/map_camp_admission.gd:22
  scripts/world/map_camp_admission.gd:24
  scripts/world/map_camp_admission.gd:26
  scripts/world/map_camp_admission.gd:28
  scripts/world/map_camp_admission.gd:31
  scripts/world/map_camp_admission.gd:33
  scripts/world/map_camp_admission.gd:37
  scripts/world/map_camp_admission.gd:39
  scripts/world/map_camp_admission.gd:46
  scripts/world/map_camp_admission.gd:48
  scripts/world/map_camp_admission.gd:50
  scripts/world/map_camp_admission.gd:53
  scripts/world/map_camp_admission.gd:55
  scripts/world/map_camp_admission.gd:59
  scripts/world/map_camp_admission.gd:61
  scripts/world/map_camp_admission.gd:64
missing: '西' U+897F
  scripts/world/map_camp_layout.gd:8
missing: '靠' U+9760
  scripts/world/map_catalog.gd:5
Same-source unsupported symbols (existing fallback): ⌁ U+2301 ◈ U+25C8
FAIL
